<html>
<body>
<pre>
<h1>µVision Build Log</h1>
<h2>Tool Versions:</h2>
IDE-Version: ¦ÌVision V5.30.0.0
Copyright (C) 2020 ARM Ltd and ARM Germany GmbH. All rights reserved.
License Information: l wm, hust, LIC=X1E4T-RJNU2-INMA7-ES4DX-ZWPZU-KL24V
 
Tool Versions:
Toolchain:       MDK-ARM Professional  Version: 5.30.0.0
Toolchain Path:  D:\LangYa\Software\Keil\Keil5\ARM\ARMCC\Bin
C Compiler:      Armcc.exe V5.06 update 6 (build 750)
Assembler:       Armasm.exe V5.06 update 6 (build 750)
Linker/Locator:  ArmLink.exe V5.06 update 6 (build 750)
Library Manager: ArmAr.exe V5.06 update 6 (build 750)
Hex Converter:   FromElf.exe V5.06 update 6 (build 750)
CPU DLL:         SARMCM3.DLL V5.30.0.0
Dialog DLL:      DCM.DLL V1.17.3.0
Target DLL:      CMSIS_AGDI.dll V1.32.5.0
Dialog DLL:      TCM.DLL V1.42.0.0
 
<h2>Project:</h2>
C:\Users\lwmin\Desktop\RMUL\Game\5_25Ð¡×éÈü\Chassis_5.22\Chassis\ChassisV1.0\F405_Chassis\User\HUST RM .uvprojx
Project File Date:  05/05/2023

<h2>Output:</h2>
*** Using Compiler 'V5.06 update 6 (build 750)', folder: 'D:\LangYa\Software\Keil\Keil5\ARM\ARMCC\Bin'
Build target 'Target 1'
compiling Navi_Path.c...
compiling FIR.c...
..\Algorithm\FIR.c(45): warning:  #1035-D: single-precision operand implicitly converted to double-precision
      *output=(1-K_Low_setchassis)*(*output)+K_Low_setchassis*In;   
..\Algorithm\FIR.c(55): warning:  #1035-D: single-precision operand implicitly converted to double-precision
    past=(1-K_Low_setwheel)*past+K_Low_setwheel*In;
..\Algorithm\FIR.c(69): warning:  #1-D: last line of file ends without a newline
  }
..\Algorithm\FIR.c: 3 warnings, 0 errors
compiling algo_HeatControl.c...
compiling pid.c...
compiling algorithmOfCRC.c...
compiling main.c...
compiling Path.c...
..\Algorithm\Path.c(3207): warning:  #1-D: last line of file ends without a newline
  };
..\Algorithm\Path.c: 1 warning, 0 errors
compiling DataReceiveTask.c...
..\Task\DataReceiveTask.c(166): warning:  #177-D: variable "i"  was declared but never referenced
  							int i = 0;
..\Task\DataReceiveTask.c: 1 warning, 0 errors
compiling StartTask.c...
compiling JudgeTask.c...
compiling DataSendTask.c...
compiling ZeroCheckTask.c...
compiling task_ins.c...
compiling task_ActionUpdate.c...
..\Task\task_ActionUpdate.c(169): warning:  #1-D: last line of file ends without a newline
  }
..\Task\task_ActionUpdate.c: 1 warning, 0 errors
compiling CPU_Task.c...
compiling ChassisTask.c...
..\Task\ChassisTask.c(122): warning:  #177-D: variable "k_ExcessPower"  was declared but never referenced
  	static float k_ExcessPower;
..\Task\ChassisTask.c(534): warning:  #177-D: variable "angle"  was declared but never referenced
  	int angle;
..\Task\ChassisTask.c(782): warning:  #177-D: variable "Toword"  was declared but never referenced
  	static uint8_t Toword = 1;
..\Task\ChassisTask.c: 3 warnings, 0 errors
compiling tim4.c...
compiling ChassisYawTask.c...
compiling tim2.c...
compiling can1.c...
compiling ina260.c...
..\Hardware\ina260.c(22): warning:  #1035-D: single-precision operand implicitly converted to double-precision
  	INA260_1.Current = LSB_VOLTAGE*Cur;
..\Hardware\ina260.c(24): warning:  #1035-D: single-precision operand implicitly converted to double-precision
  	INA260_2.Current = LSB_CURRENT*Cur;
..\Hardware\ina260.c(36): warning:  #1035-D: single-precision operand implicitly converted to double-precision
  	INA260_1.Voltage = LSB_VOLTAGE*Vol;
..\Hardware\ina260.c(38): warning:  #1035-D: single-precision operand implicitly converted to double-precision
  	INA260_2.Voltage = LSB_VOLTAGE*Vol;
..\Hardware\ina260.c: 4 warnings, 0 errors
compiling dac.c...
compiling can2.c...
compiling i2c.c...
compiling uart4.c...
..\Hardware\uart4.c(18): warning:  #177-D: variable "dma"  was declared but never referenced
  	DMA_InitTypeDef   dma;
..\Hardware\uart4.c: 1 warning, 0 errors
compiling usart2.c...
compiling RMD_L_CONTROL.c...
compiling bsp_spi_sdcard.c...
linking...
Program Size: Code=38896 RO-data=89076 RW-data=876 ZI-data=28612  
".\Objects\HUST RM.axf" - 0 Error(s), 14 Warning(s).

<h2>Software Packages used:</h2>

Package Vendor: ARM
                http://www.keil.com/pack/ARM.CMSIS.5.7.0.pack
                ARM.CMSIS.5.7.0
                CMSIS (Cortex Microcontroller Software Interface Standard)
   * Component: DSP Variant: Library Version: 1.8.0

Package Vendor: Keil
                http://www.keil.com/pack/Keil.STM32F4xx_DFP.2.16.0.pack
                Keil.STM32F4xx_DFP.2.16.0
                STMicroelectronics STM32F4 Series Device Support, Drivers and Examples

<h2>Collection of Component include folders:</h2>
  .\RTE\_Target_1
  D:\LangYa\Software\Keil\Arm\ARM\CMSIS\5.7.0\CMSIS\DSP\Include
  D:\LangYa\Software\Keil\Arm\Keil\STM32F4xx_DFP\2.16.0\Drivers\CMSIS\Device\ST\STM32F4xx\Include

<h2>Collection of Component Files used:</h2>

   * Component: ARM::CMSIS:DSP:Library:1.8.0
      Include file:  CMSIS\DSP\Include\arm_math.h
      Library file:  CMSIS\DSP\Lib\ARM\arm_cortexM4lf_math.lib
Build Time Elapsed:  00:00:07
</pre>
</body>
</html>
