Component: ARM Compiler 5.06 update 6 (build 750) Tool: armlink [4d35ed]

==============================================================================

Section Cross References

    main.o(i.BSP_Init) refers to can1.o(i.CAN1_Configuration) for CAN1_Configuration
    main.o(i.BSP_Init) refers to can2.o(i.CAN2_Configuration) for CAN2_Configuration
    main.o(i.BSP_Init) refers to usart2.o(i.VOFA_USART_Configuration) for VOFA_USART_Configuration
    main.o(i.BSP_Init) refers to uart4.o(i.UART4_Configuration) for UART4_Configuration
    main.o(i.BSP_Init) refers to tim2.o(i.TIM2_Configuration) for TIM2_Configuration
    main.o(i.BSP_Init) refers to counter.o(i.COUNTER_Configuration) for COUNTER_Configuration
    main.o(i.BSP_Init) refers to tim4.o(i.TIM4_Configuration) for TIM4_Configuration
    main.o(i.BSP_Init) refers to i2c.o(i.i2c_init) for i2c_init
    main.o(i.BSP_Init) refers to tim2.o(i.delay_ms) for delay_ms
    main.o(i.Judge_Rst) refers to datareceivetask.o(.bss) for JudgeReceive
    main.o(i.Offline_Check_task) refers to datareceivetask.o(i.RC_Rst) for RC_Rst
    main.o(i.Offline_Check_task) refers to main.o(i.Judge_Rst) for Judge_Rst
    main.o(i.Offline_Check_task) refers to iwdg.o(i.IWDG_Feed) for IWDG_Feed
    main.o(i.Offline_Check_task) refers to tasks.o(i.vTaskDelay) for vTaskDelay
    main.o(i.Offline_Check_task) refers to tasks.o(i.uxTaskGetStackHighWaterMark) for uxTaskGetStackHighWaterMark
    main.o(i.Offline_Check_task) refers to main.o(.bss) for Robot_Disconnect
    main.o(i.Offline_Check_task) refers to main.o(.data) for Judge_Lost
    main.o(i.Robot_Init) refers to ins.o(i.INS_Init) for INS_Init
    main.o(i.Robot_Init) refers to icm20602.o(i.ICM20602_init) for ICM20602_init
    main.o(i.Robot_Init) refers to chassistask.o(i.Pid_ChassisWheelInit) for Pid_ChassisWheelInit
    main.o(i.Robot_Init) refers to chassisyawtask.o(i.ChassisYaw_Init) for ChassisYaw_Init
    main.o(i.Robot_Init) refers to navi_path.o(i.PathInit) for PathInit
    main.o(i.Robot_Init) refers to tim2.o(i.delay_ms) for delay_ms
    main.o(i.Robot_Init) refers to task_ins.o(.bss) for IMUData
    main.o(i.main) refers to main.o(i.BSP_Init) for BSP_Init
    main.o(i.main) refers to main.o(i.Robot_Init) for Robot_Init
    main.o(i.main) refers to starttask.o(i.startTast) for startTast
    main.o(i.main) refers to tasks.o(i.vTaskStartScheduler) for vTaskStartScheduler
    stm32f4xx_it.o(i.SysTick_Handler) refers to port.o(i.xPortSysTickHandler) for xPortSysTickHandler
    system_stm32f4xx.o(i.SystemCoreClockUpdate) refers to system_stm32f4xx.o(.data) for SystemCoreClock
    system_stm32f4xx.o(i.SystemInit) refers to system_stm32f4xx.o(i.SetSysClock) for SetSysClock
    algorithmofcrc.o(i.Append_CRC16_Check_Sum) refers to algorithmofcrc.o(i.Get_CRC16_Check_Sum) for Get_CRC16_Check_Sum
    algorithmofcrc.o(i.Append_CRC16_Check_Sum) refers to algorithmofcrc.o(.data) for CRC_INIT
    algorithmofcrc.o(i.Append_CRC8_Check_Sum) refers to algorithmofcrc.o(i.Get_CRC8_Check_Sum) for Get_CRC8_Check_Sum
    algorithmofcrc.o(i.Get_CRC16_Check_Sum) refers to algorithmofcrc.o(.constdata) for wCRC_Table
    algorithmofcrc.o(i.Get_CRC8_Check_Sum) refers to algorithmofcrc.o(.constdata) for CRC8_TAB
    algorithmofcrc.o(i.Verify_CRC16_Check_Sum) refers to algorithmofcrc.o(i.Get_CRC16_Check_Sum) for Get_CRC16_Check_Sum
    algorithmofcrc.o(i.Verify_CRC16_Check_Sum) refers to algorithmofcrc.o(.data) for CRC_INIT
    algorithmofcrc.o(i.Verify_CRC8_Check_Sum) refers to algorithmofcrc.o(i.Get_CRC8_Check_Sum) for Get_CRC8_Check_Sum
    algorithmofcrc.o(i.Verify_CRC8_Check_Sum) refers to algorithmofcrc.o(.data) for sss
    fir.o(i.Fir) refers to fir.o(.bss) for Buffer
    fir.o(i.Fir) refers to fir.o(.constdata) for Gains
    fir.o(i.Fir) refers to chassistask.o(.bss) for Flow
    fir.o(i.LowPass_SetChassis) refers to f2d.o(.text) for __aeabi_f2d
    fir.o(i.LowPass_SetChassis) refers to dmul.o(.text) for __aeabi_dmul
    fir.o(i.LowPass_SetChassis) refers to dadd.o(.text) for __aeabi_dadd
    fir.o(i.LowPass_SetChassis) refers to d2f.o(.text) for __aeabi_d2f
    fir.o(i.LowPass_SetWheel) refers to f2d.o(.text) for __aeabi_f2d
    fir.o(i.LowPass_SetWheel) refers to dmul.o(.text) for __aeabi_dmul
    fir.o(i.LowPass_SetWheel) refers to dadd.o(.text) for __aeabi_dadd
    fir.o(i.LowPass_SetWheel) refers to d2f.o(.text) for __aeabi_d2f
    navi_path.o(i.PathInit) refers to navi_path.o(.bss) for PathInforms
    navi_path.o(i.PathInit) refers to path.o(.constdata) for path0
    navi_path.o(i.PathInit) refers to navi_path.o(.data) for PathDotIndex
    navi_path.o(i.chassisNavigate) refers to arm_cos_f32.o(.text.arm_cos_f32) for arm_cos_f32
    navi_path.o(i.chassisNavigate) refers to arm_sin_f32.o(.text.arm_sin_f32) for arm_sin_f32
    navi_path.o(i.chassisNavigate) refers to f2d.o(.text) for __aeabi_f2d
    navi_path.o(i.chassisNavigate) refers to sqrt.o(i.__hardfp_sqrt) for __hardfp_sqrt
[...]
    __asm___6_port_c_39a90d8d__prvStartFirstTask 0x080001bd   Thumb Code    28  port.o(.emb_text)
    __asm___6_port_c_39a90d8d__prvEnableVFP  0x080001dd   Thumb Code    16  port.o(.emb_text)
    PendSV_Handler                           0x080001f1   Thumb Code    88  port.o(.emb_text)
    vPortGetIPSR                             0x0800024d   Thumb Code     6  port.o(.emb_text)
    Reset_Handler                            0x08000255   Thumb Code     8  startup_stm32f40_41xxx.o(.text)
    ADC_IRQHandler                           0x0800026f   Thumb Code     0  startup_stm32f40_41xxx.o(.text)
    CAN1_SCE_IRQHandler                      0x0800026f   Thumb Code     0  startup_stm32f40_41xxx.o(.text)
    CAN2_SCE_IRQHandler                      0x0800026f   Thumb Code     0  startup_stm32f40_41xxx.o(.text)
    CRYP_IRQHandler                          0x0800026f   Thumb Code     0  startup_stm32f40_41xxx.o(.text)
    DCMI_IRQHandler                          0x0800026f   Thumb Code     0  startup_stm32f40_41xxx.o(.text)
    DMA1_Stream0_IRQHandler                  0x0800026f   Thumb Code     0  startup_stm32f40_41xxx.o(.text)
    DMA1_Stream1_IRQHandler                  0x0800026f   Thumb Code     0  startup_stm32f40_41xxx.o(.text)
    DMA1_Stream3_IRQHandler                  0x0800026f   Thumb Code     0  startup_stm32f40_41xxx.o(.text)
    DMA1_Stream5_IRQHandler                  0x0800026f   Thumb Code     0  startup_stm32f40_41xxx.o(.text)
    DMA1_Stream7_IRQHandler                  0x0800026f   Thumb Code     0  startup_stm32f40_41xxx.o(.text)
    DMA2_Stream0_IRQHandler                  0x0800026f   Thumb Code     0  startup_stm32f40_41xxx.o(.text)
    DMA2_Stream1_IRQHandler                  0x0800026f   Thumb Code     0  startup_stm32f40_41xxx.o(.text)
    DMA2_Stream2_IRQHandler                  0x0800026f   Thumb Code     0  startup_stm32f40_41xxx.o(.text)
    DMA2_Stream3_IRQHandler                  0x0800026f   Thumb Code     0  startup_stm32f40_41xxx.o(.text)
    DMA2_Stream4_IRQHandler                  0x0800026f   Thumb Code     0  startup_stm32f40_41xxx.o(.text)
    DMA2_Stream5_IRQHandler                  0x0800026f   Thumb Code     0  startup_stm32f40_41xxx.o(.text)
    DMA2_Stream6_IRQHandler                  0x0800026f   Thumb Code     0  startup_stm32f40_41xxx.o(.text)
    DMA2_Stream7_IRQHandler                  0x0800026f   Thumb Code     0  startup_stm32f40_41xxx.o(.text)
    ETH_IRQHandler                           0x0800026f   Thumb Code     0  startup_stm32f40_41xxx.o(.text)
    ETH_WKUP_IRQHandler                      0x0800026f   Thumb Code     0  startup_stm32f40_41xxx.o(.text)
    EXTI0_IRQHandler                         0x0800026f   Thumb Code     0  startup_stm32f40_41xxx.o(.text)
    EXTI15_10_IRQHandler                     0x0800026f   Thumb Code     0  startup_stm32f40_41xxx.o(.text)
    EXTI1_IRQHandler                         0x0800026f   Thumb Code     0  startup_stm32f40_41xxx.o(.text)
    EXTI2_IRQHandler                         0x0800026f   Thumb Code     0  startup_stm32f40_41xxx.o(.text)
    EXTI3_IRQHandler                         0x0800026f   Thumb Code     0  startup_stm32f40_41xxx.o(.text)
    EXTI4_IRQHandler                         0x0800026f   Thumb Code     0  startup_stm32f40_41xxx.o(.text)
    EXTI9_5_IRQHandler                       0x0800026f   Thumb Code     0  startup_stm32f40_41xxx.o(.text)
    FLASH_IRQHandler                         0x0800026f   Thumb Code     0  startup_stm32f40_41xxx.o(.text)
    FPU_IRQHandler                           0x0800026f   Thumb Code     0  startup_stm32f40_41xxx.o(.text)
    FSMC_IRQHandler                          0x0800026f   Thumb Code     0  startup_stm32f40_41xxx.o(.text)
    HASH_RNG_IRQHandler                      0x0800026f   Thumb Code     0  startup_stm32f40_41xxx.o(.text)
    I2C1_ER_IRQHandler                       0x0800026f   Thumb Code     0  startup_stm32f40_41xxx.o(.text)
    I2C1_EV_IRQHandler                       0x0800026f   Thumb Code     0  startup_stm32f40_41xxx.o(.text)
    I2C2_ER_IRQHandler                       0x0800026f   Thumb Code     0  startup_stm32f40_41xxx.o(.text)
    I2C2_EV_IRQHandler                       0x0800026f   Thumb Code     0  startup_stm32f40_41xxx.o(.text)
    I2C3_ER_IRQHandler                       0x0800026f   Thumb Code     0  startup_stm32f40_41xxx.o(.text)
    I2C3_EV_IRQHandler                       0x0800026f   Thumb Code     0  startup_stm32f40_41xxx.o(.text)
    OTG_FS_IRQHandler                        0x0800026f   Thumb Code     0  startup_stm32f40_41xxx.o(.text)
    OTG_FS_WKUP_IRQHandler                   0x0800026f   Thumb Code     0  startup_stm32f40_41xxx.o(.text)
    OTG_HS_EP1_IN_IRQHandler                 0x0800026f   Thumb Code     0  startup_stm32f40_41xxx.o(.text)
    OTG_HS_EP1_OUT_IRQHandler                0x0800026f   Thumb Code     0  startup_stm32f40_41xxx.o(.text)
    OTG_HS_IRQHandler                        0x0800026f   Thumb Code     0  startup_stm32f40_41xxx.o(.text)
    OTG_HS_WKUP_IRQHandler                   0x0800026f   Thumb Code     0  startup_stm32f40_41xxx.o(.text)
    PVD_IRQHandler                           0x0800026f   Thumb Code     0  startup_stm32f40_41xxx.o(.text)
    RCC_IRQHandler                           0x0800026f   Thumb Code     0  startup_stm32f40_41xxx.o(.text)
    RTC_Alarm_IRQHandler                     0x0800026f   Thumb Code     0  startup_stm32f40_41xxx.o(.text)
    RTC_WKUP_IRQHandler                      0x0800026f   Thumb Code     0  startup_stm32f40_41xxx.o(.text)
    SDIO_IRQHandler                          0x0800026f   Thumb Code     0  startup_stm32f40_41xxx.o(.text)
    SPI1_IRQHandler                          0x0800026f   Thumb Code     0  startup_stm32f40_41xxx.o(.text)
    SPI2_IRQHandler                          0x0800026f   Thumb Code     0  startup_stm32f40_41xxx.o(.text)
    SPI3_IRQHandler                          0x0800026f   Thumb Code     0  startup_stm32f40_41xxx.o(.text)
    TAMP_STAMP_IRQHandler                    0x0800026f   Thumb Code     0  startup_stm32f40_41xxx.o(.text)
    TIM1_BRK_TIM9_IRQHandler                 0x0800026f   Thumb Code     0  startup_stm32f40_41xxx.o(.text)
    TIM1_CC_IRQHandler                       0x0800026f   Thumb Code     0  startup_stm32f40_41xxx.o(.text)
    TIM1_TRG_COM_TIM11_IRQHandler            0x0800026f   Thumb Code     0  startup_stm32f40_41xxx.o(.text)
    TIM1_UP_TIM10_IRQHandler                 0x0800026f   Thumb Code     0  startup_stm32f40_41xxx.o(.text)
    TIM3_IRQHandler                          0x0800026f   Thumb Code     0  startup_stm32f40_41xxx.o(.text)
    TIM5_IRQHandler                          0x0800026f   Thumb Code     0  startup_stm32f40_41xxx.o(.text)
    TIM6_DAC_IRQHandler                      0x0800026f   Thumb Code     0  startup_stm32f40_41xxx.o(.text)
    TIM7_IRQHandler                          0x0800026f   Thumb Code     0  startup_stm32f40_41xxx.o(.text)
    TIM8_BRK_TIM12_IRQHandler                0x0800026f   Thumb Code     0  startup_stm32f40_41xxx.o(.text)
    TIM8_CC_IRQHandler                       0x0800026f   Thumb Code     0  startup_stm32f40_41xxx.o(.text)
    TIM8_TRG_COM_TIM14_IRQHandler            0x0800026f   Thumb Code     0  startup_stm32f40_41xxx.o(.text)
    TIM8_UP_TIM13_IRQHandler                 0x0800026f   Thumb Code     0  startup_stm32f40_41xxx.o(.text)
    UART4_IRQHandler                         0x0800026f   Thumb Code     0  startup_stm32f40_41xxx.o(.text)
    UART5_IRQHandler                         0x0800026f   Thumb Code     0  startup_stm32f40_41xxx.o(.text)
    USART1_IRQHandler                        0x0800026f   Thumb Code     0  startup_stm32f40_41xxx.o(.text)
    USART2_IRQHandler                        0x0800026f   Thumb Code     0  startup_stm32f40_41xxx.o(.text)
    USART3_IRQHandler                        0x0800026f   Thumb Code     0  startup_stm32f40_41xxx.o(.text)
    USART6_IRQHandler                        0x0800026f   Thumb Code     0  startup_stm32f40_41xxx.o(.text)
    WWDG_IRQHandler                          0x0800026f   Thumb Code     0  startup_stm32f40_41xxx.o(.text)
    __aeabi_memcpy                           0x08000279   Thumb Code    36  memcpya.o(.text)
    __aeabi_memcpy4                          0x08000279   Thumb Code     0  memcpya.o(.text)
    __aeabi_memcpy8                          0x08000279   Thumb Code     0  memcpya.o(.text)
    __aeabi_memset                           0x0800029d   Thumb Code    14  memseta.o(.text)
    __aeabi_memset4                          0x0800029d   Thumb Code     0  memseta.o(.text)
    __aeabi_memset8                          0x0800029d   Thumb Code     0  memseta.o(.text)
    __aeabi_memclr                           0x080002ab   Thumb Code     4  memseta.o(.text)
    __aeabi_memclr4                          0x080002ab   Thumb Code     0  memseta.o(.text)
    __aeabi_memclr8                          0x080002ab   Thumb Code     0  memseta.o(.text)
    _memset$wrapper                          0x080002af   Thumb Code    18  memseta.o(.text)
    strlen                                   0x080002c1   Thumb Code    14  strlen.o(.text)
    strcpy                                   0x080002cf   Thumb Code    18  strcpy.o(.text)
    __aeabi_dadd                             0x080002e1   Thumb Code   322  dadd.o(.text)
    __aeabi_dsub                             0x08000423   Thumb Code     6  dadd.o(.text)
    __aeabi_drsub                            0x08000429   Thumb Code     6  dadd.o(.text)
    __aeabi_dmul                             0x0800042f   Thumb Code   228  dmul.o(.text)
    __aeabi_ddiv                             0x08000513   Thumb Code   222  ddiv.o(.text)
    __aeabi_i2d                              0x080005f1   Thumb Code    34  dflti.o(.text)
    __aeabi_f2lz                             0x08000613   Thumb Code    66  ffixl.o(.text)
    __aeabi_d2iz                             0x08000655   Thumb Code    62  dfixi.o(.text)
    __aeabi_f2d                              0x08000693   Thumb Code    38  f2d.o(.text)
    __aeabi_d2f                              0x080006b9   Thumb Code    56  d2f.o(.text)
    __aeabi_uidiv                            0x080006f1   Thumb Code     0  uidiv.o(.text)
    __aeabi_uidivmod                         0x080006f1   Thumb Code    44  uidiv.o(.text)
    __aeabi_llsl                             0x0800071d   Thumb Code    30  llshl.o(.text)
    _ll_shift_l                              0x0800071d   Thumb Code     0  llshl.o(.text)
    __aeabi_llsr                             0x0800073b   Thumb Code    32  llushr.o(.text)
    _ll_ushift_r                             0x0800073b   Thumb Code     0  llushr.o(.text)
    __aeabi_lasr                             0x0800075b   Thumb Code    36  llsshr.o(.text)
    _ll_sshift_r                             0x0800075b   Thumb Code     0  llsshr.o(.text)
    __I$use$fp                               0x0800077f   Thumb Code     0  iusefp.o(.text)
    _float_round                             0x0800077f   Thumb Code    18  fepilogue.o(.text)
    _float_epilogue                          0x08000791   Thumb Code    92  fepilogue.o(.text)
    _double_round                            0x080007ed   Thumb Code    30  depilogue.o(.text)
    _double_epilogue                         0x0800080b   Thumb Code   156  depilogue.o(.text)
    _dsqrt                                   0x080008a7   Thumb Code   162  dsqrt.o(.text)
    __scatterload                            0x08000949   Thumb Code    28  init.o(.text)
    __scatterload_rt2                        0x08000949   Thumb Code     0  init.o(.text)
    __decompress                             0x0800096d   Thumb Code     0  __dczerorl2.o(.text)
    __decompress1                            0x0800096d   Thumb Code    86  __dczerorl2.o(.text)
    arm_cos_f32                              0x080009c5   Thumb Code   152  arm_cos_f32.o(.text.arm_cos_f32)
    arm_mat_inverse_f32                      0x08000a5d   Thumb Code   756  arm_mat_inverse_f32.o(.text.arm_mat_inverse_f32)
    arm_mat_trans_f32                        0x08000d51   Thumb Code   162  arm_mat_trans_f32.o(.text.arm_mat_trans_f32)
    arm_sin_f32                              0x08000df5   Thumb Code   144  arm_sin_f32.o(.text.arm_sin_f32)
    BSP_Init                                 0x08000e85   Thumb Code    42  main.o(i.BSP_Init)
    BulletSpeed_CAN2Send                     0x08000eb1   Thumb Code   120  datasendtask.o(i.BulletSpeed_CAN2Send)
    BusFault_Handler                         0x08000f3d   Thumb Code     4  stm32f4xx_it.o(i.BusFault_Handler)
    CAN1_Configuration                       0x08000f41   Thumb Code   408  can1.o(i.CAN1_Configuration)
    CAN1_RX0_IRQHandler                      0x080010e1   Thumb Code    46  can1.o(i.CAN1_RX0_IRQHandler)
    CAN1_RX1_IRQHandler                      0x08001119   Thumb Code    46  can1.o(i.CAN1_RX1_IRQHandler)
    CAN1_TX_IRQHandler                       0x08001151   Thumb Code    22  can1.o(i.CAN1_TX_IRQHandler)
    CAN2_Configuration                       0x0800116d   Thumb Code   392  can2.o(i.CAN2_Configuration)
    CAN2_RX0_IRQHandler                      0x080012fd   Thumb Code    46  can2.o(i.CAN2_RX0_IRQHandler)
    CAN2_RX1_IRQHandler                      0x08001335   Thumb Code    46  can2.o(i.CAN2_RX1_IRQHandler)
    CAN2_TX_IRQHandler                       0x0800136d   Thumb Code    22  can2.o(i.CAN2_TX_IRQHandler)
    CAN_ClearITPendingBit                    0x08001389   Thumb Code   162  stm32f4xx_can.o(i.CAN_ClearITPendingBit)
    CAN_DeInit                               0x08001431   Thumb Code    50  stm32f4xx_can.o(i.CAN_DeInit)
    CAN_FilterInit                           0x08001469   Thumb Code   258  stm32f4xx_can.o(i.CAN_FilterInit)
    CAN_GetITStatus                          0x08001571   Thumb Code   284  stm32f4xx_can.o(i.CAN_GetITStatus)
    CAN_ITConfig                             0x08001691   Thumb Code    18  stm32f4xx_can.o(i.CAN_ITConfig)
    CAN_Init                                 0x080016a3   Thumb Code   276  stm32f4xx_can.o(i.CAN_Init)
    CAN_Receive                              0x080017b7   Thumb Code   240  stm32f4xx_can.o(i.CAN_Receive)
    CAN_StructInit                           0x080018a7   Thumb Code    32  stm32f4xx_can.o(i.CAN_StructInit)
    CAN_Transmit                             0x080018c7   Thumb Code   294  stm32f4xx_can.o(i.CAN_Transmit)
    COUNTER_Configuration                    0x080019ed   Thumb Code    70  counter.o(i.COUNTER_Configuration)
    CPU_task                                 0x08001a45   Thumb Code   190  cpu_task.o(i.CPU_task)
    Can1Receive0                             0x08001be5   Thumb Code   338  datareceivetask.o(i.Can1Receive0)
    Can1Receive1                             0x08001d45   Thumb Code   114  datareceivetask.o(i.Can1Receive1)
    Can2Receive0                             0x08001dc5   Thumb Code   404  datareceivetask.o(i.Can2Receive0)
    Can2Receive1                             0x08001f8d   Thumb Code     2  datareceivetask.o(i.Can2Receive1)
    ChassisMotorSend                         0x08001f91   Thumb Code    92  datasendtask.o(i.ChassisMotorSend)
    ChassisYaw_DEBUG_Act                     0x08001ff1   Thumb Code   252  chassisyawtask.o(i.ChassisYaw_DEBUG_Act)
    ChassisYaw_Init                          0x0800211d   Thumb Code   140  chassisyawtask.o(i.ChassisYaw_Init)
    ChassisYaw_PC_Act                        0x080021c5   Thumb Code   204  chassisyawtask.o(i.ChassisYaw_PC_Act)
    ChassisYaw_RC_Act                        0x080022a5   Thumb Code   210  chassisyawtask.o(i.ChassisYaw_RC_Act)
    ChassisYaw_SLEEP_Act                     0x0800239d   Thumb Code     8  chassisyawtask.o(i.ChassisYaw_SLEEP_Act)
    ChassisYaw_STOP_Act                      0x080023a9   Thumb Code    22  chassisyawtask.o(i.ChassisYaw_STOP_Act)
    ChassisYaw_task                          0x080023cd   Thumb Code   110  chassisyawtask.o(i.ChassisYaw_task)
    Chassis_Patrol_Act                       0x0800244d   Thumb Code   458  chassistask.o(i.Chassis_Patrol_Act)
    Chassis_Protect_Act                      0x08002655   Thumb Code   914  chassistask.o(i.Chassis_Protect_Act)
    Chassis_RC_Act                           0x08002a29   Thumb Code   768  chassistask.o(i.Chassis_RC_Act)
    Chassis_SLEEP_Act                        0x08002d5d   Thumb Code    14  chassistask.o(i.Chassis_SLEEP_Act)
    Chassis_Yaw_Receive                      0x08002d71   Thumb Code    92  rmd_l_control.o(i.Chassis_Yaw_Receive)
    Chassis_task                             0x08002ddd   Thumb Code   170  chassistask.o(i.Chassis_task)
    Current_Filter_Excu                      0x08002eb5   Thumb Code    54  chassistask.o(i.Current_Filter_Excu)
    DBGMCU_Config                            0x08002ef9   Thumb Code    26  stm32f4xx_dbgmcu.o(i.DBGMCU_Config)
    DMA1_Stream2_IRQHandler                  0x08002f19   Thumb Code    28  uart4.o(i.DMA1_Stream2_IRQHandler)
    DMA1_Stream4_IRQHandler                  0x08002f41   Thumb Code    38  uart4.o(i.DMA1_Stream4_IRQHandler)
    DMA1_Stream6_IRQHandler                  0x08002f75   Thumb Code    30  usart2.o(i.DMA1_Stream6_IRQHandler)
    DMA_ClearFlag                            0x08002f9d   Thumb Code    38  stm32f4xx_dma.o(i.DMA_ClearFlag)
    DMA_ClearITPendingBit                    0x08002fd1   Thumb Code    38  stm32f4xx_dma.o(i.DMA_ClearITPendingBit)
    DMA_Cmd                                  0x08003005   Thumb Code    22  stm32f4xx_dma.o(i.DMA_Cmd)
    DMA_DeInit                               0x0800301d   Thumb Code   324  stm32f4xx_dma.o(i.DMA_DeInit)
    DMA_GetITStatus                          0x08003175   Thumb Code    82  stm32f4xx_dma.o(i.DMA_GetITStatus)
    DMA_ITConfig                             0x080031d9   Thumb Code    58  stm32f4xx_dma.o(i.DMA_ITConfig)
    DMA_Init                                 0x08003215   Thumb Code    82  stm32f4xx_dma.o(i.DMA_Init)
    DebugMon_Handler                         0x0800326d   Thumb Code     2  stm32f4xx_it.o(i.DebugMon_Handler)
    Fir                                      0x08003271   Thumb Code   176  fir.o(i.Fir)
    Frame_Acceptance_Rate                    0x08003331   Thumb Code   200  datareceivetask.o(i.Frame_Acceptance_Rate)
    GPIO_Init                                0x080033fd   Thumb Code   144  stm32f4xx_gpio.o(i.GPIO_Init)
    GPIO_PinAFConfig                         0x0800348d   Thumb Code    70  stm32f4xx_gpio.o(i.GPIO_PinAFConfig)
    GPIO_SetBits                             0x080034d3   Thumb Code     4  stm32f4xx_gpio.o(i.GPIO_SetBits)
    Get_CRC16_Check_Sum                      0x080034d9   Thumb Code    46  algorithmofcrc.o(i.Get_CRC16_Check_Sum)
    Get_CRC8_Check_Sum                       0x0800350d   Thumb Code    30  algorithmofcrc.o(i.Get_CRC8_Check_Sum)
    HardFault_Handler                        0x08003531   Thumb Code     4  stm32f4xx_it.o(i.HardFault_Handler)
    HeatControl_0                            0x08003535   Thumb Code   156  algo_heatcontrol.o(i.HeatControl_0)
    HeatControl_2                            0x080035f9   Thumb Code   156  algo_heatcontrol.o(i.HeatControl_2)
    HeatUpdate_0                             0x080036bd   Thumb Code   156  algo_heatcontrol.o(i.HeatUpdate_0)
    HeatUpdate_2                             0x08003781   Thumb Code   156  algo_heatcontrol.o(i.HeatUpdate_2)
    ICM20602_init                            0x08003845   Thumb Code    50  icm20602.o(i.ICM20602_init)
    IMU_QuaternionEKF_Init                   0x08003ac5   Thumb Code   264  quaternionekf.o(i.IMU_QuaternionEKF_Init)
    INS_Init                                 0x08004259   Thumb Code    94  ins.o(i.INS_Init)
    IWDG_Feed                                0x080042d1   Thumb Code     8  iwdg.o(i.IWDG_Feed)
    IWDG_ReloadCounter                       0x080042d9   Thumb Code    10  stm32f4xx_iwdg.o(i.IWDG_ReloadCounter)
    JudgeBuffReceive                         0x080042e9   Thumb Code  1436  datareceivetask.o(i.JudgeBuffReceive)
    JudgeReceive_task                        0x0800489d   Thumb Code    38  judgetask.o(i.JudgeReceive_task)
    Judge_Rst                                0x080048cd   Thumb Code    12  main.o(i.Judge_Rst)
    Kalman_Filter_Init                       0x080048dd   Thumb Code  1800  kalman_filter.o(i.Kalman_Filter_Init)
    LowPass                                  0x08004fe9   Thumb Code    22  fir.o(i.LowPass)
    LowPass_SetChassis                       0x08005001   Thumb Code    98  fir.o(i.LowPass_SetChassis)
    MemManage_Handler                        0x08005075   Thumb Code     4  stm32f4xx_it.o(i.MemManage_Handler)
    NAV_PATH_Act                             0x08005079   Thumb Code   974  chassistask.o(i.NAV_PATH_Act)
    NMI_Handler                              0x08005489   Thumb Code     2  stm32f4xx_it.o(i.NMI_Handler)
    NVIC_Init                                0x0800548d   Thumb Code   106  misc.o(i.NVIC_Init)
    Offline_Check_task                       0x08005505   Thumb Code   132  main.o(i.Offline_Check_task)
    Outpost_Act                              0x08005595   Thumb Code   568  chassistask.o(i.Outpost_Act)
    PID_Calc                                 0x080057ed   Thumb Code   760  pid.o(i.PID_Calc)
    PathInit                                 0x08005ae9   Thumb Code   138  navi_path.o(i.PathInit)
    Patrol_Act                               0x08005ba5   Thumb Code   656  chassistask.o(i.Patrol_Act)
    Patrol_Safe_Act                          0x08005e6d   Thumb Code   574  chassistask.o(i.Patrol_Safe_Act)
    Pid_ChassisWheelInit                     0x080060dd   Thumb Code   134  chassistask.o(i.Pid_ChassisWheelInit)
    Pid_SpeedCurrent                         0x0800617d   Thumb Code   172  chassistask.o(i.Pid_SpeedCurrent)
    Position_Control                         0x0800623d   Thumb Code   230  chassistask.o(i.Position_Control)
    PowerLimit                               0x0800632d   Thumb Code   766  chassistask.o(i.PowerLimit)
    RCC_AHB1PeriphClockCmd                   0x0800667d   Thumb Code    26  stm32f4xx_rcc.o(i.RCC_AHB1PeriphClockCmd)
    RCC_APB1PeriphClockCmd                   0x0800669d   Thumb Code    26  stm32f4xx_rcc.o(i.RCC_APB1PeriphClockCmd)
    RCC_APB1PeriphResetCmd                   0x080066bd   Thumb Code    26  stm32f4xx_rcc.o(i.RCC_APB1PeriphResetCmd)
    RCC_GetClocksFreq                        0x080066dd   Thumb Code   214  stm32f4xx_rcc.o(i.RCC_GetClocksFreq)
    RC_Rst                                   0x080067c5   Thumb Code    68  datareceivetask.o(i.RC_Rst)
    Robot_Init                               0x0800680d   Thumb Code    36  main.o(i.Robot_Init)
    Rst_Debug                                0x08006839   Thumb Code    10  task_actionupdate.o(i.Rst_Debug)
    SEGGER_RTT_SetTerminal                   0x08006849   Thumb Code   146  segger_rtt.o(i.SEGGER_RTT_SetTerminal)
    SEGGER_RTT_Write                         0x080068e9   Thumb Code    68  segger_rtt.o(i.SEGGER_RTT_Write)
    SEGGER_RTT_WriteNoLock                   0x08006931   Thumb Code   126  segger_rtt.o(i.SEGGER_RTT_WriteNoLock)
    SEGGER_RTT_printf                        0x080069b5   Thumb Code    34  segger_rtt_printf.o(i.SEGGER_RTT_printf)
    SEGGER_RTT_vprintf                       0x080069d7   Thumb Code   522  segger_rtt_printf.o(i.SEGGER_RTT_vprintf)
    ShootingHeat_CAN2Send                    0x08006ccd   Thumb Code   106  datasendtask.o(i.ShootingHeat_CAN2Send)
    SysTick_Handler                          0x08006d59   Thumb Code     8  stm32f4xx_it.o(i.SysTick_Handler)
    SystemInit                               0x08006d61   Thumb Code    88  system_stm32f4xx.o(i.SystemInit)
    TIM2_Configuration                       0x08006dc9   Thumb Code   104  tim2.o(i.TIM2_Configuration)
    TIM2_IRQHandler                          0x08006e31   Thumb Code    32  tim2.o(i.TIM2_IRQHandler)
    TIM4_Configuration                       0x08006e55   Thumb Code    88  tim4.o(i.TIM4_Configuration)
    TIM4_IRQHandler                          0x08006eb1   Thumb Code    32  tim4.o(i.TIM4_IRQHandler)
    TIM_ClearFlag                            0x08006ed9   Thumb Code     6  stm32f4xx_tim.o(i.TIM_ClearFlag)
    TIM_ClearITPendingBit                    0x08006edf   Thumb Code     6  stm32f4xx_tim.o(i.TIM_ClearITPendingBit)
    TIM_Cmd                                  0x08006ee5   Thumb Code    24  stm32f4xx_tim.o(i.TIM_Cmd)
    TIM_GetCounter                           0x08006efd   Thumb Code     6  stm32f4xx_tim.o(i.TIM_GetCounter)
    TIM_GetITStatus                          0x08006f03   Thumb Code    34  stm32f4xx_tim.o(i.TIM_GetITStatus)
    TIM_ITConfig                             0x08006f25   Thumb Code    18  stm32f4xx_tim.o(i.TIM_ITConfig)
    TIM_SetCounter                           0x08006f37   Thumb Code     4  stm32f4xx_tim.o(i.TIM_SetCounter)
    TIM_TimeBaseInit                         0x08006f3d   Thumb Code   104  stm32f4xx_tim.o(i.TIM_TimeBaseInit)
    UART4_Configuration                      0x08006fc1   Thumb Code   452  uart4.o(i.UART4_Configuration)
    USART_ClearFlag                          0x08007199   Thumb Code    18  stm32f4xx_usart.o(i.USART_ClearFlag)
    USART_Cmd                                0x080071ab   Thumb Code    24  stm32f4xx_usart.o(i.USART_Cmd)
    USART_DMACmd                             0x080071c3   Thumb Code    18  stm32f4xx_usart.o(i.USART_DMACmd)
    USART_Init                               0x080071d5   Thumb Code   204  stm32f4xx_usart.o(i.USART_Init)
    UsageFault_Handler                       0x080072a9   Thumb Code     4  stm32f4xx_it.o(i.UsageFault_Handler)
    VOFA_Send                                0x080072ad   Thumb Code   140  usart2.o(i.VOFA_Send)
    VOFA_USART_Configuration                 0x0800734d   Thumb Code   344  usart2.o(i.VOFA_USART_Configuration)
    Verify_CRC16_Check_Sum                   0x080074bd   Thumb Code    60  algorithmofcrc.o(i.Verify_CRC16_Check_Sum)
    Verify_CRC8_Check_Sum                    0x080074fd   Thumb Code    50  algorithmofcrc.o(i.Verify_CRC8_Check_Sum)
    Yaw_I_Control                            0x08007535   Thumb Code    82  rmd_l_control.o(i.Yaw_I_Control)
    ZeroCheck                                0x08007591   Thumb Code   186  zerochecktask.o(i.ZeroCheck)
    ZeroCheck_Init                           0x08007659   Thumb Code   110  zerochecktask.o(i.ZeroCheck_Init)
    ZeroCheck_cal                            0x080076e1   Thumb Code   126  zerochecktask.o(i.ZeroCheck_cal)
    __0sprintf$3                             0x08007aed   Thumb Code    34  printf3.o(i.__0sprintf$3)
    __1sprintf$3                             0x08007aed   Thumb Code     0  printf3.o(i.__0sprintf$3)
    __2sprintf                               0x08007aed   Thumb Code     0  printf3.o(i.__0sprintf$3)
    __hardfp_acosf                           0x08007b15   Thumb Code   234  acosf.o(i.__hardfp_acosf)
    __hardfp_sqrt                            0x08007c2d   Thumb Code   122  sqrt.o(i.__hardfp_sqrt)
    __mathlib_flt_infnan                     0x08007ca7   Thumb Code     6  funder.o(i.__mathlib_flt_infnan)
    __mathlib_flt_invalid                    0x08007cad   Thumb Code    10  funder.o(i.__mathlib_flt_invalid)
    __scatterload_copy                       0x08007cbd   Thumb Code    14  handlers.o(i.__scatterload_copy)
    __scatterload_null                       0x08007ccb   Thumb Code     2  handlers.o(i.__scatterload_null)
    __scatterload_zeroinit                   0x08007ccd   Thumb Code    14  handlers.o(i.__scatterload_zeroinit)
    __set_errno                              0x08007cdd   Thumb Code     6  errno.o(i.__set_errno)
    arm_mat_add_f32                          0x08007eab   Thumb Code   192  arm_mat_add_f32.o(i.arm_mat_add_f32)
    arm_mat_init_f32                         0x08007f6b   Thumb Code     8  arm_mat_init_f32.o(i.arm_mat_init_f32)
    arm_mat_mult_f32                         0x08007f75   Thumb Code   320  arm_mat_mult_f32.o(i.arm_mat_mult_f32)
    arm_mat_sub_f32                          0x080080b9   Thumb Code   192  arm_mat_sub_f32.o(i.arm_mat_sub_f32)
    chassisNavigate                          0x08008179   Thumb Code  1126  navi_path.o(i.chassisNavigate)
    delay_ms                                 0x080085e5   Thumb Code    54  tim2.o(i.delay_ms)
    eTaskGetState                            0x0800861d   Thumb Code    88  tasks.o(i.eTaskGetState)
    i2c_init                                 0x08008689   Thumb Code    60  i2c.o(i.i2c_init)
    main                                     0x08008705   Thumb Code    96  main.o(i.main)
    malloc                                   0x08008771   Thumb Code    92  malloc.o(i.malloc)
    pvPortMalloc                             0x08008ca1   Thumb Code   188  heap_4.o(i.pvPortMalloc)
    pxPortInitialiseStack                    0x08008d71   Thumb Code    38  port.o(i.pxPortInitialiseStack)
    sqrtf                                    0x08008dd5   Thumb Code    62  sqrtf.o(i.sqrtf)
    startTast                                0x08008e15   Thumb Code    24  starttask.o(i.startTast)
    start_task                               0x08008e41   Thumb Code   172  starttask.o(i.start_task)
    task_ActionUpdate                        0x08008fa1   Thumb Code    28  task_actionupdate.o(i.task_ActionUpdate)
    task_ZeroCheck                           0x08008fc1   Thumb Code    18  zerochecktask.o(i.task_ZeroCheck)
    uxListRemove                             0x080090f5   Thumb Code    40  list.o(i.uxListRemove)
    uxTaskGetStackHighWaterMark              0x0800911d   Thumb Code    34  tasks.o(i.uxTaskGetStackHighWaterMark)
    uxTaskGetSystemState                     0x08009145   Thumb Code   154  tasks.o(i.uxTaskGetSystemState)
    vListInitialise                          0x080091fd   Thumb Code    26  list.o(i.vListInitialise)
    vListInitialiseItem                      0x08009217   Thumb Code     6  list.o(i.vListInitialiseItem)
    vListInsert                              0x0800921d   Thumb Code    52  list.o(i.vListInsert)
    vListInsertEnd                           0x08009251   Thumb Code    24  list.o(i.vListInsertEnd)
    vPortEnterCritical                       0x08009269   Thumb Code    30  port.o(i.vPortEnterCritical)
    vPortExitCritical                        0x0800928d   Thumb Code    28  port.o(i.vPortExitCritical)
    vPortFree                                0x080092ad   Thumb Code    64  heap_4.o(i.vPortFree)
    vPortSetupTimerInterrupt                 0x080092f5   Thumb Code    26  port.o(i.vPortSetupTimerInterrupt)
    vTaskDelay                               0x08009315   Thumb Code    46  tasks.o(i.vTaskDelay)
    vTaskDelayUntil                          0x08009349   Thumb Code   106  tasks.o(i.vTaskDelayUntil)
    vTaskDelete                              0x080093bd   Thumb Code   166  tasks.o(i.vTaskDelete)
    vTaskGetInfo                             0x08009489   Thumb Code   114  tasks.o(i.vTaskGetInfo)
    vTaskGetRunTimeStats                     0x08009501   Thumb Code   182  tasks.o(i.vTaskGetRunTimeStats)
    vTaskList                                0x080095d5   Thumb Code   204  tasks.o(i.vTaskList)
    vTaskStartScheduler                      0x080096b5   Thumb Code    76  tasks.o(i.vTaskStartScheduler)
    vTaskSuspendAll                          0x08009721   Thumb Code    12  tasks.o(i.vTaskSuspendAll)
    vTaskSwitchContext                       0x08009731   Thumb Code   128  tasks.o(i.vTaskSwitchContext)
    xPortStartScheduler                      0x080097d1   Thumb Code    58  port.o(i.xPortStartScheduler)
    xPortSysTickHandler                      0x08009819   Thumb Code    46  port.o(i.xPortSysTickHandler)
    xTaskCreate                              0x0800984d   Thumb Code    96  tasks.o(i.xTaskCreate)
    xTaskGetTickCount                        0x080098ad   Thumb Code     6  tasks.o(i.xTaskGetTickCount)
    xTaskIncrementTick                       0x080098b9   Thumb Code   238  tasks.o(i.xTaskIncrementTick)
    xTaskResumeAll                           0x080099d5   Thumb Code   196  tasks.o(i.xTaskResumeAll)
    wCRC_Table                               0x08009abc   Data         512  algorithmofcrc.o(.constdata)
    CRC8_INIT                                0x08009cbc   Data           1  algorithmofcrc.o(.constdata)
    CRC8_TAB                                 0x08009cbd   Data         256  algorithmofcrc.o(.constdata)
    Gains                                    0x08009dc0   Data          24  fir.o(.constdata)
    path0                                    0x08009dd8   Data       14476  path.o(.constdata)
    path1                                    0x0800d664   Data       15708  path.o(.constdata)
    path2                                    0x080113c0   Data       10472  path.o(.constdata)
    path3                                    0x08013ca8   Data        7672  path.o(.constdata)
    path4                                    0x08015aa0   Data       14224  path.o(.constdata)
    path5                                    0x08019230   Data       13580  path.o(.constdata)
    path6                                    0x0801c73c   Data        9492  path.o(.constdata)
    IMU_QuaternionEKF_F                      0x0801ec50   Data         144  quaternionekf.o(.constdata)
    sinTable_f32                             0x0801ed04   Data        2052  arm_common_tables.o(.rodata.sinTable_f32)
    Region$$Table$$Base                      0x0801f508   Number         0  anon$$obj.o(Region$$Table)
    Region$$Table$$Limit                     0x0801f528   Number         0  anon$$obj.o(Region$$Table)
    Judge_Lost                               0x20000000   Data           1  main.o(.data)
    Offline_Check_high_water                 0x20000004   Data           4  main.o(.data)
    SystemCoreClock                          0x20000008   Data           4  system_stm32f4xx.o(.data)
    AHBPrescTable                            0x2000000c   Data          16  system_stm32f4xx.o(.data)
    CRC_INIT                                 0x2000001c   Data           2  algorithmofcrc.o(.data)
    sss                                      0x2000001e   Data           2  algorithmofcrc.o(.data)
    PathDotIndex                             0x20000020   Data           2  navi_path.o(.data)
    count                                    0x20000024   Data           4  navi_path.o(.data)
    navSpeed_Limit                           0x20000028   Data           4  navi_path.o(.data)
    IsShootAble_0                            0x20000030   Data           1  algo_heatcontrol.o(.data)
    HeatUpdateFlag_0                         0x20000031   Data           1  algo_heatcontrol.o(.data)
    ShootCpltFlag_0                          0x20000032   Data           1  algo_heatcontrol.o(.data)
    IsShootAble_2                            0x20000033   Data           1  algo_heatcontrol.o(.data)
    HeatUpdateFlag_2                         0x20000034   Data           1  algo_heatcontrol.o(.data)
    ShootCpltFlag_2                          0x20000035   Data           1  algo_heatcontrol.o(.data)
    HeatMax17_0                              0x20000038   Data           4  algo_heatcontrol.o(.data)
    HeatCool17_0                             0x2000003c   Data           4  algo_heatcontrol.o(.data)
    HeatMax17_2                              0x20000040   Data           4  algo_heatcontrol.o(.data)
    HeatCool17_2                             0x20000044   Data           4  algo_heatcontrol.o(.data)
    BulletHeat17_0                           0x20000048   Data           2  algo_heatcontrol.o(.data)
    BulletHeat17_2                           0x2000004a   Data           2  algo_heatcontrol.o(.data)
    CurHeat17_0                              0x2000004c   Data           4  algo_heatcontrol.o(.data)
    LastHeat17_0                             0x20000050   Data           4  algo_heatcontrol.o(.data)
    AvailableHeat17_0                        0x20000054   Data           4  algo_heatcontrol.o(.data)
    CurHeat17_2                              0x20000058   Data           4  algo_heatcontrol.o(.data)
    LastHeat17_2                             0x2000005c   Data           4  algo_heatcontrol.o(.data)
    AvailableHeat17_2                        0x20000060   Data           4  algo_heatcontrol.o(.data)
    Shooted17Cnt_0                           0x20000064   Data           4  algo_heatcontrol.o(.data)
    Shooted17Cnt_2                           0x20000068   Data           4  algo_heatcontrol.o(.data)
    AvailableBullet17_0                      0x2000006c   Data           4  algo_heatcontrol.o(.data)
    AvailableBullet17_2                      0x20000070   Data           4  algo_heatcontrol.o(.data)
    ShootAbleFlag_0                          0x20000074   Data           1  algo_heatcontrol.o(.data)
    ShootAbleFlag_2                          0x20000075   Data           1  algo_heatcontrol.o(.data)
    HeatControlThreshold_0                   0x20000078   Data           4  algo_heatcontrol.o(.data)
    HeatControlThreshold_2                   0x2000007c   Data           4  algo_heatcontrol.o(.data)
    sizeof_float                             0x20000080   Data           2  kalman_filter.o(.data)
    sizeof_double                            0x20000082   Data           2  kalman_filter.o(.data)
    IMU_QuaternionEKF_P                      0x20000084   Data         144  quaternionekf.o(.data)
    Anomalies_tag                            0x2000017c   Data           1  datareceivetask.o(.data)
    Abnormal_Data                            0x2000017d   Data           1  datareceivetask.o(.data)
    PCReceive                                0x2000017e   Data           8  datareceivetask.o(.data)
    Last_chassisPower                        0x20000188   Data           4  datareceivetask.o(.data)
    TickCount                                0x2000018c   Data           1  datareceivetask.o(.data)
    receivePower                             0x2000018e   Data           2  datareceivetask.o(.data)
    Bullet_Speed_1_100                       0x20000190   Data           2  datareceivetask.o(.data)
    Bullet_Speed_2_100                       0x20000192   Data           2  datareceivetask.o(.data)
    is_game_start                            0x20000194   Data           1  datareceivetask.o(.data)
    Attack_color                             0x20000195   Data           1  datareceivetask.o(.data)
    defend_flag                              0x20000196   Data           1  datareceivetask.o(.data)
    Chassis_R                                0x20000198   Data           4  chassistask.o(.data)
    Wheel_R                                  0x2000019c   Data           4  chassistask.o(.data)
    reRatio                                  0x200001a0   Data           4  chassistask.o(.data)
    Chassis_Last_State                       0x200001a4   Data           1  chassistask.o(.data)
    Chassis_Updata_Flag                      0x200001a5   Data           1  chassistask.o(.data)
    WheelCurrentSend                         0x200001a6   Data           8  chassistask.o(.data)
    Set_Jump                                 0x200001ae   Data           8  chassistask.o(.data)
    Actual_P_max                             0x200001b6   Data           2  chassistask.o(.data)
    ABSready_flag                            0x200001b8   Data           4  chassistask.o(.data)
    Goready_flag                             0x200001bc   Data           4  chassistask.o(.data)
    T_ABS                                    0x200001c0   Data           4  chassistask.o(.data)
    T_SETUP                                  0x200001c4   Data           4  chassistask.o(.data)
    Chassis_high_water                       0x200001c8   Data           4  chassistask.o(.data)
    test_KP                                  0x200001cc   Data           4  chassistask.o(.data)
    test_W_Chassis_t1                        0x200001d0   Data           4  chassistask.o(.data)
    test_W_Chassis_t2                        0x200001d4   Data           4  chassistask.o(.data)
    W_Grad                                   0x200001d8   Data          40  chassistask.o(.data)
    DescendFlag                              0x20000200   Data           2  chassistask.o(.data)
    ExcPower                                 0x20000204   Data           4  chassistask.o(.data)
    EnergyMargin                             0x20000208   Data           4  chassistask.o(.data)
    My_P_max                                 0x2000020c   Data           4  chassistask.o(.data)
    Theta                                    0x20000210   Data           4  chassistask.o(.data)
    average                                  0x20000214   Data           4  chassistask.o(.data)
    test_w                                   0x20000218   Data           4  chassistask.o(.data)
    K_W                                      0x2000021c   Data           4  chassistask.o(.data)
    test_enable                              0x20000220   Data           1  chassistask.o(.data)
    Patrol_X                                 0x20000224   Data           4  chassistask.o(.data)
    Patrol_Cnt                               0x20000228   Data           1  chassistask.o(.data)
    count_cnt                                0x2000022c   Data           4  chassistask.o(.data)
    Patrol_Last_Cnt                          0x20000230   Data           4  chassistask.o(.data)
    Patrol_flag                              0x20000234   Data           4  chassistask.o(.data)
    offset_x                                 0x20000238   Data           4  chassistask.o(.data)
    offset_y                                 0x2000023c   Data           4  chassistask.o(.data)
    set_Speed                                0x20000240   Data           4  chassistask.o(.data)
    MAX_DISTANCE                             0x20000244   Data           4  chassistask.o(.data)
    step_x                                   0x20000248   Data           4  chassistask.o(.data)
    PC_setx                                  0x2000024c   Data           4  chassistask.o(.data)
    PC_sety                                  0x20000250   Data           4  chassistask.o(.data)
    StartTask_Handler                        0x20000278   Data           4  starttask.o(.data)
    CPUTask_Handler                          0x2000027c   Data           4  starttask.o(.data)
    OfflineCheckTask_Handler                 0x20000280   Data           4  starttask.o(.data)
    JudgeReceiveTask_Handler                 0x20000284   Data           4  starttask.o(.data)
    ChassisTask_Handler                      0x20000288   Data           4  starttask.o(.data)
    ChassisYawTask_Handler                   0x2000028c   Data           4  starttask.o(.data)
    task_ActionUpdate_Handler                0x20000290   Data           4  starttask.o(.data)
    SDCardTask_Handler                       0x20000294   Data           4  starttask.o(.data)
    INS_Task_Handler                         0x20000298   Data           4  starttask.o(.data)
    task_ZeroCheck_Handler                   0x2000029c   Data           4  starttask.o(.data)
    Sentry_State                             0x200002a0   Data           6  task_actionupdate.o(.data)
    Debug_Mode                               0x200002a6   Data           2  task_actionupdate.o(.data)
    CPU_high_water                           0x200002ac   Data           4  cpu_task.o(.data)
    ChassisYaw_Last_State                    0x200002b0   Data           1  chassisyawtask.o(.data)
    ChassisYaw_Updata_Flag                   0x200002b1   Data           1  chassisyawtask.o(.data)
    aim_flag                                 0x200002b2   Data           1  chassisyawtask.o(.data)
    C_I                                      0x200002b4   Data           2  chassisyawtask.o(.data)
    test_chassisyaw_angle                    0x200002b8   Data           4  chassisyawtask.o(.data)
    CY_DIAABLE                               0x200002bc   Data           1  chassisyawtask.o(.data)
    now_place_flag                           0x200002bd   Data           1  chassisyawtask.o(.data)
    set_speed_flag                           0x200002be   Data           1  chassisyawtask.o(.data)
    Speed_Yaw                                0x200002c0   Data           4  chassisyawtask.o(.data)
    pxCurrentTCB                             0x200002c4   Data           4  tasks.o(.data)
    Tim2_usCnt                               0x20000324   Data           4  tim2.o(.data)
    CPU_RunTime                              0x20000328   Data           4  tim4.o(.data)
    JudgeReveice_Flag                        0x2000032c   Data           1  uart4.o(.data)
    Low_Speed                                0x20000330   Data           4  rmd_l_control.o(.data)
    encoder                                  0x20000334   Data           2  rmd_l_control.o(.data)
    signalAngle                              0x20000336   Data           2  rmd_l_control.o(.data)
    multiAngle                               0x20000338   Data           8  rmd_l_control.o(.data)
    LastCNT32                                0x20000340   Data           4  counter.o(.data)
    __microlib_freelist                      0x20000358   Data           4  mvars.o(.data)
    __microlib_freelist_initialised          0x2000035c   Data           4  mvars.o(.data)
    Robot_Disconnect                         0x20000364   Data          36  main.o(.bss)
    Input                                    0x20000388   Data          16  fir.o(.bss)
    Output                                   0x20000398   Data          16  fir.o(.bss)
    Buffer                                   0x200003a8   Data          96  fir.o(.bss)
    PathInforms                              0x20000408   Data         160  navi_path.o(.bss)
    TrajectCorrectPID                        0x200004a8   Data          88  navi_path.o(.bss)
    INS                                      0x20000500   Data         128  ins.o(.bss)
    IMU_Param                                0x20000580   Data          28  ins.o(.bss)
    QEKF_INS                                 0x200005a0   Data         480  quaternionekf.o(.bss)
    IMU_QuaternionEKF_K                      0x20000780   Data          72  quaternionekf.o(.bss)
    IMU_QuaternionEKF_H                      0x200007c8   Data          72  quaternionekf.o(.bss)
    _SEGGER_RTT                              0x20000810   Data         168  segger_rtt.o(.bss)
    SaveBuffer                               0x20000cc8   Data          90  datareceivetask.o(.bss)
    RC_Ctl                                   0x20000d22   Data          54  datareceivetask.o(.bss)
    Gyro_Chassis                             0x20000d58   Data          32  datareceivetask.o(.bss)
    Gyro_ChassisYaw                          0x20000d78   Data          32  datareceivetask.o(.bss)
    JudgeReceive                             0x20000d98   Data          88  datareceivetask.o(.bss)
    FrameRate                                0x20000df0   Data          64  datareceivetask.o(.bss)
    aimRSpeed                                0x20000e30   Data          16  chassistask.o(.bss)
    Current_Change                           0x20000e40   Data          16  chassistask.o(.bss)
    Current_f                                0x20000e50   Data          16  chassistask.o(.bss)
    Flow                                     0x20000e60   Data          16  chassistask.o(.bss)
    speed                                    0x20000e70   Data          16  chassistask.o(.bss)
    ChassisMotor                             0x20000e80   Data         160  chassistask.o(.bss)
    chassis                                  0x20000f20   Data         128  chassistask.o(.bss)
    Pid_Current                              0x20000fa0   Data         352  chassistask.o(.bss)
    pidChassisWheelSpeed                     0x20001100   Data         352  chassistask.o(.bss)
    init_encoder                             0x20001260   Data          16  chassistask.o(.bss)
    dif_encoder                              0x20001270   Data          16  chassistask.o(.bss)
    User_Tasks                               0x20001280   Data          28  starttask.o(.bss)
    CPU_RunInfo1                             0x2000129c   Data         400  cpu_task.o(.bss)
    CPU_RunInfo2                             0x2000142c   Data         400  cpu_task.o(.bss)
    Mark                                     0x200015bc   Data          28  cpu_task.o(.bss)
    IMUReceive                               0x200015d8   Data          12  task_ins.o(.bss)
    IMUData                                  0x200015e4   Data          44  task_ins.o(.bss)
    Can1_rx_message_0                        0x20005cf4   Data          20  can1.o(.bss)
    Can1_rx_message_1                        0x20005d08   Data          20  can1.o(.bss)
    Can2_rx_message_0                        0x20005d1c   Data          20  can2.o(.bss)
    Can2_rx_message_1                        0x20005d30   Data          20  can2.o(.bss)
    JudgeReceiveBuffer                       0x20005d44   Data          45  uart4.o(.bss)
    JudgeSend                                0x20005d71   Data          30  uart4.o(.bss)
    Motor_9025                               0x20005d90   Data         256  rmd_l_control.o(.bss)
    VOFA_justfloat                           0x20005e90   Data          40  usart2.o(.bss)
    VOFA_send_Data                           0x20005eb8   Data          44  usart2.o(.bss)
    dma                                      0x20005ee4   Data          60  usart2.o(.bss)
    SysTime                                  0x20005f20   Data          12  counter.o(.bss)
    __heap_base                              0x20005f30   Data           0  startup_stm32f40_41xxx.o(HEAP)
    __heap_limit                             0x20006f30   Data           0  startup_stm32f40_41xxx.o(HEAP)
    __initial_sp                             0x20007330   Data           0  startup_stm32f40_41xxx.o(STACK)



==============================================================================

Memory Map of the image

  Image Entry point : 0x08000189

  Load Region LR_IROM1 (Base: 0x08000000, Size: 0x0001f88c, Max: 0x00100000, ABSOLUTE, COMPRESSED[0x0001f5c8])

    Execution Region ER_IROM1 (Exec base: 0x08000000, Load base: 0x08000000, Size: 0x0001f528, Max: 0x00100000, ABSOLUTE)

    Exec Addr    Load Addr    Size         Type   Attr      Idx    E Section Name        Object

    0x08000000   0x08000000   0x00000188   Data   RO         2788    RESET               startup_stm32f40_41xxx.o
    0x08000188   0x08000188   0x00000000   Code   RO         6866  * .ARM.Collect$$$$00000000  mc_w.l(entry.o)
    0x08000188   0x08000188   0x00000004   Code   RO         7209    .ARM.Collect$$$$00000001  mc_w.l(entry2.o)
    0x0800018c   0x0800018c   0x00000004   Code   RO         7212    .ARM.Collect$$$$00000004  mc_w.l(entry5.o)
    0x08000190   0x08000190   0x00000000   Code   RO         7214    .ARM.Collect$$$$00000008  mc_w.l(entry7b.o)
    0x08000190   0x08000190   0x00000000   Code   RO         7216    .ARM.Collect$$$$0000000A  mc_w.l(entry8b.o)
    0x08000190   0x08000190   0x00000008   Code   RO         7217    .ARM.Collect$$$$0000000B  mc_w.l(entry9a.o)
    0x08000198   0x08000198   0x00000000   Code   RO         7219    .ARM.Collect$$$$0000000D  mc_w.l(entry10a.o)
    0x08000198   0x08000198   0x00000000   Code   RO         7221    .ARM.Collect$$$$0000000F  mc_w.l(entry11a.o)
    0x08000198   0x08000198   0x00000004   Code   RO         7210    .ARM.Collect$$$$00002712  mc_w.l(entry2.o)
    0x0800019c   0x0800019c   0x000000b6   Code   RO         5402    .emb_text           port.o
    0x08000252   0x08000252   0x00000002   PAD
    0x08000254   0x08000254   0x00000024   Code   RO         2789    .text               startup_stm32f40_41xxx.o
    0x08000278   0x08000278   0x00000024   Code   RO         6874    .text               mc_w.l(memcpya.o)
    0x0800029c   0x0800029c   0x00000024   Code   RO         6876    .text               mc_w.l(memseta.o)
    0x080002c0   0x080002c0   0x0000000e   Code   RO         6878    .text               mc_w.l(strlen.o)
    0x080002ce   0x080002ce   0x00000012   Code   RO         6880    .text               mc_w.l(strcpy.o)
    0x080002e0   0x080002e0   0x0000014e   Code   RO         7173    .text               mf_w.l(dadd.o)
    0x0800042e   0x0800042e   0x000000e4   Code   RO         7175    .text               mf_w.l(dmul.o)
    0x08000512   0x08000512   0x000000de   Code   RO         7177    .text               mf_w.l(ddiv.o)
    0x080005f0   0x080005f0   0x00000022   Code   RO         7181    .text               mf_w.l(dflti.o)
    0x08000612   0x08000612   0x00000042   Code   RO         7185    .text               mf_w.l(ffixl.o)
    0x08000654   0x08000654   0x0000003e   Code   RO         7187    .text               mf_w.l(dfixi.o)
    0x08000692   0x08000692   0x00000026   Code   RO         7189    .text               mf_w.l(f2d.o)
    0x080006b8   0x080006b8   0x00000038   Code   RO         7191    .text               mf_w.l(d2f.o)
    0x080006f0   0x080006f0   0x0000002c   Code   RO         7224    .text               mc_w.l(uidiv.o)
    0x0800071c   0x0800071c   0x0000001e   Code   RO         7226    .text               mc_w.l(llshl.o)
    0x0800073a   0x0800073a   0x00000020   Code   RO         7228    .text               mc_w.l(llushr.o)
    0x0800075a   0x0800075a   0x00000024   Code   RO         7230    .text               mc_w.l(llsshr.o)
    0x0800077e   0x0800077e   0x00000000   Code   RO         7241    .text               mc_w.l(iusefp.o)
    0x0800077e   0x0800077e   0x0000006e   Code   RO         7242    .text               mf_w.l(fepilogue.o)
    0x080007ec   0x080007ec   0x000000ba   Code   RO         7244    .text               mf_w.l(depilogue.o)
    0x080008a6   0x080008a6   0x000000a2   Code   RO         7246    .text               mf_w.l(dsqrt.o)
    0x08000948   0x08000948   0x00000024   Code   RO         7254    .text               mc_w.l(init.o)
    0x0800096c   0x0800096c   0x00000056   Code   RO         7264    .text               mc_w.l(__dczerorl2.o)
    0x080009c2   0x080009c2   0x00000002   PAD
    0x080009c4   0x080009c4   0x00000098   Code   RO         6651    .text.arm_cos_f32   arm_cortexM4lf_math.lib(arm_cos_f32.o)
    0x08000a5c   0x08000a5c   0x000002f4   Code   RO         6669    .text.arm_mat_inverse_f32  arm_cortexM4lf_math.lib(arm_mat_inverse_f32.o)
    0x08000d50   0x08000d50   0x000000a2   Code   RO         6678    .text.arm_mat_trans_f32  arm_cortexM4lf_math.lib(arm_mat_trans_f32.o)
    0x08000df2   0x08000df2   0x00000002   PAD
    0x08000df4   0x08000df4   0x00000090   Code   RO         6660    .text.arm_sin_f32   arm_cortexM4lf_math.lib(arm_sin_f32.o)
    0x08000e84   0x08000e84   0x0000002a   Code   RO            3    i.BSP_Init          main.o
    0x08000eae   0x08000eae   0x00000002   PAD
    0x08000eb0   0x08000eb0   0x0000008c   Code   RO         3863    i.BulletSpeed_CAN2Send  datasendtask.o
    0x08000f3c   0x08000f3c   0x00000004   Code   RO          314    i.BusFault_Handler  stm32f4xx_it.o
    0x08000f40   0x08000f40   0x000001a0   Code   RO         5481    i.CAN1_Configuration  can1.o
    0x080010e0   0x080010e0   0x00000038   Code   RO         5482    i.CAN1_RX0_IRQHandler  can1.o
    0x08001118   0x08001118   0x00000038   Code   RO         5483    i.CAN1_RX1_IRQHandler  can1.o
    0x08001150   0x08001150   0x0000001c   Code   RO         5484    i.CAN1_TX_IRQHandler  can1.o
    0x0800116c   0x0800116c   0x00000190   Code   RO         5522    i.CAN2_Configuration  can2.o
    0x080012fc   0x080012fc   0x00000038   Code   RO         5523    i.CAN2_RX0_IRQHandler  can2.o
    0x08001334   0x08001334   0x00000038   Code   RO         5524    i.CAN2_RX1_IRQHandler  can2.o
    0x0800136c   0x0800136c   0x0000001c   Code   RO         5525    i.CAN2_TX_IRQHandler  can2.o
    0x08001388   0x08001388   0x000000a8   Code   RO         1276    i.CAN_ClearITPendingBit  stm32f4xx_can.o
    0x08001430   0x08001430   0x00000038   Code   RO         1278    i.CAN_DeInit        stm32f4xx_can.o
    0x08001468   0x08001468   0x00000108   Code   RO         1280    i.CAN_FilterInit    stm32f4xx_can.o
    0x08001570   0x08001570   0x00000120   Code   RO         1282    i.CAN_GetITStatus   stm32f4xx_can.o
    0x08001690   0x08001690   0x00000012   Code   RO         1286    i.CAN_ITConfig      stm32f4xx_can.o
    0x080016a2   0x080016a2   0x00000114   Code   RO         1287    i.CAN_Init          stm32f4xx_can.o
    0x080017b6   0x080017b6   0x000000f0   Code   RO         1290    i.CAN_Receive       stm32f4xx_can.o
    0x080018a6   0x080018a6   0x00000020   Code   RO         1293    i.CAN_StructInit    stm32f4xx_can.o
    0x080018c6   0x080018c6   0x00000126   Code   RO         1295    i.CAN_Transmit      stm32f4xx_can.o
    0x080019ec   0x080019ec   0x00000058   Code   RO         6103    i.COUNTER_Configuration  counter.o
    0x08001a44   0x08001a44   0x000001a0   Code   RO         4518    i.CPU_task          cpu_task.o
    0x08001be4   0x08001be4   0x00000160   Code   RO         3787    i.Can1Receive0      datareceivetask.o
    0x08001d44   0x08001d44   0x00000080   Code   RO         3788    i.Can1Receive1      datareceivetask.o
    0x08001dc4   0x08001dc4   0x000001c8   Code   RO         3789    i.Can2Receive0      datareceivetask.o
    0x08001f8c   0x08001f8c   0x00000002   Code   RO         3790    i.Can2Receive1      datareceivetask.o
    0x08001f8e   0x08001f8e   0x00000002   PAD
    0x08001f90   0x08001f90   0x00000060   Code   RO         3864    i.ChassisMotorSend  datasendtask.o
    0x08001ff0   0x08001ff0   0x0000012c   Code   RO         4580    i.ChassisYaw_DEBUG_Act  chassisyawtask.o
    0x0800211c   0x0800211c   0x000000a8   Code   RO         4581    i.ChassisYaw_Init   chassisyawtask.o
    0x080021c4   0x080021c4   0x000000e0   Code   RO         4582    i.ChassisYaw_PC_Act  chassisyawtask.o
    0x080022a4   0x080022a4   0x000000f8   Code   RO         4583    i.ChassisYaw_RC_Act  chassisyawtask.o
    0x0800239c   0x0800239c   0x0000000c   Code   RO         4584    i.ChassisYaw_SLEEP_Act  chassisyawtask.o
    0x080023a8   0x080023a8   0x00000024   Code   RO         4585    i.ChassisYaw_STOP_Act  chassisyawtask.o
    0x080023cc   0x080023cc   0x00000080   Code   RO         4586    i.ChassisYaw_task   chassisyawtask.o
    0x0800244c   0x0800244c   0x00000208   Code   RO         3909    i.Chassis_Patrol_Act  chassistask.o
    0x08002654   0x08002654   0x000003d4   Code   RO         3913    i.Chassis_Protect_Act  chassistask.o
    0x08002a28   0x08002a28   0x00000334   Code   RO         3914    i.Chassis_RC_Act    chassistask.o
    0x08002d5c   0x08002d5c   0x00000014   Code   RO         3915    i.Chassis_SLEEP_Act  chassistask.o
    0x08002d70   0x08002d70   0x0000006c   Code   RO         5838    i.Chassis_Yaw_Receive  rmd_l_control.o
    0x08002ddc   0x08002ddc   0x000000c4   Code   RO         3916    i.Chassis_task      chassistask.o
    0x08002ea0   0x08002ea0   0x00000012   Code   RO         1298    i.CheckITStatus     stm32f4xx_can.o
    0x08002eb2   0x08002eb2   0x00000002   PAD
    0x08002eb4   0x08002eb4   0x00000044   Code   RO         3917    i.Current_Filter_Excu  chassistask.o
    0x08002ef8   0x08002ef8   0x00000020   Code   RO         3467    i.DBGMCU_Config     stm32f4xx_dbgmcu.o
    0x08002f18   0x08002f18   0x00000028   Code   RO         5800    i.DMA1_Stream2_IRQHandler  uart4.o
    0x08002f40   0x08002f40   0x00000034   Code   RO         5801    i.DMA1_Stream4_IRQHandler  uart4.o
    0x08002f74   0x08002f74   0x00000028   Code   RO         5930    i.DMA1_Stream6_IRQHandler  usart2.o
    0x08002f9c   0x08002f9c   0x00000034   Code   RO         1437    i.DMA_ClearFlag     stm32f4xx_dma.o
    0x08002fd0   0x08002fd0   0x00000034   Code   RO         1438    i.DMA_ClearITPendingBit  stm32f4xx_dma.o
    0x08003004   0x08003004   0x00000016   Code   RO         1439    i.DMA_Cmd           stm32f4xx_dma.o
    0x0800301a   0x0800301a   0x00000002   PAD
    0x0800301c   0x0800301c   0x00000158   Code   RO         1440    i.DMA_DeInit        stm32f4xx_dma.o
    0x08003174   0x08003174   0x00000064   Code   RO         1449    i.DMA_GetITStatus   stm32f4xx_dma.o
    0x080031d8   0x080031d8   0x0000003a   Code   RO         1450    i.DMA_ITConfig      stm32f4xx_dma.o
    0x08003212   0x08003212   0x00000002   PAD
    0x08003214   0x08003214   0x00000058   Code   RO         1451    i.DMA_Init          stm32f4xx_dma.o
    0x0800326c   0x0800326c   0x00000002   Code   RO          315    i.DebugMon_Handler  stm32f4xx_it.o
    0x0800326e   0x0800326e   0x00000002   PAD
    0x08003270   0x08003270   0x000000c0   Code   RO          527    i.Fir               fir.o
    0x08003330   0x08003330   0x000000cc   Code   RO         3792    i.Frame_Acceptance_Rate  datareceivetask.o
    0x080033fc   0x080033fc   0x00000090   Code   RO         1885    i.GPIO_Init         stm32f4xx_gpio.o
    0x0800348c   0x0800348c   0x00000046   Code   RO         1886    i.GPIO_PinAFConfig  stm32f4xx_gpio.o
    0x080034d2   0x080034d2   0x00000004   Code   RO         1893    i.GPIO_SetBits      stm32f4xx_gpio.o
    0x080034d6   0x080034d6   0x00000002   PAD
    0x080034d8   0x080034d8   0x00000034   Code   RO          468    i.Get_CRC16_Check_Sum  algorithmofcrc.o
    0x0800350c   0x0800350c   0x00000024   Code   RO          469    i.Get_CRC8_Check_Sum  algorithmofcrc.o
    0x08003530   0x08003530   0x00000004   Code   RO          316    i.HardFault_Handler  stm32f4xx_it.o
    0x08003534   0x08003534   0x000000c4   Code   RO          647    i.HeatControl_0     algo_heatcontrol.o
    0x080035f8   0x080035f8   0x000000c4   Code   RO          648    i.HeatControl_2     algo_heatcontrol.o
    0x080036bc   0x080036bc   0x000000c4   Code   RO          649    i.HeatUpdate_0      algo_heatcontrol.o
    0x08003780   0x08003780   0x000000c4   Code   RO          650    i.HeatUpdate_2      algo_heatcontrol.o
    0x08003844   0x08003844   0x00000048   Code   RO          689    i.ICM20602_init     icm20602.o
    0x0800388c   0x0800388c   0x00000238   Code   RO          929    i.IMU_QuaternionEKF_F_Linearization_P_Fading  quaternionekf.o
    0x08003ac4   0x08003ac4   0x00000130   Code   RO          930    i.IMU_QuaternionEKF_Init  quaternionekf.o
    0x08003bf4   0x08003bf4   0x00000034   Code   RO          931    i.IMU_QuaternionEKF_Observe  quaternionekf.o
    0x08003c28   0x08003c28   0x00000128   Code   RO          932    i.IMU_QuaternionEKF_SetH  quaternionekf.o
    0x08003d50   0x08003d50   0x00000508   Code   RO          934    i.IMU_QuaternionEKF_xhatUpdate  quaternionekf.o
    0x08004258   0x08004258   0x00000078   Code   RO          772    i.INS_Init          ins.o
    0x080042d0   0x080042d0   0x00000008   Code   RO         5564    i.IWDG_Feed         iwdg.o
    0x080042d8   0x080042d8   0x00000010   Code   RO         3131    i.IWDG_ReloadCounter  stm32f4xx_iwdg.o
    0x080042e8   0x080042e8   0x000005b4   Code   RO         3793    i.JudgeBuffReceive  datareceivetask.o
    0x0800489c   0x0800489c   0x00000030   Code   RO         4382    i.JudgeReceive_task  judgetask.o
    0x080048cc   0x080048cc   0x00000010   Code   RO            4    i.Judge_Rst         main.o
    0x080048dc   0x080048dc   0x0000070c   Code   RO          857    i.Kalman_Filter_Init  kalman_filter.o
    0x08004fe8   0x08004fe8   0x00000016   Code   RO          528    i.LowPass           fir.o
    0x08004ffe   0x08004ffe   0x00000002   PAD
    0x08005000   0x08005000   0x00000074   Code   RO          529    i.LowPass_SetChassis  fir.o
    0x08005074   0x08005074   0x00000004   Code   RO          317    i.MemManage_Handler  stm32f4xx_it.o
    0x08005078   0x08005078   0x00000410   Code   RO         3918    i.NAV_PATH_Act      chassistask.o
    0x08005488   0x08005488   0x00000002   Code   RO          318    i.NMI_Handler       stm32f4xx_it.o
    0x0800548a   0x0800548a   0x00000002   PAD
    0x0800548c   0x0800548c   0x00000078   Code   RO          988    i.NVIC_Init         misc.o
    0x08005504   0x08005504   0x00000090   Code   RO            5    i.Offline_Check_task  main.o
    0x08005594   0x08005594   0x00000258   Code   RO         3919    i.Outpost_Act       chassistask.o
    0x080057ec   0x080057ec   0x000002fc   Code   RO          570    i.PID_Calc          pid.o
    0x08005ae8   0x08005ae8   0x000000bc   Code   RO          614    i.PathInit          navi_path.o
    0x08005ba4   0x08005ba4   0x000002c8   Code   RO         3920    i.Patrol_Act        chassistask.o
    0x08005e6c   0x08005e6c   0x00000270   Code   RO         3921    i.Patrol_Safe_Act   chassistask.o
    0x080060dc   0x080060dc   0x000000a0   Code   RO         3922    i.Pid_ChassisWheelInit  chassistask.o
    0x0800617c   0x0800617c   0x000000c0   Code   RO         3923    i.Pid_SpeedCurrent  chassistask.o
    0x0800623c   0x0800623c   0x000000f0   Code   RO         3924    i.Position_Control  chassistask.o
    0x0800632c   0x0800632c   0x00000350   Code   RO         3925    i.PowerLimit        chassistask.o
    0x0800667c   0x0800667c   0x00000020   Code   RO         2795    i.RCC_AHB1PeriphClockCmd  stm32f4xx_rcc.o
    0x0800669c   0x0800669c   0x00000020   Code   RO         2804    i.RCC_APB1PeriphClockCmd  stm32f4xx_rcc.o
    0x080066bc   0x080066bc   0x00000020   Code   RO         2806    i.RCC_APB1PeriphResetCmd  stm32f4xx_rcc.o
    0x080066dc   0x080066dc   0x000000e8   Code   RO         2816    i.RCC_GetClocksFreq  stm32f4xx_rcc.o
    0x080067c4   0x080067c4   0x00000048   Code   RO         3795    i.RC_Rst            datareceivetask.o
    0x0800680c   0x0800680c   0x0000002c   Code   RO            6    i.Robot_Init        main.o
    0x08006838   0x08006838   0x00000010   Code   RO         4300    i.Rst_Debug         task_actionupdate.o
    0x08006848   0x08006848   0x000000a0   Code   RO         3529    i.SEGGER_RTT_SetTerminal  segger_rtt.o
    0x080068e8   0x080068e8   0x00000048   Code   RO         3532    i.SEGGER_RTT_Write  segger_rtt.o
    0x08006930   0x08006930   0x00000084   Code   RO         3535    i.SEGGER_RTT_WriteNoLock  segger_rtt.o
    0x080069b4   0x080069b4   0x00000022   Code   RO         3747    i.SEGGER_RTT_printf  segger_rtt_printf.o
    0x080069d6   0x080069d6   0x0000020a   Code   RO         3748    i.SEGGER_RTT_vprintf  segger_rtt_printf.o
    0x08006be0   0x08006be0   0x000000ec   Code   RO          429    i.SetSysClock       system_stm32f4xx.o
    0x08006ccc   0x08006ccc   0x0000008c   Code   RO         3866    i.ShootingHeat_CAN2Send  datasendtask.o
    0x08006d58   0x08006d58   0x00000008   Code   RO          319    i.SysTick_Handler   stm32f4xx_it.o
    0x08006d60   0x08006d60   0x00000068   Code   RO          431    i.SystemInit        system_stm32f4xx.o
    0x08006dc8   0x08006dc8   0x00000068   Code   RO         5592    i.TIM2_Configuration  tim2.o
    0x08006e30   0x08006e30   0x00000024   Code   RO         5593    i.TIM2_IRQHandler   tim2.o
    0x08006e54   0x08006e54   0x0000005c   Code   RO         5627    i.TIM4_Configuration  tim4.o
    0x08006eb0   0x08006eb0   0x00000028   Code   RO         5628    i.TIM4_IRQHandler   tim4.o
    0x08006ed8   0x08006ed8   0x00000006   Code   RO         2048    i.TIM_ClearFlag     stm32f4xx_tim.o
    0x08006ede   0x08006ede   0x00000006   Code   RO         2049    i.TIM_ClearITPendingBit  stm32f4xx_tim.o
    0x08006ee4   0x08006ee4   0x00000018   Code   RO         2054    i.TIM_Cmd           stm32f4xx_tim.o
    0x08006efc   0x08006efc   0x00000006   Code   RO         2073    i.TIM_GetCounter    stm32f4xx_tim.o
    0x08006f02   0x08006f02   0x00000022   Code   RO         2075    i.TIM_GetITStatus   stm32f4xx_tim.o
    0x08006f24   0x08006f24   0x00000012   Code   RO         2079    i.TIM_ITConfig      stm32f4xx_tim.o
    0x08006f36   0x08006f36   0x00000004   Code   RO         2120    i.TIM_SetCounter    stm32f4xx_tim.o
    0x08006f3a   0x08006f3a   0x00000002   PAD
    0x08006f3c   0x08006f3c   0x00000084   Code   RO         2126    i.TIM_TimeBaseInit  stm32f4xx_tim.o
    0x08006fc0   0x08006fc0   0x000001d8   Code   RO         5802    i.UART4_Configuration  uart4.o
    0x08007198   0x08007198   0x00000012   Code   RO         2600    i.USART_ClearFlag   stm32f4xx_usart.o
    0x080071aa   0x080071aa   0x00000018   Code   RO         2604    i.USART_Cmd         stm32f4xx_usart.o
    0x080071c2   0x080071c2   0x00000012   Code   RO         2605    i.USART_DMACmd      stm32f4xx_usart.o
    0x080071d4   0x080071d4   0x000000d4   Code   RO         2611    i.USART_Init        stm32f4xx_usart.o
    0x080072a8   0x080072a8   0x00000004   Code   RO          320    i.UsageFault_Handler  stm32f4xx_it.o
    0x080072ac   0x080072ac   0x000000a0   Code   RO         5931    i.VOFA_Send         usart2.o
    0x0800734c   0x0800734c   0x00000170   Code   RO         5932    i.VOFA_USART_Configuration  usart2.o
    0x080074bc   0x080074bc   0x00000040   Code   RO          470    i.Verify_CRC16_Check_Sum  algorithmofcrc.o
    0x080074fc   0x080074fc   0x00000038   Code   RO          471    i.Verify_CRC8_Check_Sum  algorithmofcrc.o
    0x08007534   0x08007534   0x0000005c   Code   RO         5845    i.Yaw_I_Control     rmd_l_control.o
    0x08007590   0x08007590   0x000000c8   Code   RO         4342    i.ZeroCheck         zerochecktask.o
    0x08007658   0x08007658   0x00000088   Code   RO         4343    i.ZeroCheck_Init    zerochecktask.o
    0x080076e0   0x080076e0   0x00000094   Code   RO         4344    i.ZeroCheck_cal     zerochecktask.o
    0x08007774   0x08007774   0x00000070   Code   RO         3539    i._DoInit           segger_rtt.o
    0x080077e4   0x080077e4   0x0000001c   Code   RO         3540    i._GetAvailWriteSpace  segger_rtt.o
    0x08007800   0x08007800   0x000000ec   Code   RO         3749    i._PrintInt         segger_rtt_printf.o
    0x080078ec   0x080078ec   0x000000ec   Code   RO         3750    i._PrintUnsigned    segger_rtt_printf.o
    0x080079d8   0x080079d8   0x00000044   Code   RO         3751    i._StoreChar        segger_rtt_printf.o
    0x08007a1c   0x08007a1c   0x00000076   Code   RO         3542    i._WriteBlocking    segger_rtt.o
    0x08007a92   0x08007a92   0x00000058   Code   RO         3543    i._WriteNoCheck     segger_rtt.o
    0x08007aea   0x08007aea   0x00000002   PAD
    0x08007aec   0x08007aec   0x00000028   Code   RO         6975    i.__0sprintf$3      mc_w.l(printf3.o)
    0x08007b14   0x08007b14   0x00000118   Code   RO         6806    i.__hardfp_acosf    m_wm.l(acosf.o)
    0x08007c2c   0x08007c2c   0x0000007a   Code   RO         6842    i.__hardfp_sqrt     m_wm.l(sqrt.o)
    0x08007ca6   0x08007ca6   0x00000006   Code   RO         7196    i.__mathlib_flt_infnan  m_wm.l(funder.o)
    0x08007cac   0x08007cac   0x00000010   Code   RO         7198    i.__mathlib_flt_invalid  m_wm.l(funder.o)
    0x08007cbc   0x08007cbc   0x0000000e   Code   RO         7258    i.__scatterload_copy  mc_w.l(handlers.o)
    0x08007cca   0x08007cca   0x00000002   Code   RO         7259    i.__scatterload_null  mc_w.l(handlers.o)
    0x08007ccc   0x08007ccc   0x0000000e   Code   RO         7260    i.__scatterload_zeroinit  mc_w.l(handlers.o)
    0x08007cda   0x08007cda   0x00000002   PAD
    0x08007cdc   0x08007cdc   0x0000000c   Code   RO         7236    i.__set_errno       mc_w.l(errno.o)
    0x08007ce8   0x08007ce8   0x000001b8   Code   RO         6980    i._printf_core      mc_w.l(printf3.o)
    0x08007ea0   0x08007ea0   0x0000000a   Code   RO         6982    i._sputc            mc_w.l(printf3.o)
    0x08007eaa   0x08007eaa   0x000000c0   Code   RO         6244    i.arm_mat_add_f32   arm_mat_add_f32.o
    0x08007f6a   0x08007f6a   0x00000008   Code   RO         6201    i.arm_mat_init_f32  arm_mat_init_f32.o
    0x08007f72   0x08007f72   0x00000002   PAD
    0x08007f74   0x08007f74   0x00000144   Code   RO         6224    i.arm_mat_mult_f32  arm_mat_mult_f32.o
    0x080080b8   0x080080b8   0x000000c0   Code   RO         6284    i.arm_mat_sub_f32   arm_mat_sub_f32.o
    0x08008178   0x08008178   0x0000046c   Code   RO          615    i.chassisNavigate   navi_path.o
    0x080085e4   0x080085e4   0x00000036   Code   RO         5594    i.delay_ms          tim2.o
    0x0800861a   0x0800861a   0x00000002   PAD
    0x0800861c   0x0800861c   0x0000006c   Code   RO         4976    i.eTaskGetState     tasks.o
    0x08008688   0x08008688   0x00000040   Code   RO         5668    i.i2c_init          i2c.o
    0x080086c8   0x080086c8   0x0000003c   Code   RO          935    i.invSqrt           quaternionekf.o
    0x08008704   0x08008704   0x0000006c   Code   RO            7    i.main              main.o
    0x08008770   0x08008770   0x0000006c   Code   RO         7146    i.malloc            mc_w.l(malloc.o)
    0x080087dc   0x080087dc   0x00000098   Code   RO         4978    i.prvAddCurrentTaskToDelayedList  tasks.o
    0x08008874   0x08008874   0x000000b8   Code   RO         4979    i.prvAddNewTaskToReadyList  tasks.o
    0x0800892c   0x0800892c   0x00000064   Code   RO         4980    i.prvCheckTasksWaitingTermination  tasks.o
    0x08008990   0x08008990   0x00000012   Code   RO         4981    i.prvDeleteTCB      tasks.o
    0x080089a2   0x080089a2   0x00000002   PAD
    0x080089a4   0x080089a4   0x0000007c   Code   RO         5345    i.prvHeapInit       heap_4.o
    0x08008a20   0x08008a20   0x00000028   Code   RO         4982    i.prvIdleTask       tasks.o
    0x08008a48   0x08008a48   0x00000090   Code   RO         4983    i.prvInitialiseNewTask  tasks.o
    0x08008ad8   0x08008ad8   0x00000068   Code   RO         4984    i.prvInitialiseTaskLists  tasks.o
    0x08008b40   0x08008b40   0x00000068   Code   RO         5346    i.prvInsertBlockIntoFreeList  heap_4.o
    0x08008ba8   0x08008ba8   0x0000006a   Code   RO         4985    i.prvListTasksWithinSingleList  tasks.o
    0x08008c12   0x08008c12   0x00000002   PAD
    0x08008c14   0x08008c14   0x00000034   Code   RO         4986    i.prvResetNextTaskUnblockTime  tasks.o
    0x08008c48   0x08008c48   0x00000016   Code   RO         4987    i.prvTaskCheckFreeStackSpace  tasks.o
    0x08008c5e   0x08008c5e   0x00000016   Code   RO         5403    i.prvTaskExitError  port.o
    0x08008c74   0x08008c74   0x0000002a   Code   RO         4989    i.prvWriteNameToBuffer  tasks.o
    0x08008c9e   0x08008c9e   0x00000002   PAD
    0x08008ca0   0x08008ca0   0x000000d0   Code   RO         5347    i.pvPortMalloc      heap_4.o
    0x08008d70   0x08008d70   0x0000002c   Code   RO         5404    i.pxPortInitialiseStack  port.o
    0x08008d9c   0x08008d9c   0x00000038   Code   RO         4301    i.sentry_state_reflect  task_actionupdate.o
    0x08008dd4   0x08008dd4   0x0000003e   Code   RO         6856    i.sqrtf             m_wm.l(sqrtf.o)
    0x08008e12   0x08008e12   0x00000002   PAD
    0x08008e14   0x08008e14   0x0000002c   Code   RO         4270    i.startTast         starttask.o
    0x08008e40   0x08008e40   0x00000160   Code   RO         4271    i.start_task        starttask.o
    0x08008fa0   0x08008fa0   0x00000020   Code   RO         4302    i.task_ActionUpdate  task_actionupdate.o
    0x08008fc0   0x08008fc0   0x00000012   Code   RO         4345    i.task_ZeroCheck    zerochecktask.o
    0x08008fd2   0x08008fd2   0x00000002   PAD
    0x08008fd4   0x08008fd4   0x00000120   Code   RO         4303    i.update_state_with_RCdata  task_actionupdate.o
    0x080090f4   0x080090f4   0x00000028   Code   RO         4762    i.uxListRemove      list.o
    0x0800911c   0x0800911c   0x00000028   Code   RO         4992    i.uxTaskGetStackHighWaterMark  tasks.o
    0x08009144   0x08009144   0x000000b8   Code   RO         4993    i.uxTaskGetSystemState  tasks.o
    0x080091fc   0x080091fc   0x0000001a   Code   RO         4763    i.vListInitialise   list.o
    0x08009216   0x08009216   0x00000006   Code   RO         4764    i.vListInitialiseItem  list.o
    0x0800921c   0x0800921c   0x00000034   Code   RO         4765    i.vListInsert       list.o
    0x08009250   0x08009250   0x00000018   Code   RO         4766    i.vListInsertEnd    list.o
    0x08009268   0x08009268   0x00000024   Code   RO         5406    i.vPortEnterCritical  port.o
    0x0800928c   0x0800928c   0x00000020   Code   RO         5407    i.vPortExitCritical  port.o
    0x080092ac   0x080092ac   0x00000048   Code   RO         5348    i.vPortFree         heap_4.o
    0x080092f4   0x080092f4   0x00000020   Code   RO         5408    i.vPortSetupTimerInterrupt  port.o
    0x08009314   0x08009314   0x00000034   Code   RO         4998    i.vTaskDelay        tasks.o
    0x08009348   0x08009348   0x00000074   Code   RO         4999    i.vTaskDelayUntil   tasks.o
    0x080093bc   0x080093bc   0x000000cc   Code   RO         5000    i.vTaskDelete       tasks.o
    0x08009488   0x08009488   0x00000078   Code   RO         5002    i.vTaskGetInfo      tasks.o
    0x08009500   0x08009500   0x000000d4   Code   RO         5003    i.vTaskGetRunTimeStats  tasks.o
    0x080095d4   0x080095d4   0x000000e0   Code   RO         5004    i.vTaskList         tasks.o
    0x080096b4   0x080096b4   0x0000006c   Code   RO         5013    i.vTaskStartScheduler  tasks.o
    0x08009720   0x08009720   0x00000010   Code   RO         5015    i.vTaskSuspendAll   tasks.o
    0x08009730   0x08009730   0x000000a0   Code   RO         5016    i.vTaskSwitchContext  tasks.o
    0x080097d0   0x080097d0   0x00000048   Code   RO         5409    i.xPortStartScheduler  port.o
    0x08009818   0x08009818   0x00000034   Code   RO         5410    i.xPortSysTickHandler  port.o
    0x0800984c   0x0800984c   0x00000060   Code   RO         5018    i.xTaskCreate       tasks.o
    0x080098ac   0x080098ac   0x0000000c   Code   RO         5022    i.xTaskGetTickCount  tasks.o
    0x080098b8   0x080098b8   0x0000011c   Code   RO         5024    i.xTaskIncrementTick  tasks.o
    0x080099d4   0x080099d4   0x000000e8   Code   RO         5029    i.xTaskResumeAll    tasks.o
    0x08009abc   0x08009abc   0x00000301   Data   RO          472    .constdata          algorithmofcrc.o
    0x08009dbd   0x08009dbd   0x00000003   PAD
    0x08009dc0   0x08009dc0   0x00000018   Data   RO          532    .constdata          fir.o
    0x08009dd8   0x08009dd8   0x00014e78   Data   RO          590    .constdata          path.o
    0x0801ec50   0x0801ec50   0x00000090   Data   RO          937    .constdata          quaternionekf.o
    0x0801ece0   0x0801ece0   0x00000011   Data   RO         3545    .constdata          segger_rtt.o
    0x0801ecf1   0x0801ecf1   0x00000010   Data   RO         3752    .constdata          segger_rtt_printf.o
    0x0801ed01   0x0801ed01   0x00000003   PAD
    0x0801ed04   0x0801ed04   0x00000804   Data   RO         6799    .rodata.sinTable_f32  arm_cortexM4lf_math.lib(arm_common_tables.o)
    0x0801f508   0x0801f508   0x00000020   Data   RO         7256    Region$$Table       anon$$obj.o


    Execution Region RW_IRAM1 (Exec base: 0x20000000, Load base: 0x0801f528, Size: 0x00007330, Max: 0x00020000, ABSOLUTE, COMPRESSED[0x000000a0])

    Exec Addr    Load Addr    Size         Type   Attr      Idx    E Section Name        Object

    0x20000000   COMPRESSED   0x00000008   Data   RW            9    .data               main.o
    0x20000008   COMPRESSED   0x00000014   Data   RW          432    .data               system_stm32f4xx.o
    0x2000001c   COMPRESSED   0x00000004   Data   RW          473    .data               algorithmofcrc.o
    0x20000020   COMPRESSED   0x0000000d   Data   RW          617    .data               navi_path.o
    0x2000002d   COMPRESSED   0x00000003   PAD
    0x20000030   COMPRESSED   0x00000050   Data   RW          651    .data               algo_heatcontrol.o
    0x20000080   COMPRESSED   0x00000004   Data   RW          865    .data               kalman_filter.o
    0x20000084   COMPRESSED   0x000000d4   Data   RW          938    .data               quaternionekf.o
    0x20000158   COMPRESSED   0x00000010   Data   RW         2848    .data               stm32f4xx_rcc.o
    0x20000168   COMPRESSED   0x00000011   Data   RW         3546    .data               segger_rtt.o
    0x20000179   COMPRESSED   0x00000003   PAD
    0x2000017c   COMPRESSED   0x0000001b   Data   RW         3797    .data               datareceivetask.o
    0x20000197   COMPRESSED   0x00000001   PAD
    0x20000198   COMPRESSED   0x000000dd   Data   RW         3927    .data               chassistask.o
    0x20000275   COMPRESSED   0x00000003   PAD
    0x20000278   COMPRESSED   0x00000028   Data   RW         4273    .data               starttask.o
    0x200002a0   COMPRESSED   0x00000008   Data   RW         4304    .data               task_actionupdate.o
    0x200002a8   COMPRESSED   0x00000004   Data   RW         4346    .data               zerochecktask.o
    0x200002ac   COMPRESSED   0x00000004   Data   RW         4520    .data               cpu_task.o
    0x200002b0   COMPRESSED   0x00000014   Data   RW         4587    .data               chassisyawtask.o
    0x200002c4   COMPRESSED   0x00000044   Data   RW         5032    .data               tasks.o
    0x20000308   COMPRESSED   0x00000018   Data   RW         5353    .data               heap_4.o
    0x20000320   COMPRESSED   0x00000004   Data   RW         5411    .data               port.o
    0x20000324   COMPRESSED   0x00000004   Data   RW         5595    .data               tim2.o
    0x20000328   COMPRESSED   0x00000004   Data   RW         5629    .data               tim4.o
    0x2000032c   COMPRESSED   0x00000001   Data   RW         5804    .data               uart4.o
    0x2000032d   COMPRESSED   0x00000003   PAD
    0x20000330   COMPRESSED   0x00000010   Data   RW         5850    .data               rmd_l_control.o
    0x20000340   COMPRESSED   0x00000018   Data   RW         6113    .data               counter.o
    0x20000358   COMPRESSED   0x00000004   Data   RW         7232    .data               mc_w.l(mvars.o)
    0x2000035c   COMPRESSED   0x00000004   Data   RW         7233    .data               mc_w.l(mvars.o)
    0x20000360   COMPRESSED   0x00000004   Data   RW         7237    .data               mc_w.l(errno.o)
    0x20000364        -       0x00000024   Zero   RW            8    .bss                main.o
    0x20000388        -       0x00000080   Zero   RW          531    .bss                fir.o
    0x20000408        -       0x000000f8   Zero   RW          616    .bss                navi_path.o
    0x20000500        -       0x0000009c   Zero   RW          776    .bss                ins.o
    0x2000059c   COMPRESSED   0x00000004   PAD
    0x200005a0        -       0x00000270   Zero   RW          936    .bss                quaternionekf.o
    0x20000810        -       0x000004b8   Zero   RW         3544    .bss                segger_rtt.o
    0x20000cc8        -       0x00000168   Zero   RW         3796    .bss                datareceivetask.o
    0x20000e30        -       0x00000450   Zero   RW         3926    .bss                chassistask.o
    0x20001280        -       0x0000001c   Zero   RW         4272    .bss                starttask.o
    0x2000129c        -       0x0000033c   Zero   RW         4519    .bss                cpu_task.o
    0x200015d8        -       0x00000038   Zero   RW         4555    .bss                task_ins.o
    0x20001610        -       0x000002e4   Zero   RW         5031    .bss                tasks.o
    0x200018f4        -       0x00004400   Zero   RW         5352    .bss                heap_4.o
    0x20005cf4        -       0x00000028   Zero   RW         5485    .bss                can1.o
    0x20005d1c        -       0x00000028   Zero   RW         5526    .bss                can2.o
    0x20005d44        -       0x0000004b   Zero   RW         5803    .bss                uart4.o
    0x20005d8f   COMPRESSED   0x00000001   PAD
    0x20005d90        -       0x00000100   Zero   RW         5849    .bss                rmd_l_control.o
    0x20005e90        -       0x00000090   Zero   RW         5934    .bss                usart2.o
    0x20005f20        -       0x0000000c   Zero   RW         6112    .bss                counter.o
    0x20005f2c   COMPRESSED   0x00000004   PAD
    0x20005f30        -       0x00001000   Zero   RW         2787    HEAP                startup_stm32f40_41xxx.o
    0x20006f30        -       0x00000400   Zero   RW         2786    STACK               startup_stm32f40_41xxx.o


==============================================================================

Image component sizes


      Code (inc. data)   RO Data    RW Data    ZI Data      Debug   Object Name

       784        160          0         80          0       4024   algo_heatcontrol.o
       208         22        769          4          0       7097   algorithmofcrc.o
       192          0          0          0          0       1446   arm_mat_add_f32.o
         8          0          0          0          0       1047   arm_mat_init_f32.o
       324          4          0          0          0       1671   arm_mat_mult_f32.o
       192          0          0          0          0       1446   arm_mat_sub_f32.o
       556         34          0          0         40       2956   can1.o
       540         34          0          0         40       2956   can2.o
      7020        578          0        221       1104      25610   chassistask.o
      1116        170          0         20          0       5053   chassisyawtask.o
        88         18          0         24         12       1752   counter.o
       416        226          0          4        828       1592   cpu_task.o
      2674        162          0         27        360       9291   datareceivetask.o
       376         58          0          0          0       2158   datasendtask.o
       330         34         24          0        128       2996   fir.o
       508         62          0         24      17408       4107   heap_4.o
        64          4          0          0          0        579   i2c.o
        72         22          0          0          0     240252   icm20602.o
       120         26          0          0        156      18885   ins.o
         8          0          0          0          0        508   iwdg.o
        48         10          0          0          0        592   judgetask.o
      1804         12          0          4          0       3850   kalman_filter.o
       148          0          0          0          0       3482   list.o
       354         36          0          8         36     333232   main.o
       120         14          0          0          0       1076   misc.o
      1320         78          0         13        248       3415   navi_path.o
         0          0      85624          0          0       1452   path.o
       764          4          0          0          0       1207   pid.o
       472         58          0          4          0       9944   port.o
      2568        160        144        212        624       8199   quaternionekf.o
       200         26          0         16        256       3120   rmd_l_control.o
         0          0          0          0          0       7764   sdcardtask.o
       710         54         17         17       1208      12619   segger_rtt.o
      1096          6         16          0          0       6245   segger_rtt_printf.o
       396        200          0         40         28       2870   starttask.o
        36          8        392          0       5120        892   startup_stm32f40_41xxx.o
      1654         22          0          0          0       7932   stm32f4xx_can.o
        32          6          0          0          0        612   stm32f4xx_dbgmcu.o
       716         72          0          0          0       6083   stm32f4xx_dma.o
       218          0          0          0          0       2470   stm32f4xx_gpio.o
        28          0          0          0          0      64067   stm32f4xx_it.o
        16          6          0          0          0        529   stm32f4xx_iwdg.o
       328         36          0         16          0       4827   stm32f4xx_rcc.o
       230         28          0          0          0       5656   stm32f4xx_tim.o
       272          8          0          0          0       3418   stm32f4xx_usart.o
       340         32          0         20          0       1877   system_stm32f4xx.o
       392         24          0          8          0       3910   task_actionupdate.o
         0          0          0          0         56        305   task_ins.o
      3132        444          0         68        740      32116   tasks.o
       194          4          0          4          0       2059   tim2.o
       132         12          0          4          0       1805   tim4.o
       564         46          0          1         75       2950   uart4.o
       568         54          0          0        144       2905   usart2.o
       502         62          0          4          0       3016   zerochecktask.o

    ----------------------------------------------------------------------
     34986       3136      87024        856      28620     881922   Object Totals
         0          0         32          0          0          0   (incl. Generated)
        36          0          6         13          9          0   (incl. Padding)

    ----------------------------------------------------------------------

      Code (inc. data)   RO Data    RW Data    ZI Data      Debug   Library Member Name

         0          0       2052          0          0       6294   arm_common_tables.o
       152         12          0          0          0       1104   arm_cos_f32.o
       756          4          0          0          0       3732   arm_mat_inverse_f32.o
       162          0          0          0          0       1865   arm_mat_trans_f32.o
       144         12          0          0          0       1092   arm_sin_f32.o
       280         46          0          0          0        176   acosf.o
        22          6          0          0          0        232   funder.o
       122          0          0          0          0        148   sqrt.o
        62          0          0          0          0        136   sqrtf.o
        86          0          0          0          0          0   __dczerorl2.o
         0          0          0          0          0          0   entry.o
         0          0          0          0          0          0   entry10a.o
         0          0          0          0          0          0   entry11a.o
         8          4          0          0          0          0   entry2.o
         4          0          0          0          0          0   entry5.o
         0          0          0          0          0          0   entry7b.o
         0          0          0          0          0          0   entry8b.o
         8          4          0          0          0          0   entry9a.o
        12          6          0          4          0         68   errno.o
        30          0          0          0          0          0   handlers.o
        36          8          0          0          0         68   init.o
         0          0          0          0          0          0   iusefp.o
        30          0          0          0          0         68   llshl.o
        36          0          0          0          0         68   llsshr.o
        32          0          0          0          0         68   llushr.o
       108         16          0          0          0         84   malloc.o
        36          0          0          0          0         68   memcpya.o
        36          0          0          0          0        108   memseta.o
         0          0          0          8          0          0   mvars.o
       490         10          0          0          0        252   printf3.o
        18          0          0          0          0         68   strcpy.o
        14          0          0          0          0         68   strlen.o
        44          0          0          0          0         80   uidiv.o
        56          0          0          0          0         88   d2f.o
       334          0          0          0          0        148   dadd.o
       222          0          0          0          0        100   ddiv.o
       186          0          0          0          0        176   depilogue.o
        62          0          0          0          0         80   dfixi.o
        34          0          0          0          0         76   dflti.o
       228          0          0          0          0         96   dmul.o
       162          0          0          0          0        100   dsqrt.o
        38          0          0          0          0         68   f2d.o
       110          0          0          0          0        168   fepilogue.o
        66          0          0          0          0         76   ffixl.o

    ----------------------------------------------------------------------
      4234        128       2052         12          0      17023   Library Totals
         8          0          0          0          0          0   (incl. Padding)

    ----------------------------------------------------------------------

      Code (inc. data)   RO Data    RW Data    ZI Data      Debug   Library Name

      1214         28       2052          0          0      14087   arm_cortexM4lf_math.lib
       486         52          0          0          0        692   m_wm.l
      1028         48          0         12          0       1068   mc_w.l
      1498          0          0          0          0       1176   mf_w.l

    ----------------------------------------------------------------------
      4234        128       2052         12          0      17023   Library Totals

    ----------------------------------------------------------------------

==============================================================================


      Code (inc. data)   RO Data    RW Data    ZI Data      Debug   

     39220       3264      89076        868      28620     878637   Grand Totals
     39220       3264      89076        160      28620     878637   ELF Image Totals (compressed)
     39220       3264      89076        160          0          0   ROM Totals

==============================================================================

    Total RO  Size (Code + RO Data)               128296 ( 125.29kB)
    Total RW  Size (RW Data + ZI Data)             29488 (  28.80kB)
    Total ROM Size (Code + RO Data + RW Data)     128456 ( 125.45kB)

==============================================================================

