<html>
<body>
<pre>
<h1>礦ision Build Log</h1>
<h2>Tool Versions:</h2>
IDE-Version: μVision V5.30.0.0
Copyright (C) 2020 ARM Ltd and ARM Germany GmbH. All rights reserved.
License Information: l wm, hust, LIC=X1E4T-RJNU2-INMA7-ES4DX-ZWPZU-KL24V
 
Tool Versions:
Toolchain:       MDK-ARM Professional  Version: 5.30.0.0
Toolchain Path:  D:\LangYa\Software\Keil\Keil5\ARM\ARMCC\Bin
C Compiler:      Armcc.exe V5.06 update 6 (build 750)
Assembler:       Armasm.exe V5.06 update 6 (build 750)
Linker/Locator:  ArmLink.exe V5.06 update 6 (build 750)
Library Manager: ArmAr.exe V5.06 update 6 (build 750)
Hex Converter:   FromElf.exe V5.06 update 6 (build 750)
CPU DLL:         SARMCM3.DLL V5.30.0.0
Dialog DLL:      DCM.DLL V1.17.3.0
Target DLL:      Segger\JL2CM3.dll V2.99.18.0
Dialog DLL:      TCM.DLL V1.42.0.0
 
<h2>Project:</h2>
D:\LangYa\RM\HUST_RoboMaster2023\Sentry_Git\Sentry_down\Infantry_2023_2\F405_Gimbal\Project\HUST-RM-Master.uvprojx
Project File Date:  07/06/2023

<h2>Output:</h2>
*** Using Compiler 'V5.06 update 6 (build 750)', folder: 'D:\LangYa\Software\Keil\Keil5\ARM\ARMCC\Bin'
Build target 'HUST-RM-Master'
compiling FrictionWheel.c...
compiling MicroSw.c...
compiling can2.c...
compiling main.c...
compiling SteeringEngine.c...
compiling can1.c...
compiling tim4.c...
compiling laser.c...
compiling pc_serial.c...
compiling counter.c...
compiling usart3.c...
compiling MySensors.c...
compiling usart4_gryo.c...
compiling gpio.c...
compiling algorithmOfCRC.c...
compiling pid.c...
compiling ZeroCheckTask.c...
compiling TD.c...
compiling DataReceiveTask.c...
..\Task\DataReceiveTask.c(403): warning:  #1-D: last line of file ends without a newline
  //}
..\Task\DataReceiveTask.c: 1 warning, 0 errors
compiling queueData.c...
compiling DataSendTask.c...
..\Task\DataSendTask.c(699): warning:  #223-D: function "SendtoPC" declared implicitly
  		SendtoPC();
..\Task\DataSendTask.c: 1 warning, 0 errors
compiling ActionTask.c...
..\Task\ActionTask.c(349): warning:  #177-D: variable "waitb"  was declared but never referenced
  	static int waitb = 0;
..\Task\ActionTask.c: 1 warning, 0 errors
compiling ShootTask.c...
..\Task\ShootTask.c(71): warning:  #1035-D: single-precision operand implicitly converted to double-precision
  	if(PidFrictionSpeed[0].PreError>100 && PidFrictionSpeed[0].PreError < 1000.0)//满足掉速要求
..\Task\ShootTask.c(228): warning:  #550-D: variable "ShootContinue_init_flag"  was set but never used
  	static int ShootContinue_init_flag=0;
..\Task\ShootTask.c(389): warning:  #1035-D: single-precision operand implicitly converted to double-precision
  					MirocPosition = -k_onegrid * Onegrid * 0.8;         //控制频率很快，需要放慢拨弹速度
..\Task\ShootTask.c(405): warning:  #1035-D: single-precision operand implicitly converted to double-precision
  					MirocPosition = -k_onegrid * Onegrid * 0.1;
..\Task\ShootTask.c: 4 warnings, 0 errors
compiling GimbalTask.c...
compiling Start_Task.c...
compiling ControlTask.c...
compiling CPU_Task.c...
compiling ChassisTask.c...
linking...
Program Size: Code=59004 RO-data=3852 RW-data=1120 ZI-data=19872  
"..\OBJ\HUST-RM-Master.axf" - 0 Error(s), 7 Warning(s).

<h2>Software Packages used:</h2>

Package Vendor: Keil
                http://www.keil.com/pack/Keil.STM32F4xx_DFP.2.16.0.pack
                Keil.STM32F4xx_DFP.2.16.0
                STMicroelectronics STM32F4 Series Device Support, Drivers and Examples

<h2>Collection of Component include folders:</h2>
  .\RTE\_HUST-RM-Master
  D:\LangYa\Software\Keil\Arm\Keil\STM32F4xx_DFP\2.16.0\Drivers\CMSIS\Device\ST\STM32F4xx\Include

<h2>Collection of Component Files used:</h2>
Build Time Elapsed:  00:00:05
</pre>
</body>
</html>
