<html>
<body>
<pre>
<h1>µVision Build Log</h1>
<h2>Tool Versions:</h2>
IDE-Version: ¦ÌVision V5.30.0.0
Copyright (C) 2020 ARM Ltd and ARM Germany GmbH. All rights reserved.
License Information: l wm, hust, LIC=X1E4T-RJNU2-INMA7-ES4DX-ZWPZU-KL24V
 
Tool Versions:
Toolchain:       MDK-ARM Professional  Version: 5.30.0.0
Toolchain Path:  D:\LangYa\Software\Keil\Keil5\ARM\ARMCC\Bin
C Compiler:      Armcc.exe V5.06 update 6 (build 750)
Assembler:       Armasm.exe V5.06 update 6 (build 750)
Linker/Locator:  ArmLink.exe V5.06 update 6 (build 750)
Library Manager: ArmAr.exe V5.06 update 6 (build 750)
Hex Converter:   FromElf.exe V5.06 update 6 (build 750)
CPU DLL:         SARMCM3.DLL V5.30.0.0
Dialog DLL:      DCM.DLL V1.17.3.0
Target DLL:      Segger\JL2CM3.dll V2.99.18.0
Dialog DLL:      TCM.DLL V1.42.0.0
 
<h2>Project:</h2>
D:\LangYa\RM\HUST_RoboMaster2023\Sentry_Git\Sentry_down\Infantry_2023_2\F405_Gimbal\Project\HUST-RM-Master.uvprojx
Project File Date:  07/21/2023

<h2>Output:</h2>
*** Using Compiler 'V5.06 update 6 (build 750)', folder: 'D:\LangYa\Software\Keil\Keil5\ARM\ARMCC\Bin'
Rebuild target 'HUST-RM-Master'
assembling startup_stm32f40_41xxx.s...
compiling stm32f4xx_crc.c...
compiling system_stm32f4xx.c...
compiling stm32f4xx_adc.c...
compiling stm32f4xx_it.c...
compiling misc.c...
compiling stm32f4xx_can.c...
compiling stm32f4xx_dac.c...
compiling main.c...
compiling stm32f4xx_exti.c...
compiling stm32f4xx_flash_ramfunc.c...
compiling stm32f4xx_gpio.c...
compiling stm32f4xx_dma.c...
compiling stm32f4xx_iwdg.c...
compiling stm32f4xx_flash.c...
compiling stm32f4xx_i2c.c...
compiling stm32f4xx_rcc.c...
compiling stm32f4xx_rng.c...
compiling stm32f4xx_dbgmcu.c...
compiling stm32f4xx_syscfg.c...
compiling stm32f4xx_wwdg.c...
compiling stm32f4xx_usart.c...
compiling stm32f4xx_tim.c...
compiling stm32f4xx_rtc.c...
compiling usart1.c...
compiling iwdg.c...
compiling can1.c...
compiling SteeringEngine.c...
compiling MicroSw.c...
compiling can2.c...
compiling FrictionWheel.c...
compiling tim4.c...
compiling laser.c...
compiling os_tick.c...
compiling usart3.c...
compiling gpio.c...
compiling counter.c...
compiling pc_uart.c...
compiling usart4_gryo.c...
compiling pc_serial.c...
..\Mylib\pc_serial.c(96): warning:  #188-D: enumerated type mixed with another type
  		NAV_car.NAV_Path_State = NAV_Recv.nav_path_state;
..\Mylib\pc_serial.c(116): warning:  #1-D: last line of file ends without a newline
  }
..\Mylib\pc_serial.c: 2 warnings, 0 errors
compiling uart5.c...
compiling user_lib.c...
compiling pid.c...
compiling algorithmOfCRC.c...
compiling MySensors.c...
compiling TD.c...
compiling queueData.c...
compiling DataSendTask.c...
compiling DataReceiveTask.c...
compiling ZeroCheckTask.c...
compiling ShootTask.c...
..\Task\ShootTask.c(71): warning:  #1035-D: single-precision operand implicitly converted to double-precision
  	if(PidFrictionSpeed[0].PreError>80 && PidFrictionSpeed[0].PreError < 1000.0)//Âú×ãµôËÙÒªÇó
..\Task\ShootTask.c(231): warning:  #550-D: variable "ShootContinue_init_flag"  was set but never used
  	static int ShootContinue_init_flag=0;
..\Task\ShootTask.c: 2 warnings, 0 errors
compiling Start_Task.c...
compiling GimbalTask.c...
compiling ChassisTask.c...
compiling GimbalEstimateTask.c...
compiling ActionTask.c...
..\Task\ActionTask.c(241): warning:  #177-D: variable "waitb"  was declared but never referenced
  	static int waitb = 0;
..\Task\ActionTask.c: 1 warning, 0 errors
compiling CPU_Task.c...
compiling ControlTask.c...
compiling croutine.c...
compiling list.c...
compiling event_groups.c...
compiling queue.c...
compiling tools.c...
compiling timers.c...
compiling heap_4.c...
compiling SEGGER_RTT_printf.c...
compiling SEGGER_RTT.c...
compiling tasks.c...
compiling port.c...
compiling debug.c...
compiling RtosTaskCheck.c...
compiling icm20602.c...
compiling ins.c...
compiling kalman_filter.c...
compiling QuaternionEKF.c...
linking...
Program Size: Code=60748 RO-data=3852 RW-data=1184 ZI-data=20144  
"..\OBJ\HUST-RM-Master.axf" - 0 Error(s), 5 Warning(s).

<h2>Software Packages used:</h2>

Package Vendor: Keil
                http://www.keil.com/pack/Keil.STM32F4xx_DFP.2.16.0.pack
                Keil.STM32F4xx_DFP.2.16.0
                STMicroelectronics STM32F4 Series Device Support, Drivers and Examples

<h2>Collection of Component include folders:</h2>
  .\RTE\_HUST-RM-Master
  D:\LangYa\Software\Keil\Arm\Keil\STM32F4xx_DFP\2.16.0\Drivers\CMSIS\Device\ST\STM32F4xx\Include

<h2>Collection of Component Files used:</h2>
Build Time Elapsed:  00:00:10
</pre>
</body>
</html>
