Component: ARM Compiler 5.06 update 6 (build 750) Tool: armlink [4d35ed]

==============================================================================

Section Cross References

    main.o(i.BSP_Init) refers to adc.o(i.ADC_Configuration) for ADC_Configuration
    main.o(i.BSP_Init) refers to dac.o(i.DAC1_Init) for DAC1_Init
    main.o(i.BSP_Init) refers to can1.o(i.CAN1_Configuration) for CAN1_Configuration
    main.o(i.BSP_Init) refers to can2.o(i.CAN2_Configuration) for CAN2_Configuration
    main.o(i.BSP_Init) refers to usart2.o(i.VOFA_USART_Configuration) for VOFA_USART_Configuration
    main.o(i.BSP_Init) refers to uart4.o(i.UART4_Configuration) for UART4_Configuration
    main.o(i.BSP_Init) refers to tim2.o(i.TIM2_Configuration) for TIM2_Configuration
    main.o(i.BSP_Init) refers to tim4.o(i.TIM4_Configuration) for TIM4_Configuration
    main.o(i.BSP_Init) refers to os_tick.o(i.OS_TICK_Configuration) for OS_TICK_Configuration
    main.o(i.BSP_Init) refers to i2c.o(i.i2c_init) for i2c_init
    main.o(i.BSP_Init) refers to powercontroltask.o(i.ChargeIO_Configuration) for ChargeIO_Configuration
    main.o(i.BSP_Init) refers to stm32f4xx_gpio.o(i.GPIO_ResetBits) for GPIO_ResetBits
    main.o(i.BSP_Init) refers to tim2.o(i.delay_ms) for delay_ms
    main.o(i.BSP_Init) refers to counter.o(i.COUNTER_Configuration) for COUNTER_Configuration
    main.o(i.BSP_Init) refers to powercontroltask.o(.data) for ChargeState
    main.o(i.Judge_Rst) refers to datareceivetask.o(.bss) for JudgeReceive
    main.o(i.Offline_Check_task) refers to datareceivetask.o(i.F405_Rst) for F405_Rst
    main.o(i.Offline_Check_task) refers to main.o(i.Judge_Rst) for Judge_Rst
    main.o(i.Offline_Check_task) refers to iwdg.o(i.IWDG_Feed) for IWDG_Feed
    main.o(i.Offline_Check_task) refers to tasks.o(i.vTaskDelay) for vTaskDelay
    main.o(i.Offline_Check_task) refers to tasks.o(i.uxTaskGetStackHighWaterMark) for uxTaskGetStackHighWaterMark
    main.o(i.Offline_Check_task) refers to main.o(.bss) for Robot_Disconnect
    main.o(i.Offline_Check_task) refers to main.o(.data) for Judge_Lost
    main.o(i.Robot_Init) refers to powercontroltask.o(i.Pid_ChargeCal_Init) for Pid_ChargeCal_Init
    main.o(i.Robot_Init) refers to chassistask.o(i.Pid_ChassisWheelInit) for Pid_ChassisWheelInit
    main.o(i.Robot_Init) refers to chassistask.o(i.Chassis_Power_Control_Init) for Chassis_Power_Control_Init
    main.o(i.main) refers to main.o(i.BSP_Init) for BSP_Init
    main.o(i.main) refers to main.o(i.Robot_Init) for Robot_Init
    main.o(i.main) refers to segger_rtt.o(i.SEGGER_RTT_Init) for SEGGER_RTT_Init
    main.o(i.main) refers to segger_rtt.o(i.SEGGER_RTT_WriteString) for SEGGER_RTT_WriteString
    main.o(i.main) refers to debug.o(i.JscopeRTTInit) for JscopeRTTInit
    main.o(i.main) refers to starttask.o(i.startTast) for startTast
    main.o(i.main) refers to tasks.o(i.vTaskStartScheduler) for vTaskStartScheduler
    stm32f4xx_it.o(i.SysTick_Handler) refers to port.o(i.xPortSysTickHandler) for xPortSysTickHandler
    system_stm32f4xx.o(i.SystemCoreClockUpdate) refers to system_stm32f4xx.o(.data) for SystemCoreClock
    system_stm32f4xx.o(i.SystemInit) refers to system_stm32f4xx.o(i.SetSysClock) for SetSysClock
    algorithmofcrc.o(i.Append_CRC16_Check_Sum) refers to algorithmofcrc.o(i.Get_CRC16_Check_Sum) for Get_CRC16_Check_Sum
    algorithmofcrc.o(i.Append_CRC16_Check_Sum) refers to algorithmofcrc.o(.data) for CRC_INIT
    algorithmofcrc.o(i.Append_CRC8_Check_Sum) refers to algorithmofcrc.o(i.Get_CRC8_Check_Sum) for Get_CRC8_Check_Sum
    algorithmofcrc.o(i.Get_CRC16_Check_Sum) refers to algorithmofcrc.o(.constdata) for wCRC_Table
    algorithmofcrc.o(i.Get_CRC8_Check_Sum) refers to algorithmofcrc.o(.constdata) for CRC8_TAB
    algorithmofcrc.o(i.Verify_CRC16_Check_Sum) refers to algorithmofcrc.o(i.Get_CRC16_Check_Sum) for Get_CRC16_Check_Sum
    algorithmofcrc.o(i.Verify_CRC16_Check_Sum) refers to algorithmofcrc.o(.data) for CRC_INIT
    algorithmofcrc.o(i.Verify_CRC8_Check_Sum) refers to algorithmofcrc.o(i.Get_CRC8_Check_Sum) for Get_CRC8_Check_Sum
    algorithmofcrc.o(i.Verify_CRC8_Check_Sum) refers to algorithmofcrc.o(.data) for sss
    datascope_dp.o(i.DataScope_Data_Generate) refers to datascope_dp.o(.bss) for DataScope_OutPut_Buffer
    datascope_dp.o(i.DataScope_Get_Channel_Data) refers to datascope_dp.o(i.Float2Byte) for Float2Byte
    datascope_dp.o(i.DataScope_Get_Channel_Data) refers to datascope_dp.o(.bss) for DataScope_OutPut_Buffer
    fir.o(i.Fir) refers to fir.o(.bss) for Buffer
    fir.o(i.Fir) refers to fir.o(.constdata) for Gains
    fir.o(i.Fir) refers to chassistask.o(.bss) for Flow
    fir.o(i.LowPass_SetChassis) refers to f2d.o(.text) for __aeabi_f2d
    fir.o(i.LowPass_SetChassis) refers to dmul.o(.text) for __aeabi_dmul
    fir.o(i.LowPass_SetChassis) refers to dadd.o(.text) for __aeabi_dadd
    fir.o(i.LowPass_SetChassis) refers to d2f.o(.text) for __aeabi_d2f
[...]
    __asm___6_port_c_39a90d8d__prvStartFirstTask 0x080001bd   Thumb Code    28  port.o(.emb_text)
    __asm___6_port_c_39a90d8d__prvEnableVFP  0x080001dd   Thumb Code    16  port.o(.emb_text)
    PendSV_Handler                           0x080001f1   Thumb Code    88  port.o(.emb_text)
    vPortGetIPSR                             0x0800024d   Thumb Code     6  port.o(.emb_text)
    Reset_Handler                            0x08000255   Thumb Code     8  startup_stm32f40_41xxx.o(.text)
    ADC_IRQHandler                           0x0800026f   Thumb Code     0  startup_stm32f40_41xxx.o(.text)
    CAN1_RX1_IRQHandler                      0x0800026f   Thumb Code     0  startup_stm32f40_41xxx.o(.text)
    CAN1_SCE_IRQHandler                      0x0800026f   Thumb Code     0  startup_stm32f40_41xxx.o(.text)
    CAN1_TX_IRQHandler                       0x0800026f   Thumb Code     0  startup_stm32f40_41xxx.o(.text)
    CAN2_RX1_IRQHandler                      0x0800026f   Thumb Code     0  startup_stm32f40_41xxx.o(.text)
    CAN2_SCE_IRQHandler                      0x0800026f   Thumb Code     0  startup_stm32f40_41xxx.o(.text)
    CAN2_TX_IRQHandler                       0x0800026f   Thumb Code     0  startup_stm32f40_41xxx.o(.text)
    CRYP_IRQHandler                          0x0800026f   Thumb Code     0  startup_stm32f40_41xxx.o(.text)
    DCMI_IRQHandler                          0x0800026f   Thumb Code     0  startup_stm32f40_41xxx.o(.text)
    DMA1_Stream0_IRQHandler                  0x0800026f   Thumb Code     0  startup_stm32f40_41xxx.o(.text)
    DMA1_Stream1_IRQHandler                  0x0800026f   Thumb Code     0  startup_stm32f40_41xxx.o(.text)
    DMA1_Stream3_IRQHandler                  0x0800026f   Thumb Code     0  startup_stm32f40_41xxx.o(.text)
    DMA1_Stream5_IRQHandler                  0x0800026f   Thumb Code     0  startup_stm32f40_41xxx.o(.text)
    DMA1_Stream7_IRQHandler                  0x0800026f   Thumb Code     0  startup_stm32f40_41xxx.o(.text)
    DMA2_Stream0_IRQHandler                  0x0800026f   Thumb Code     0  startup_stm32f40_41xxx.o(.text)
    DMA2_Stream1_IRQHandler                  0x0800026f   Thumb Code     0  startup_stm32f40_41xxx.o(.text)
    DMA2_Stream2_IRQHandler                  0x0800026f   Thumb Code     0  startup_stm32f40_41xxx.o(.text)
    DMA2_Stream3_IRQHandler                  0x0800026f   Thumb Code     0  startup_stm32f40_41xxx.o(.text)
    DMA2_Stream4_IRQHandler                  0x0800026f   Thumb Code     0  startup_stm32f40_41xxx.o(.text)
    DMA2_Stream5_IRQHandler                  0x0800026f   Thumb Code     0  startup_stm32f40_41xxx.o(.text)
    DMA2_Stream6_IRQHandler                  0x0800026f   Thumb Code     0  startup_stm32f40_41xxx.o(.text)
    DMA2_Stream7_IRQHandler                  0x0800026f   Thumb Code     0  startup_stm32f40_41xxx.o(.text)
    ETH_IRQHandler                           0x0800026f   Thumb Code     0  startup_stm32f40_41xxx.o(.text)
    ETH_WKUP_IRQHandler                      0x0800026f   Thumb Code     0  startup_stm32f40_41xxx.o(.text)
    EXTI0_IRQHandler                         0x0800026f   Thumb Code     0  startup_stm32f40_41xxx.o(.text)
    EXTI15_10_IRQHandler                     0x0800026f   Thumb Code     0  startup_stm32f40_41xxx.o(.text)
    EXTI1_IRQHandler                         0x0800026f   Thumb Code     0  startup_stm32f40_41xxx.o(.text)
    EXTI2_IRQHandler                         0x0800026f   Thumb Code     0  startup_stm32f40_41xxx.o(.text)
    EXTI3_IRQHandler                         0x0800026f   Thumb Code     0  startup_stm32f40_41xxx.o(.text)
    EXTI4_IRQHandler                         0x0800026f   Thumb Code     0  startup_stm32f40_41xxx.o(.text)
    EXTI9_5_IRQHandler                       0x0800026f   Thumb Code     0  startup_stm32f40_41xxx.o(.text)
    FLASH_IRQHandler                         0x0800026f   Thumb Code     0  startup_stm32f40_41xxx.o(.text)
    FPU_IRQHandler                           0x0800026f   Thumb Code     0  startup_stm32f40_41xxx.o(.text)
    FSMC_IRQHandler                          0x0800026f   Thumb Code     0  startup_stm32f40_41xxx.o(.text)
    HASH_RNG_IRQHandler                      0x0800026f   Thumb Code     0  startup_stm32f40_41xxx.o(.text)
    I2C1_ER_IRQHandler                       0x0800026f   Thumb Code     0  startup_stm32f40_41xxx.o(.text)
    I2C1_EV_IRQHandler                       0x0800026f   Thumb Code     0  startup_stm32f40_41xxx.o(.text)
    I2C2_ER_IRQHandler                       0x0800026f   Thumb Code     0  startup_stm32f40_41xxx.o(.text)
    I2C2_EV_IRQHandler                       0x0800026f   Thumb Code     0  startup_stm32f40_41xxx.o(.text)
    I2C3_ER_IRQHandler                       0x0800026f   Thumb Code     0  startup_stm32f40_41xxx.o(.text)
    I2C3_EV_IRQHandler                       0x0800026f   Thumb Code     0  startup_stm32f40_41xxx.o(.text)
    OTG_FS_IRQHandler                        0x0800026f   Thumb Code     0  startup_stm32f40_41xxx.o(.text)
    OTG_FS_WKUP_IRQHandler                   0x0800026f   Thumb Code     0  startup_stm32f40_41xxx.o(.text)
    OTG_HS_EP1_IN_IRQHandler                 0x0800026f   Thumb Code     0  startup_stm32f40_41xxx.o(.text)
    OTG_HS_EP1_OUT_IRQHandler                0x0800026f   Thumb Code     0  startup_stm32f40_41xxx.o(.text)
    OTG_HS_IRQHandler                        0x0800026f   Thumb Code     0  startup_stm32f40_41xxx.o(.text)
    OTG_HS_WKUP_IRQHandler                   0x0800026f   Thumb Code     0  startup_stm32f40_41xxx.o(.text)
    PVD_IRQHandler                           0x0800026f   Thumb Code     0  startup_stm32f40_41xxx.o(.text)
    RCC_IRQHandler                           0x0800026f   Thumb Code     0  startup_stm32f40_41xxx.o(.text)
    RTC_Alarm_IRQHandler                     0x0800026f   Thumb Code     0  startup_stm32f40_41xxx.o(.text)
    RTC_WKUP_IRQHandler                      0x0800026f   Thumb Code     0  startup_stm32f40_41xxx.o(.text)
    SDIO_IRQHandler                          0x0800026f   Thumb Code     0  startup_stm32f40_41xxx.o(.text)
    SPI1_IRQHandler                          0x0800026f   Thumb Code     0  startup_stm32f40_41xxx.o(.text)
    SPI2_IRQHandler                          0x0800026f   Thumb Code     0  startup_stm32f40_41xxx.o(.text)
    SPI3_IRQHandler                          0x0800026f   Thumb Code     0  startup_stm32f40_41xxx.o(.text)
    TAMP_STAMP_IRQHandler                    0x0800026f   Thumb Code     0  startup_stm32f40_41xxx.o(.text)
    TIM1_BRK_TIM9_IRQHandler                 0x0800026f   Thumb Code     0  startup_stm32f40_41xxx.o(.text)
    TIM1_CC_IRQHandler                       0x0800026f   Thumb Code     0  startup_stm32f40_41xxx.o(.text)
    TIM1_TRG_COM_TIM11_IRQHandler            0x0800026f   Thumb Code     0  startup_stm32f40_41xxx.o(.text)
    TIM1_UP_TIM10_IRQHandler                 0x0800026f   Thumb Code     0  startup_stm32f40_41xxx.o(.text)
    TIM3_IRQHandler                          0x0800026f   Thumb Code     0  startup_stm32f40_41xxx.o(.text)
    TIM5_IRQHandler                          0x0800026f   Thumb Code     0  startup_stm32f40_41xxx.o(.text)
    TIM6_DAC_IRQHandler                      0x0800026f   Thumb Code     0  startup_stm32f40_41xxx.o(.text)
    TIM8_BRK_TIM12_IRQHandler                0x0800026f   Thumb Code     0  startup_stm32f40_41xxx.o(.text)
    TIM8_CC_IRQHandler                       0x0800026f   Thumb Code     0  startup_stm32f40_41xxx.o(.text)
    TIM8_TRG_COM_TIM14_IRQHandler            0x0800026f   Thumb Code     0  startup_stm32f40_41xxx.o(.text)
    TIM8_UP_TIM13_IRQHandler                 0x0800026f   Thumb Code     0  startup_stm32f40_41xxx.o(.text)
    UART4_IRQHandler                         0x0800026f   Thumb Code     0  startup_stm32f40_41xxx.o(.text)
    UART5_IRQHandler                         0x0800026f   Thumb Code     0  startup_stm32f40_41xxx.o(.text)
    USART1_IRQHandler                        0x0800026f   Thumb Code     0  startup_stm32f40_41xxx.o(.text)
    USART2_IRQHandler                        0x0800026f   Thumb Code     0  startup_stm32f40_41xxx.o(.text)
    USART3_IRQHandler                        0x0800026f   Thumb Code     0  startup_stm32f40_41xxx.o(.text)
    USART6_IRQHandler                        0x0800026f   Thumb Code     0  startup_stm32f40_41xxx.o(.text)
    WWDG_IRQHandler                          0x0800026f   Thumb Code     0  startup_stm32f40_41xxx.o(.text)
    __aeabi_uldivmod                         0x08000279   Thumb Code    98  uldiv.o(.text)
    rand                                     0x080002dd   Thumb Code    20  rand.o(.text)
    srand                                    0x080002f1   Thumb Code     6  rand.o(.text)
    __aeabi_memcpy                           0x08000301   Thumb Code    36  memcpya.o(.text)
    __aeabi_memcpy4                          0x08000301   Thumb Code     0  memcpya.o(.text)
    __aeabi_memcpy8                          0x08000301   Thumb Code     0  memcpya.o(.text)
    __aeabi_memset                           0x08000325   Thumb Code    14  memseta.o(.text)
    __aeabi_memset4                          0x08000325   Thumb Code     0  memseta.o(.text)
    __aeabi_memset8                          0x08000325   Thumb Code     0  memseta.o(.text)
    __aeabi_memclr                           0x08000333   Thumb Code     4  memseta.o(.text)
    __aeabi_memclr4                          0x08000333   Thumb Code     0  memseta.o(.text)
    __aeabi_memclr8                          0x08000333   Thumb Code     0  memseta.o(.text)
    _memset$wrapper                          0x08000337   Thumb Code    18  memseta.o(.text)
    strlen                                   0x08000349   Thumb Code    14  strlen.o(.text)
    strcpy                                   0x08000357   Thumb Code    18  strcpy.o(.text)
    __aeabi_dadd                             0x08000369   Thumb Code   322  dadd.o(.text)
    __aeabi_dsub                             0x080004ab   Thumb Code     6  dadd.o(.text)
    __aeabi_drsub                            0x080004b1   Thumb Code     6  dadd.o(.text)
    __aeabi_dmul                             0x080004b7   Thumb Code   228  dmul.o(.text)
    __aeabi_ddiv                             0x0800059b   Thumb Code   222  ddiv.o(.text)
    __aeabi_d2uiz                            0x08000679   Thumb Code    50  dfixui.o(.text)
    __aeabi_f2d                              0x080006ab   Thumb Code    38  f2d.o(.text)
    __aeabi_d2f                              0x080006d1   Thumb Code    56  d2f.o(.text)
    __aeabi_uidiv                            0x08000709   Thumb Code     0  uidiv.o(.text)
    __aeabi_uidivmod                         0x08000709   Thumb Code    44  uidiv.o(.text)
    __aeabi_llsl                             0x08000735   Thumb Code    30  llshl.o(.text)
    _ll_shift_l                              0x08000735   Thumb Code     0  llshl.o(.text)
    __aeabi_llsr                             0x08000753   Thumb Code    32  llushr.o(.text)
    _ll_ushift_r                             0x08000753   Thumb Code     0  llushr.o(.text)
    __aeabi_lasr                             0x08000773   Thumb Code    36  llsshr.o(.text)
    _ll_sshift_r                             0x08000773   Thumb Code     0  llsshr.o(.text)
    __I$use$fp                               0x08000797   Thumb Code     0  iusefp.o(.text)
    _float_round                             0x08000797   Thumb Code    18  fepilogue.o(.text)
    _float_epilogue                          0x080007a9   Thumb Code    92  fepilogue.o(.text)
    _double_round                            0x08000805   Thumb Code    30  depilogue.o(.text)
    _double_epilogue                         0x08000823   Thumb Code   156  depilogue.o(.text)
    __aeabi_d2ulz                            0x080008bf   Thumb Code    48  dfixul.o(.text)
    __aeabi_cdrcmple                         0x080008f1   Thumb Code    48  cdrcmple.o(.text)
    __scatterload                            0x08000921   Thumb Code    28  init.o(.text)
    __scatterload_rt2                        0x08000921   Thumb Code     0  init.o(.text)
    __decompress                             0x08000945   Thumb Code     0  __dczerorl2.o(.text)
    __decompress1                            0x08000945   Thumb Code    86  __dczerorl2.o(.text)
    arm_cos_f32                              0x0800099d   Thumb Code   152  arm_cos_f32.o(.text.arm_cos_f32)
    arm_sin_f32                              0x08000a35   Thumb Code   144  arm_sin_f32.o(.text.arm_sin_f32)
    ADC_Cmd                                  0x08000ac5   Thumb Code    22  stm32f4xx_adc.o(i.ADC_Cmd)
    ADC_Configuration                        0x08000add   Thumb Code   276  adc.o(i.ADC_Configuration)
    ADC_DMACmd                               0x08000c01   Thumb Code    22  stm32f4xx_adc.o(i.ADC_DMACmd)
    ADC_DMARequestAfterLastTransferCmd       0x08000c17   Thumb Code    22  stm32f4xx_adc.o(i.ADC_DMARequestAfterLastTransferCmd)
    ADC_DeInit                               0x08000c2d   Thumb Code    22  stm32f4xx_adc.o(i.ADC_DeInit)
    ADC_Filter                               0x08000c45   Thumb Code   322  powercontroltask.o(i.ADC_Filter)
    ADC_Init                                 0x08000dc9   Thumb Code    74  stm32f4xx_adc.o(i.ADC_Init)
    ADC_RegularChannelConfig                 0x08000e1d   Thumb Code   184  stm32f4xx_adc.o(i.ADC_RegularChannelConfig)
    ADC_SoftwareStartConv                    0x08000ed5   Thumb Code    10  stm32f4xx_adc.o(i.ADC_SoftwareStartConv)
    ADC_TempSensorVrefintCmd                 0x08000ee1   Thumb Code    34  stm32f4xx_adc.o(i.ADC_TempSensorVrefintCmd)
    Append_CRC16_Check_Sum                   0x08000f0d   Thumb Code    44  algorithmofcrc.o(i.Append_CRC16_Check_Sum)
    Append_CRC8_Check_Sum                    0x08000f3d   Thumb Code    36  algorithmofcrc.o(i.Append_CRC8_Check_Sum)
    BSP_Init                                 0x08000f61   Thumb Code    74  main.o(i.BSP_Init)
    BuildF105                                0x08000fb5   Thumb Code   134  chassistask.o(i.BuildF105)
    BusFault_Handler                         0x0800104d   Thumb Code     4  stm32f4xx_it.o(i.BusFault_Handler)
    CAN1_Configuration                       0x08001051   Thumb Code   284  can1.o(i.CAN1_Configuration)
    CAN1_RX0_IRQHandler                      0x08001175   Thumb Code    46  can1.o(i.CAN1_RX0_IRQHandler)
    CAN2_Configuration                       0x080011ad   Thumb Code   268  can2.o(i.CAN2_Configuration)
    CAN2_RX0_IRQHandler                      0x080012c1   Thumb Code    42  can2.o(i.CAN2_RX0_IRQHandler)
    CAN_ClearITPendingBit                    0x080012f1   Thumb Code   162  stm32f4xx_can.o(i.CAN_ClearITPendingBit)
    CAN_DeInit                               0x08001399   Thumb Code    50  stm32f4xx_can.o(i.CAN_DeInit)
    CAN_FilterInit                           0x080013d1   Thumb Code   258  stm32f4xx_can.o(i.CAN_FilterInit)
    CAN_GetITStatus                          0x080014d9   Thumb Code   284  stm32f4xx_can.o(i.CAN_GetITStatus)
    CAN_ITConfig                             0x080015f9   Thumb Code    18  stm32f4xx_can.o(i.CAN_ITConfig)
    CAN_Init                                 0x0800160b   Thumb Code   276  stm32f4xx_can.o(i.CAN_Init)
    CAN_Receive                              0x0800171f   Thumb Code   240  stm32f4xx_can.o(i.CAN_Receive)
    CAN_StructInit                           0x0800180f   Thumb Code    32  stm32f4xx_can.o(i.CAN_StructInit)
    CAN_Transmit                             0x0800182f   Thumb Code   294  stm32f4xx_can.o(i.CAN_Transmit)
    COUNTER_Configuration                    0x08001955   Thumb Code    62  counter.o(i.COUNTER_Configuration)
    CPU_task                                 0x080019a5   Thumb Code   182  cpu_task.o(i.CPU_task)
    Can1Receive0                             0x08001b39   Thumb Code   206  datareceivetask.o(i.Can1Receive0)
    Can2Receive1                             0x08001c11   Thumb Code   262  datareceivetask.o(i.Can2Receive1)
    Can2Send0                                0x08001d31   Thumb Code    70  datasendtask.o(i.Can2Send0)
    Can2Send1                                0x08001d7d   Thumb Code    68  datasendtask.o(i.Can2Send1)
    Can2Send2                                0x08001dcd   Thumb Code    46  datasendtask.o(i.Can2Send2)
    CapDraw                                  0x08001e01   Thumb Code   686  graphicssendtask.o(i.CapDraw)
    CarPosture_Change                        0x080020d9   Thumb Code  1516  graphicssendtask.o(i.CarPosture_Change)
    CharChange                               0x080026ed   Thumb Code   216  graphicssendtask.o(i.CharChange)
    CharGraphic_Draw                         0x080027e9   Thumb Code   188  graphicssendtask.o(i.CharGraphic_Draw)
    Char_Draw                                0x080028ad   Thumb Code   106  graphicssendtask.o(i.Char_Draw)
    Char_Init                                0x08002921   Thumb Code   110  graphicssendtask.o(i.Char_Init)
    ChargeControl                            0x080029ad   Thumb Code    44  powercontroltask.o(i.ChargeControl)
    ChargeIO_Configuration                   0x080029e5   Thumb Code    92  powercontroltask.o(i.ChargeIO_Configuration)
    Charge_Set                               0x08002a49   Thumb Code    94  powercontroltask.o(i.Charge_Set)
    ChassisCan1Send                          0x08002abd   Thumb Code   206  datasendtask.o(i.ChassisCan1Send)
    Chassis_CurrentPid_Cal                   0x08002ba9   Thumb Code   120  chassistask.o(i.Chassis_CurrentPid_Cal)
    Chassis_Power_Control_Init               0x08002c35   Thumb Code   344  chassistask.o(i.Chassis_Power_Control_Init)
    Chassis_Speed_Cal                        0x08002da5   Thumb Code  1484  chassistask.o(i.Chassis_Speed_Cal)
    Chassis_task                             0x0800339d   Thumb Code   114  chassistask.o(i.Chassis_task)
    Current_Filter_Excu                      0x08003441   Thumb Code    54  chassistask.o(i.Current_Filter_Excu)
    Current_Set_Jump                         0x08003485   Thumb Code   166  chassistask.o(i.Current_Set_Jump)
    DAC1_Init                                0x0800353d   Thumb Code   124  dac.o(i.DAC1_Init)
    DAC_Cmd                                  0x080035bd   Thumb Code    34  stm32f4xx_dac.o(i.DAC_Cmd)
    DAC_Init                                 0x080035e5   Thumb Code    46  stm32f4xx_dac.o(i.DAC_Init)
    DAC_SetChannel1Data                      0x08003619   Thumb Code    26  stm32f4xx_dac.o(i.DAC_SetChannel1Data)
    DAC_SetChannel2Data                      0x08003639   Thumb Code    26  stm32f4xx_dac.o(i.DAC_SetChannel2Data)
    DBGMCU_Config                            0x08003659   Thumb Code    26  stm32f4xx_dbgmcu.o(i.DBGMCU_Config)
    DMA1_Stream2_IRQHandler                  0x08003679   Thumb Code    28  uart4.o(i.DMA1_Stream2_IRQHandler)
    DMA1_Stream4_IRQHandler                  0x080036a1   Thumb Code    44  uart4.o(i.DMA1_Stream4_IRQHandler)
    DMA1_Stream6_IRQHandler                  0x080036dd   Thumb Code    30  usart2.o(i.DMA1_Stream6_IRQHandler)
    DMA_ClearFlag                            0x08003705   Thumb Code    38  stm32f4xx_dma.o(i.DMA_ClearFlag)
    DMA_ClearITPendingBit                    0x08003739   Thumb Code    38  stm32f4xx_dma.o(i.DMA_ClearITPendingBit)
    DMA_Cmd                                  0x0800376d   Thumb Code    22  stm32f4xx_dma.o(i.DMA_Cmd)
    DMA_DeInit                               0x08003785   Thumb Code   324  stm32f4xx_dma.o(i.DMA_DeInit)
    DMA_GetCmdStatus                         0x080038dd   Thumb Code    20  stm32f4xx_dma.o(i.DMA_GetCmdStatus)
    DMA_GetITStatus                          0x080038f1   Thumb Code    82  stm32f4xx_dma.o(i.DMA_GetITStatus)
    DMA_ITConfig                             0x08003955   Thumb Code    58  stm32f4xx_dma.o(i.DMA_ITConfig)
    DMA_Init                                 0x08003991   Thumb Code    82  stm32f4xx_dma.o(i.DMA_Init)
    DMA_StructInit                           0x080039e9   Thumb Code    34  stm32f4xx_dma.o(i.DMA_StructInit)
    DebugMon_Handler                         0x08003a0b   Thumb Code     2  stm32f4xx_it.o(i.DebugMon_Handler)
    F405_Rst                                 0x08003a0d   Thumb Code    12  datareceivetask.o(i.F405_Rst)
    Filter_Cal                               0x08003a1d   Thumb Code   442  chassistask.o(i.Filter_Cal)
    Fir                                      0x08003bf5   Thumb Code   176  fir.o(i.Fir)
    FloatData_Draw                           0x08003cb5   Thumb Code   250  graphicssendtask.o(i.FloatData_Draw)
    GPIO_Init                                0x08003dbd   Thumb Code   144  stm32f4xx_gpio.o(i.GPIO_Init)
    GPIO_PinAFConfig                         0x08003e4d   Thumb Code    70  stm32f4xx_gpio.o(i.GPIO_PinAFConfig)
    GPIO_ResetBits                           0x08003e93   Thumb Code     4  stm32f4xx_gpio.o(i.GPIO_ResetBits)
    GPIO_SetBits                             0x08003e97   Thumb Code     4  stm32f4xx_gpio.o(i.GPIO_SetBits)
    Get_CRC16_Check_Sum                      0x08003e9d   Thumb Code    46  algorithmofcrc.o(i.Get_CRC16_Check_Sum)
    Get_CRC8_Check_Sum                       0x08003ed1   Thumb Code    30  algorithmofcrc.o(i.Get_CRC8_Check_Sum)
    GraphicSendtask                          0x08003ef5   Thumb Code   114  graphicssendtask.o(i.GraphicSendtask)
    HardFault_Handler                        0x08003f85   Thumb Code     4  stm32f4xx_it.o(i.HardFault_Handler)
    HeatControl                              0x08003f89   Thumb Code   252  chassistask.o(i.HeatControl)
    HeatUpdate                               0x080040a5   Thumb Code   164  chassistask.o(i.HeatUpdate)
    IIC_Ack                                  0x08004169   Thumb Code    48  i2c.o(i.IIC_Ack)
    IIC_NAck                                 0x080041a1   Thumb Code    48  i2c.o(i.IIC_NAck)
    IIC_Read_Byte                            0x080041d9   Thumb Code    66  i2c.o(i.IIC_Read_Byte)
    IIC_Send_Byte                            0x08004225   Thumb Code    86  i2c.o(i.IIC_Send_Byte)
    IIC_Start                                0x08004285   Thumb Code    46  i2c.o(i.IIC_Start)
    IIC_Stop                                 0x080042bd   Thumb Code    44  i2c.o(i.IIC_Stop)
    IIC_Wait_Ack                             0x080042f1   Thumb Code    64  i2c.o(i.IIC_Wait_Ack)
    INA260_Read                              0x08004339   Thumb Code    96  ina260.o(i.INA260_Read)
    INA_READ_Current                         0x08004399   Thumb Code   120  ina260.o(i.INA_READ_Current)
    INA_READ_Power                           0x08004421   Thumb Code    64  ina260.o(i.INA_READ_Power)
    INA_READ_Vol                             0x08004469   Thumb Code   120  ina260.o(i.INA_READ_Vol)
    IWDG_Feed                                0x080044f1   Thumb Code     8  iwdg.o(i.IWDG_Feed)
    IWDG_ReloadCounter                       0x080044f9   Thumb Code    10  stm32f4xx_iwdg.o(i.IWDG_ReloadCounter)
    JscopeRTTInit                            0x08004509   Thumb Code    22  debug.o(i.JscopeRTTInit)
    JudgeBuffReceive                         0x0800452d   Thumb Code   574  datareceivetask.o(i.JudgeBuffReceive)
    JudgeReceive_task                        0x08004781   Thumb Code    28  datareceivetask.o(i.JudgeReceive_task)
    Judge_Rst                                0x080047a5   Thumb Code    12  main.o(i.Judge_Rst)
    Lanelines_Init                           0x080047b5   Thumb Code   136  graphicssendtask.o(i.Lanelines_Init)
    Line_Draw                                0x0800484d   Thumb Code   158  graphicssendtask.o(i.Line_Draw)
    LowPass_SetChassis                       0x080048f1   Thumb Code    98  fir.o(i.LowPass_SetChassis)
    MemManage_Handler                        0x08004965   Thumb Code     4  stm32f4xx_it.o(i.MemManage_Handler)
    Method_Check                             0x08004969   Thumb Code   130  chassistask.o(i.Method_Check)
    NMI_Handler                              0x08004a09   Thumb Code     2  stm32f4xx_it.o(i.NMI_Handler)
    NVIC_Init                                0x08004a0d   Thumb Code   106  misc.o(i.NVIC_Init)
    OS_TICK_Configuration                    0x08004a85   Thumb Code   104  os_tick.o(i.OS_TICK_Configuration)
    Offline_Check_task                       0x08004af1   Thumb Code   182  main.o(i.Offline_Check_task)
    PID_Calc                                 0x08004bb9   Thumb Code   340  pid.o(i.PID_Calc)
    Pid_ChargeCal_Init                       0x08004d0d   Thumb Code    56  powercontroltask.o(i.Pid_ChargeCal_Init)
    Pid_ChassisWheelInit                     0x08004d59   Thumb Code   228  chassistask.o(i.Pid_ChassisWheelInit)
    PitchUI_Change                           0x08004e5d   Thumb Code   114  graphicssendtask.o(i.PitchUI_Change)
    PowerControl_task                        0x08004ee1   Thumb Code    70  powercontroltask.o(i.PowerControl_task)
    PowerLimit                               0x08004f35   Thumb Code  1490  chassistask.o(i.PowerLimit)
    RCC_AHB1PeriphClockCmd                   0x08005531   Thumb Code    26  stm32f4xx_rcc.o(i.RCC_AHB1PeriphClockCmd)
    RCC_APB1PeriphClockCmd                   0x08005551   Thumb Code    26  stm32f4xx_rcc.o(i.RCC_APB1PeriphClockCmd)
    RCC_APB1PeriphResetCmd                   0x08005571   Thumb Code    26  stm32f4xx_rcc.o(i.RCC_APB1PeriphResetCmd)
    RCC_APB2PeriphClockCmd                   0x08005591   Thumb Code    26  stm32f4xx_rcc.o(i.RCC_APB2PeriphClockCmd)
    RCC_APB2PeriphResetCmd                   0x080055b1   Thumb Code    26  stm32f4xx_rcc.o(i.RCC_APB2PeriphResetCmd)
    RCC_GetClocksFreq                        0x080055d1   Thumb Code   214  stm32f4xx_rcc.o(i.RCC_GetClocksFreq)
    Rectangle_Draw                           0x080056b9   Thumb Code   160  graphicssendtask.o(i.Rectangle_Draw)
    Robot_Init                               0x0800575d   Thumb Code    16  main.o(i.Robot_Init)
    SDA_IN                                   0x0800576d   Thumb Code    38  i2c.o(i.SDA_IN)
    SDA_OUT                                  0x08005799   Thumb Code    60  i2c.o(i.SDA_OUT)
    SEGGER_RTT_ConfigUpBuffer                0x080057dd   Thumb Code   112  segger_rtt.o(i.SEGGER_RTT_ConfigUpBuffer)
    SEGGER_RTT_Init                          0x08005851   Thumb Code     8  segger_rtt.o(i.SEGGER_RTT_Init)
    SEGGER_RTT_SetTerminal                   0x08005859   Thumb Code   146  segger_rtt.o(i.SEGGER_RTT_SetTerminal)
    SEGGER_RTT_Write                         0x080058f9   Thumb Code    68  segger_rtt.o(i.SEGGER_RTT_Write)
    SEGGER_RTT_WriteNoLock                   0x08005941   Thumb Code   126  segger_rtt.o(i.SEGGER_RTT_WriteNoLock)
    SEGGER_RTT_WriteString                   0x080059c5   Thumb Code    26  segger_rtt.o(i.SEGGER_RTT_WriteString)
    SEGGER_RTT_printf                        0x080059df   Thumb Code    34  segger_rtt_printf.o(i.SEGGER_RTT_printf)
    SEGGER_RTT_vprintf                       0x08005a01   Thumb Code   522  segger_rtt_printf.o(i.SEGGER_RTT_vprintf)
    Send_UIPack                              0x08005c0d   Thumb Code    70  graphicssendtask.o(i.Send_UIPack)
    Send_toReferee                           0x08005c59   Thumb Code   136  graphicssendtask.o(i.Send_toReferee)
    SysTick_Handler                          0x08005de5   Thumb Code     8  stm32f4xx_it.o(i.SysTick_Handler)
    SystemInit                               0x08005ded   Thumb Code    88  system_stm32f4xx.o(i.SystemInit)
    TIM2_Configuration                       0x08005e55   Thumb Code   104  tim2.o(i.TIM2_Configuration)
    TIM2_IRQHandler                          0x08005ebd   Thumb Code    32  tim2.o(i.TIM2_IRQHandler)
    TIM4_Configuration                       0x08005ee1   Thumb Code    90  tim4.o(i.TIM4_Configuration)
    TIM4_IRQHandler                          0x08005f41   Thumb Code    22  tim4.o(i.TIM4_IRQHandler)
    TIM7_IRQHandler                          0x08005f5d   Thumb Code    32  os_tick.o(i.TIM7_IRQHandler)
    TIM_ClearFlag                            0x08005f85   Thumb Code     6  stm32f4xx_tim.o(i.TIM_ClearFlag)
    TIM_ClearITPendingBit                    0x08005f8b   Thumb Code     6  stm32f4xx_tim.o(i.TIM_ClearITPendingBit)
    TIM_Cmd                                  0x08005f91   Thumb Code    24  stm32f4xx_tim.o(i.TIM_Cmd)
    TIM_GetCounter                           0x08005fa9   Thumb Code     6  stm32f4xx_tim.o(i.TIM_GetCounter)
    TIM_GetITStatus                          0x08005faf   Thumb Code    34  stm32f4xx_tim.o(i.TIM_GetITStatus)
    TIM_ITConfig                             0x08005fd1   Thumb Code    18  stm32f4xx_tim.o(i.TIM_ITConfig)
    TIM_SetCounter                           0x08005fe3   Thumb Code     4  stm32f4xx_tim.o(i.TIM_SetCounter)
    TIM_TimeBaseInit                         0x08005fe9   Thumb Code   104  stm32f4xx_tim.o(i.TIM_TimeBaseInit)
    UART4_Configuration                      0x0800606d   Thumb Code   458  uart4.o(i.UART4_Configuration)
    USART_Cmd                                0x0800624d   Thumb Code    24  stm32f4xx_usart.o(i.USART_Cmd)
    USART_DMACmd                             0x08006265   Thumb Code    18  stm32f4xx_usart.o(i.USART_DMACmd)
    USART_Init                               0x08006279   Thumb Code   204  stm32f4xx_usart.o(i.USART_Init)
    UsageFault_Handler                       0x0800634d   Thumb Code     4  stm32f4xx_it.o(i.UsageFault_Handler)
    VOFA_Send                                0x08006351   Thumb Code    54  usart2.o(i.VOFA_Send)
    VOFA_USART_Configuration                 0x0800639d   Thumb Code   344  usart2.o(i.VOFA_USART_Configuration)
    Verify_CRC16_Check_Sum                   0x0800650d   Thumb Code    60  algorithmofcrc.o(i.Verify_CRC16_Check_Sum)
    Verify_CRC8_Check_Sum                    0x0800654d   Thumb Code    50  algorithmofcrc.o(i.Verify_CRC8_Check_Sum)
    __0sprintf                               0x080068fd   Thumb Code    34  printfa.o(i.__0sprintf)
    __1sprintf                               0x080068fd   Thumb Code     0  printfa.o(i.__0sprintf)
    __2sprintf                               0x080068fd   Thumb Code     0  printfa.o(i.__0sprintf)
    __c89sprintf                             0x080068fd   Thumb Code     0  printfa.o(i.__0sprintf)
    sprintf                                  0x080068fd   Thumb Code     0  printfa.o(i.__0sprintf)
    __scatterload_copy                       0x08006925   Thumb Code    14  handlers.o(i.__scatterload_copy)
    __scatterload_null                       0x08006933   Thumb Code     2  handlers.o(i.__scatterload_null)
    __scatterload_zeroinit                   0x08006935   Thumb Code    14  handlers.o(i.__scatterload_zeroinit)
    delay_ms                                 0x08007201   Thumb Code    54  tim2.o(i.delay_ms)
    delay_us                                 0x08007237   Thumb Code    26  tools.o(i.delay_us)
    eTaskGetState                            0x08007251   Thumb Code    88  tasks.o(i.eTaskGetState)
    i2c_init                                 0x080072bd   Thumb Code    60  i2c.o(i.i2c_init)
    main                                     0x080072fd   Thumb Code   112  main.o(i.main)
    pvPortMalloc                             0x08007845   Thumb Code   188  heap_4.o(i.pvPortMalloc)
    pxPortInitialiseStack                    0x08007915   Thumb Code    38  port.o(i.pxPortInitialiseStack)
    startTast                                0x08007941   Thumb Code    24  starttask.o(i.startTast)
    start_task                               0x0800796d   Thumb Code   158  starttask.o(i.start_task)
    ulTaskNotifyTake                         0x08007a95   Thumb Code   108  tasks.o(i.ulTaskNotifyTake)
    uxListRemove                             0x08007b09   Thumb Code    40  list.o(i.uxListRemove)
    uxTaskGetStackHighWaterMark              0x08007b31   Thumb Code    34  tasks.o(i.uxTaskGetStackHighWaterMark)
    uxTaskGetSystemState                     0x08007b59   Thumb Code   154  tasks.o(i.uxTaskGetSystemState)
    vListInitialise                          0x08007c11   Thumb Code    26  list.o(i.vListInitialise)
    vListInitialiseItem                      0x08007c2b   Thumb Code     6  list.o(i.vListInitialiseItem)
    vListInsert                              0x08007c31   Thumb Code    52  list.o(i.vListInsert)
    vListInsertEnd                           0x08007c65   Thumb Code    24  list.o(i.vListInsertEnd)
    vPortEnterCritical                       0x08007c7d   Thumb Code    30  port.o(i.vPortEnterCritical)
    vPortExitCritical                        0x08007ca1   Thumb Code    28  port.o(i.vPortExitCritical)
    vPortFree                                0x08007cc1   Thumb Code    64  heap_4.o(i.vPortFree)
    vPortSetupTimerInterrupt                 0x08007d09   Thumb Code    26  port.o(i.vPortSetupTimerInterrupt)
    vTaskDelay                               0x08007d29   Thumb Code    46  tasks.o(i.vTaskDelay)
    vTaskDelayUntil                          0x08007d5d   Thumb Code   106  tasks.o(i.vTaskDelayUntil)
    vTaskDelete                              0x08007dd1   Thumb Code   166  tasks.o(i.vTaskDelete)
    vTaskGetInfo                             0x08007e9d   Thumb Code   114  tasks.o(i.vTaskGetInfo)
    vTaskGetRunTimeStats                     0x08007f15   Thumb Code   182  tasks.o(i.vTaskGetRunTimeStats)
    vTaskList                                0x08007fe9   Thumb Code   204  tasks.o(i.vTaskList)
    vTaskStartScheduler                      0x080080c9   Thumb Code    76  tasks.o(i.vTaskStartScheduler)
    vTaskSuspendAll                          0x08008135   Thumb Code    12  tasks.o(i.vTaskSuspendAll)
    vTaskSwitchContext                       0x08008145   Thumb Code   128  tasks.o(i.vTaskSwitchContext)
    xPortStartScheduler                      0x080081e5   Thumb Code    58  port.o(i.xPortStartScheduler)
    xPortSysTickHandler                      0x0800822d   Thumb Code    46  port.o(i.xPortSysTickHandler)
    xTaskCreate                              0x08008261   Thumb Code    96  tasks.o(i.xTaskCreate)
    xTaskGenericNotify                       0x080082c1   Thumb Code   178  tasks.o(i.xTaskGenericNotify)
    xTaskGetTickCount                        0x08008385   Thumb Code     6  tasks.o(i.xTaskGetTickCount)
    xTaskIncrementTick                       0x08008391   Thumb Code   238  tasks.o(i.xTaskIncrementTick)
    xTaskResumeAll                           0x080084ad   Thumb Code   196  tasks.o(i.xTaskResumeAll)
    wCRC_Table                               0x08008594   Data         512  algorithmofcrc.o(.constdata)
    CRC8_INIT                                0x08008794   Data           1  algorithmofcrc.o(.constdata)
    CRC8_TAB                                 0x08008795   Data         256  algorithmofcrc.o(.constdata)
    Gains                                    0x08008898   Data          24  fir.o(.constdata)
    jscope_symbol                            0x080088b0   Data          12  debug.o(.constdata)
    sinTable_f32                             0x080088e0   Data        2052  arm_common_tables.o(.rodata.sinTable_f32)
    Region$$Table$$Base                      0x080090e4   Number         0  anon$$obj.o(Region$$Table)
    Region$$Table$$Limit                     0x08009104   Number         0  anon$$obj.o(Region$$Table)
    Judge_Lost                               0x20000000   Data           1  main.o(.data)
    Offline_Check_high_water                 0x20000004   Data           4  main.o(.data)
    SystemCoreClock                          0x2000000c   Data           4  system_stm32f4xx.o(.data)
    AHBPrescTable                            0x20000010   Data          16  system_stm32f4xx.o(.data)
    CRC_INIT                                 0x20000020   Data           2  algorithmofcrc.o(.data)
    sss                                      0x20000022   Data           2  algorithmofcrc.o(.data)
    k_CAP                                    0x20000034   Data           4  chassistask.o(.data)
    WheelCurrentSend                         0x20000038   Data           8  chassistask.o(.data)
    Set_Jump                                 0x20000040   Data           8  chassistask.o(.data)
    WheelStopFlag                            0x20000048   Data           4  chassistask.o(.data)
    Actual_P_max                             0x2000004c   Data           2  chassistask.o(.data)
    Self_Protect_Limit                       0x2000004e   Data           2  chassistask.o(.data)
    k_BAT                                    0x20000050   Data           4  chassistask.o(.data)
    ChassisSetUp                             0x20000054   Data           4  chassistask.o(.data)
    sgn                                      0x20000058   Data           4  chassistask.o(.data)
    Tickcnt                                  0x2000005c   Data           4  chassistask.o(.data)
    k_xy                                     0x20000060   Data           4  chassistask.o(.data)
    y_lim                                    0x20000064   Data           4  chassistask.o(.data)
    carSpeedw                                0x20000068   Data           2  chassistask.o(.data)
    ABSready_flag                            0x2000006c   Data           4  chassistask.o(.data)
    Goready_flag                             0x20000070   Data           4  chassistask.o(.data)
    T_ABS                                    0x20000074   Data           4  chassistask.o(.data)
    T_SETUP                                  0x20000078   Data           4  chassistask.o(.data)
    test_watch                               0x2000007c   Data           4  chassistask.o(.data)
    filter_en                                0x20000080   Data           1  chassistask.o(.data)
    test_cnt                                 0x20000081   Data           4  chassistask.o(.data)
    MyNowTick                                0x20000088   Data           4  chassistask.o(.data)
    test_Self_Protect_Limit                  0x2000008c   Data           2  chassistask.o(.data)
    test_k_BAT                               0x20000090   Data           4  chassistask.o(.data)
    pre_in                                   0x20000094   Data           4  chassistask.o(.data)
    SelfProtect_Cross_Flag                   0x20000098   Data           1  chassistask.o(.data)
    Rand_T                                   0x2000009c   Data           4  chassistask.o(.data)
    rand_p                                   0x200000a0   Data           4  chassistask.o(.data)
    rand_cnt                                 0x200000a4   Data           4  chassistask.o(.data)
    rand_w                                   0x200000a8   Data           4  chassistask.o(.data)
    rand_A                                   0x200000ac   Data           4  chassistask.o(.data)
    test_rand                                0x200000b0   Data           4  chassistask.o(.data)
    test_W_Chassis_t1                        0x200000b4   Data           4  chassistask.o(.data)
    test_W_Chassis_t2                        0x200000b8   Data           4  chassistask.o(.data)
    test_Jump                                0x200000bc   Data           8  chassistask.o(.data)
    W_Grad                                   0x200000c4   Data          40  chassistask.o(.data)
    DescendFlag                              0x200000ec   Data           2  chassistask.o(.data)
    i                                        0x200000ee   Data           2  chassistask.o(.data)
    ExcPower                                 0x200000f0   Data           4  chassistask.o(.data)
    EnergyMargin                             0x200000f4   Data           4  chassistask.o(.data)
    My_P_max                                 0x200000f8   Data           4  chassistask.o(.data)
    HeatMax17                                0x200000fc   Data           2  chassistask.o(.data)
    HeatCool17                               0x200000fe   Data           2  chassistask.o(.data)
    CurHeat17                                0x20000100   Data           2  chassistask.o(.data)
    LastHeat17                               0x20000102   Data           2  chassistask.o(.data)
    AvailableHeat17                          0x20000104   Data           2  chassistask.o(.data)
    Shooted17Cnt                             0x20000106   Data           2  chassistask.o(.data)
    AvailableBullet17                        0x20000108   Data           2  chassistask.o(.data)
    ShootAbleFlag                            0x2000010a   Data           1  chassistask.o(.data)
    Chassis_high_water                       0x2000010c   Data           4  chassistask.o(.data)
    CAP_CrossoverFlag                        0x20000120   Data           2  datareceivetask.o(.data)
    CrossoverFlagMax                         0x20000122   Data           2  datareceivetask.o(.data)
    slow_flag                                0x20000124   Data           1  datareceivetask.o(.data)
    Last_chassisPower                        0x20000128   Data           4  datareceivetask.o(.data)
    TickCount                                0x2000012c   Data           1  datareceivetask.o(.data)
    receivePower                             0x2000012e   Data           2  datareceivetask.o(.data)
    jdugetemp                                0x20000130   Data           1  datareceivetask.o(.data)
    last                                     0x20000134   Data           8  datasendtask.o(.data)
    lastsum                                  0x2000013c   Data           2  datasendtask.o(.data)
    sum                                      0x2000013e   Data           2  datasendtask.o(.data)
    post_out                                 0x20000140   Data           8  datasendtask.o(.data)
    output_filter                            0x20000148   Data           1  datasendtask.o(.data)
    K_Power                                  0x2000014c   Data           4  datasendtask.o(.data)
    UCAP                                     0x20000150   Data           4  powercontroltask.o(.data)
    UDCDC                                    0x20000154   Data           4  powercontroltask.o(.data)
    SUM_UCAP                                 0x20000158   Data           4  powercontroltask.o(.data)
    SUM_UDCDC                                0x2000015c   Data           4  powercontroltask.o(.data)
    SUM_TEMP                                 0x20000160   Data           4  powercontroltask.o(.data)
    AD_actual_value                          0x20000164   Data           4  powercontroltask.o(.data)
    temperate                                0x20000168   Data           4  powercontroltask.o(.data)
    temp3v3                                  0x2000016c   Data           4  powercontroltask.o(.data)
    I_Set                                    0x20000170   Data           4  powercontroltask.o(.data)
    Chassis_Run_Flag                         0x20000174   Data           1  powercontroltask.o(.data)
    PowerState                               0x20000175   Data           1  powercontroltask.o(.data)
    ChargeState                              0x20000176   Data           1  powercontroltask.o(.data)
    MaxChargePower                           0x20000178   Data           4  powercontroltask.o(.data)
    ActualPower                              0x2000017c   Data           4  powercontroltask.o(.data)
    MaxChargeCurrent_L                       0x20000180   Data           4  powercontroltask.o(.data)
    MaxChargeCurrent_H                       0x20000184   Data           4  powercontroltask.o(.data)
    My_i                                     0x20000188   Data           4  powercontroltask.o(.data)
    last_i_set                               0x2000018c   Data           4  powercontroltask.o(.data)
    I_Set_Jump                               0x20000190   Data           4  powercontroltask.o(.data)
    Actual_Iset                              0x20000194   Data           4  powercontroltask.o(.data)
    AD_L                                     0x20000198   Data           4  powercontroltask.o(.data)
    AD_H                                     0x2000019c   Data           4  powercontroltask.o(.data)
    test_current                             0x200001a0   Data           4  powercontroltask.o(.data)
    t                                        0x200001a4   Data           4  powercontroltask.o(.data)
    PowerControl_high_water                  0x200001a8   Data           4  powercontroltask.o(.data)
    pitch_change_flag                        0x200001b0   Data           4  graphicssendtask.o(.data)
    cap_percent_change_flag                  0x200001b4   Data           4  graphicssendtask.o(.data)
    BigFrictSpeed_change_flag                0x200001b8   Data           4  graphicssendtask.o(.data)
    Pitch_change_flag                        0x200001bc   Data           4  graphicssendtask.o(.data)
    last_cap_vol                             0x200001c0   Data           4  graphicssendtask.o(.data)
    lastBigFrictSpeed                        0x200001c4   Data           2  graphicssendtask.o(.data)
    DMAsendflag                              0x200001c6   Data           1  graphicssendtask.o(.data)
    Diagonal_Length                          0x200001c8   Data           2  graphicssendtask.o(.data)
    InitAngle                                0x200001cc   Data           4  graphicssendtask.o(.data)
    RectCenterX                              0x200001d0   Data           2  graphicssendtask.o(.data)
    RectCenterY                              0x200001d2   Data           2  graphicssendtask.o(.data)
    startX                                   0x200001d4   Data           2  graphicssendtask.o(.data)
    startY                                   0x200001d6   Data           2  graphicssendtask.o(.data)
    endX                                     0x200001d8   Data           2  graphicssendtask.o(.data)
    endY                                     0x200001da   Data           2  graphicssendtask.o(.data)
    angle                                    0x200001dc   Data           4  graphicssendtask.o(.data)
    Length                                   0x200001e0   Data           4  graphicssendtask.o(.data)
    UITask_RunTime                           0x200001e4   Data           4  graphicssendtask.o(.data)
    UISendTask_high_water                    0x200001e8   Data           4  graphicssendtask.o(.data)
    InitFlag                                 0x200001ec   Data           1  graphicssendtask.o(.data)
    Pitch                                    0x200001f0   Data           4  graphicssendtask.o(.data)
    CPU_high_water                           0x20000244   Data           4  cpu_task.o(.data)
    pxCurrentTCB                             0x20000248   Data           4  tasks.o(.data)
    Tim2_usCnt                               0x200002a8   Data           4  tim2.o(.data)
    JudgeReveice_Flag                        0x200002ac   Data           1  uart4.o(.data)
    LastCNT32                                0x200002b0   Data           4  counter.o(.data)
    JS_RTT_Channel                           0x200002c8   Data           4  debug.o(.data)
    tempBuffer                               0x200002cc   Data           8  debug.o(.data)
    CPU_RunTime                              0x200002d4   Data           4  os_tick.o(.data)
    Robot_Disconnect                         0x200002f0   Data          14  main.o(.bss)
    Input                                    0x20000300   Data          16  fir.o(.bss)
    Output                                   0x20000310   Data          16  fir.o(.bss)
    Buffer                                   0x20000320   Data          96  fir.o(.bss)
    Current_Change                           0x20000380   Data          16  chassistask.o(.bss)
    Current_f                                0x20000390   Data          16  chassistask.o(.bss)
    Flow                                     0x200003a0   Data          16  chassistask.o(.bss)
    speed                                    0x200003b0   Data          16  chassistask.o(.bss)
    RealCarSpeed                             0x200003c0   Data          24  chassistask.o(.bss)
    Pid_Current                              0x200003d8   Data         240  chassistask.o(.bss)
    pidChassisWheelSpeed                     0x200004c8   Data         240  chassistask.o(.bss)
    pidChassisPosition_Speed                 0x200005b8   Data          60  chassistask.o(.bss)
    F105                                     0x200005f4   Data          16  chassistask.o(.bss)
    Power_method                             0x20000604   Data         128  chassistask.o(.bss)
    SaveBuffer                               0x20000684   Data          90  datareceivetask.o(.bss)
    JudgeReceive                             0x200006e0   Data          48  datareceivetask.o(.bss)
    F405                                     0x20000710   Data          14  datareceivetask.o(.bss)
    ChassisMotorCanReceive                   0x2000071e   Data          24  datareceivetask.o(.bss)
    chassis                                  0x20000736   Data          18  datareceivetask.o(.bss)
    ChargeCtl                                0x20000748   Data          60  powercontroltask.o(.bss)
    User_Tasks                               0x20000784   Data          28  starttask.o(.bss)
    vol_change_array                         0x200007a0   Data          36  graphicssendtask.o(.bss)
    Transmit_Pack                            0x200007c4   Data         128  graphicssendtask.o(.bss)
    data_pack                                0x20000844   Data         105  graphicssendtask.o(.bss)
    CPU_RunInfo1                             0x200008ec   Data         400  cpu_task.o(.bss)
    CPU_RunInfo2                             0x20000a7c   Data         400  cpu_task.o(.bss)
    Mark                                     0x20000c0c   Data          28  cpu_task.o(.bss)
    rx_message_1                             0x2000530c   Data          20  can1.o(.bss)
    ADC_ConvertedValue                       0x20005320   Data         180  adc.o(.bss)
    INA260_1                                 0x200053d4   Data          16  ina260.o(.bss)
    INA260_2                                 0x200053e4   Data          16  ina260.o(.bss)
    VOFA_justfloat                           0x200053f4   Data          40  usart2.o(.bss)
    VOFA_send_Data                           0x2000541c   Data          44  usart2.o(.bss)
    dma                                      0x20005448   Data          60  usart2.o(.bss)
    JudgeReceiveBuffer                       0x20005484   Data          45  uart4.o(.bss)
    JudgeSend                                0x200054b1   Data         128  uart4.o(.bss)
    SysTime                                  0x20005534   Data          12  counter.o(.bss)
    global_debugger                          0x20005540   Data         180  debug.o(.bss)
    JS_RTT_UpBuffer                          0x200055f4   Data         512  debug.o(.bss)
    Ozone                                    0x200057f4   Data          32  debug.o(.bss)
    _SEGGER_RTT                              0x20005814   Data         168  segger_rtt.o(.bss)
    __initial_sp                             0x200060d0   Data           0  startup_stm32f40_41xxx.o(STACK)



==============================================================================

Memory Map of the image

  Image Entry point : 0x08000189

  Load Region LR_IROM1 (Base: 0x08000000, Size: 0x000093f4, Max: 0x00100000, ABSOLUTE, COMPRESSED[0x000091c8])

    Execution Region ER_IROM1 (Exec base: 0x08000000, Load base: 0x08000000, Size: 0x00009104, Max: 0x00100000, ABSOLUTE)

    Exec Addr    Load Addr    Size         Type   Attr      Idx    E Section Name        Object

    0x08000000   0x08000000   0x00000188   Data   RO         2364    RESET               startup_stm32f40_41xxx.o
    0x08000188   0x08000188   0x00000000   Code   RO         6471  * .ARM.Collect$$$$00000000  mc_w.l(entry.o)
    0x08000188   0x08000188   0x00000004   Code   RO         6772    .ARM.Collect$$$$00000001  mc_w.l(entry2.o)
    0x0800018c   0x0800018c   0x00000004   Code   RO         6775    .ARM.Collect$$$$00000004  mc_w.l(entry5.o)
    0x08000190   0x08000190   0x00000000   Code   RO         6777    .ARM.Collect$$$$00000008  mc_w.l(entry7b.o)
    0x08000190   0x08000190   0x00000000   Code   RO         6779    .ARM.Collect$$$$0000000A  mc_w.l(entry8b.o)
    0x08000190   0x08000190   0x00000008   Code   RO         6780    .ARM.Collect$$$$0000000B  mc_w.l(entry9a.o)
    0x08000198   0x08000198   0x00000000   Code   RO         6782    .ARM.Collect$$$$0000000D  mc_w.l(entry10a.o)
    0x08000198   0x08000198   0x00000000   Code   RO         6784    .ARM.Collect$$$$0000000F  mc_w.l(entry11a.o)
    0x08000198   0x08000198   0x00000004   Code   RO         6773    .ARM.Collect$$$$00002712  mc_w.l(entry2.o)
    0x0800019c   0x0800019c   0x000000b6   Code   RO         4841    .emb_text           port.o
    0x08000252   0x08000252   0x00000002   PAD
    0x08000254   0x08000254   0x00000024   Code   RO         2365    .text               startup_stm32f40_41xxx.o
    0x08000278   0x08000278   0x00000062   Code   RO         6474    .text               mc_w.l(uldiv.o)
    0x080002da   0x080002da   0x00000002   PAD
    0x080002dc   0x080002dc   0x00000024   Code   RO         6476    .text               mc_w.l(rand.o)
    0x08000300   0x08000300   0x00000024   Code   RO         6479    .text               mc_w.l(memcpya.o)
    0x08000324   0x08000324   0x00000024   Code   RO         6481    .text               mc_w.l(memseta.o)
    0x08000348   0x08000348   0x0000000e   Code   RO         6485    .text               mc_w.l(strlen.o)
    0x08000356   0x08000356   0x00000012   Code   RO         6487    .text               mc_w.l(strcpy.o)
    0x08000368   0x08000368   0x0000014e   Code   RO         6752    .text               mf_w.l(dadd.o)
    0x080004b6   0x080004b6   0x000000e4   Code   RO         6754    .text               mf_w.l(dmul.o)
    0x0800059a   0x0800059a   0x000000de   Code   RO         6756    .text               mf_w.l(ddiv.o)
    0x08000678   0x08000678   0x00000032   Code   RO         6764    .text               mf_w.l(dfixui.o)
    0x080006aa   0x080006aa   0x00000026   Code   RO         6766    .text               mf_w.l(f2d.o)
    0x080006d0   0x080006d0   0x00000038   Code   RO         6770    .text               mf_w.l(d2f.o)
    0x08000708   0x08000708   0x0000002c   Code   RO         6789    .text               mc_w.l(uidiv.o)
    0x08000734   0x08000734   0x0000001e   Code   RO         6791    .text               mc_w.l(llshl.o)
    0x08000752   0x08000752   0x00000020   Code   RO         6793    .text               mc_w.l(llushr.o)
    0x08000772   0x08000772   0x00000024   Code   RO         6795    .text               mc_w.l(llsshr.o)
    0x08000796   0x08000796   0x00000000   Code   RO         6797    .text               mc_w.l(iusefp.o)
    0x08000796   0x08000796   0x0000006e   Code   RO         6798    .text               mf_w.l(fepilogue.o)
    0x08000804   0x08000804   0x000000ba   Code   RO         6800    .text               mf_w.l(depilogue.o)
    0x080008be   0x080008be   0x00000030   Code   RO         6802    .text               mf_w.l(dfixul.o)
    0x080008ee   0x080008ee   0x00000002   PAD
    0x080008f0   0x080008f0   0x00000030   Code   RO         6804    .text               mf_w.l(cdrcmple.o)
    0x08000920   0x08000920   0x00000024   Code   RO         6806    .text               mc_w.l(init.o)
    0x08000944   0x08000944   0x00000056   Code   RO         6818    .text               mc_w.l(__dczerorl2.o)
    0x0800099a   0x0800099a   0x00000002   PAD
    0x0800099c   0x0800099c   0x00000098   Code   RO         6334    .text.arm_cos_f32   arm_cortexM4lf_math.lib(arm_cos_f32.o)
    0x08000a34   0x08000a34   0x00000090   Code   RO         6343    .text.arm_sin_f32   arm_cortexM4lf_math.lib(arm_sin_f32.o)
    0x08000ac4   0x08000ac4   0x00000016   Code   RO          614    i.ADC_Cmd           stm32f4xx_adc.o
    0x08000ada   0x08000ada   0x00000002   PAD
    0x08000adc   0x08000adc   0x00000124   Code   RO         5062    i.ADC_Configuration  adc.o
    0x08000c00   0x08000c00   0x00000016   Code   RO          618    i.ADC_DMACmd        stm32f4xx_adc.o
    0x08000c16   0x08000c16   0x00000016   Code   RO          619    i.ADC_DMARequestAfterLastTransferCmd  stm32f4xx_adc.o
    0x08000c2c   0x08000c2c   0x00000016   Code   RO          620    i.ADC_DeInit        stm32f4xx_adc.o
    0x08000c42   0x08000c42   0x00000002   PAD
    0x08000c44   0x08000c44   0x00000184   Code   RO         3750    i.ADC_Filter        powercontroltask.o
    0x08000dc8   0x08000dc8   0x00000054   Code   RO          634    i.ADC_Init          stm32f4xx_adc.o
    0x08000e1c   0x08000e1c   0x000000b8   Code   RO          639    i.ADC_RegularChannelConfig  stm32f4xx_adc.o
    0x08000ed4   0x08000ed4   0x0000000a   Code   RO          641    i.ADC_SoftwareStartConv  stm32f4xx_adc.o
    0x08000ede   0x08000ede   0x00000002   PAD
    0x08000ee0   0x08000ee0   0x0000002c   Code   RO          644    i.ADC_TempSensorVrefintCmd  stm32f4xx_adc.o
    0x08000f0c   0x08000f0c   0x00000030   Code   RO          408    i.Append_CRC16_Check_Sum  algorithmofcrc.o
    0x08000f3c   0x08000f3c   0x00000024   Code   RO          409    i.Append_CRC8_Check_Sum  algorithmofcrc.o
    0x08000f60   0x08000f60   0x00000054   Code   RO            3    i.BSP_Init          main.o
    0x08000fb4   0x08000fb4   0x00000098   Code   RO         3561    i.BuildF105         chassistask.o
    0x0800104c   0x0800104c   0x00000004   Code   RO          286    i.BusFault_Handler  stm32f4xx_it.o
    0x08001050   0x08001050   0x00000124   Code   RO         4920    i.CAN1_Configuration  can1.o
    0x08001174   0x08001174   0x00000038   Code   RO         4921    i.CAN1_RX0_IRQHandler  can1.o
    0x080011ac   0x080011ac   0x00000114   Code   RO         4949    i.CAN2_Configuration  can2.o
    0x080012c0   0x080012c0   0x00000030   Code   RO         4950    i.CAN2_RX0_IRQHandler  can2.o
    0x080012f0   0x080012f0   0x000000a8   Code   RO          852    i.CAN_ClearITPendingBit  stm32f4xx_can.o
    0x08001398   0x08001398   0x00000038   Code   RO          854    i.CAN_DeInit        stm32f4xx_can.o
    0x080013d0   0x080013d0   0x00000108   Code   RO          856    i.CAN_FilterInit    stm32f4xx_can.o
    0x080014d8   0x080014d8   0x00000120   Code   RO          858    i.CAN_GetITStatus   stm32f4xx_can.o
    0x080015f8   0x080015f8   0x00000012   Code   RO          862    i.CAN_ITConfig      stm32f4xx_can.o
    0x0800160a   0x0800160a   0x00000114   Code   RO          863    i.CAN_Init          stm32f4xx_can.o
    0x0800171e   0x0800171e   0x000000f0   Code   RO          866    i.CAN_Receive       stm32f4xx_can.o
    0x0800180e   0x0800180e   0x00000020   Code   RO          869    i.CAN_StructInit    stm32f4xx_can.o
    0x0800182e   0x0800182e   0x00000126   Code   RO          871    i.CAN_Transmit      stm32f4xx_can.o
    0x08001954   0x08001954   0x00000050   Code   RO         5299    i.COUNTER_Configuration  counter.o
    0x080019a4   0x080019a4   0x00000194   Code   RO         4031    i.CPU_task          cpu_task.o
    0x08001b38   0x08001b38   0x000000d8   Code   RO         3659    i.Can1Receive0      datareceivetask.o
    0x08001c10   0x08001c10   0x00000120   Code   RO         3660    i.Can2Receive1      datareceivetask.o
    0x08001d30   0x08001d30   0x0000004c   Code   RO         3708    i.Can2Send0         datasendtask.o
    0x08001d7c   0x08001d7c   0x00000050   Code   RO         3709    i.Can2Send1         datasendtask.o
    0x08001dcc   0x08001dcc   0x00000034   Code   RO         3710    i.Can2Send2         datasendtask.o
    0x08001e00   0x08001e00   0x000002d8   Code   RO         3922    i.CapDraw           graphicssendtask.o
    0x080020d8   0x080020d8   0x00000614   Code   RO         3923    i.CarPosture_Change  graphicssendtask.o
    0x080026ec   0x080026ec   0x000000fc   Code   RO         3924    i.CharChange        graphicssendtask.o
    0x080027e8   0x080027e8   0x000000c4   Code   RO         3925    i.CharGraphic_Draw  graphicssendtask.o
    0x080028ac   0x080028ac   0x00000074   Code   RO         3926    i.Char_Draw         graphicssendtask.o
    0x08002920   0x08002920   0x0000008c   Code   RO         3927    i.Char_Init         graphicssendtask.o
    0x080029ac   0x080029ac   0x00000038   Code   RO         3752    i.ChargeControl     powercontroltask.o
    0x080029e4   0x080029e4   0x00000064   Code   RO         3753    i.ChargeIO_Configuration  powercontroltask.o
    0x08002a48   0x08002a48   0x00000074   Code   RO         3754    i.Charge_Set        powercontroltask.o
    0x08002abc   0x08002abc   0x000000ec   Code   RO         3711    i.ChassisCan1Send   datasendtask.o
    0x08002ba8   0x08002ba8   0x0000008c   Code   RO         3562    i.Chassis_CurrentPid_Cal  chassistask.o
    0x08002c34   0x08002c34   0x00000170   Code   RO         3563    i.Chassis_Power_Control_Init  chassistask.o
    0x08002da4   0x08002da4   0x000005f8   Code   RO         3564    i.Chassis_Speed_Cal  chassistask.o
    0x0800339c   0x0800339c   0x00000090   Code   RO         3565    i.Chassis_task      chassistask.o
    0x0800342c   0x0800342c   0x00000012   Code   RO          874    i.CheckITStatus     stm32f4xx_can.o
    0x0800343e   0x0800343e   0x00000002   PAD
    0x08003440   0x08003440   0x00000044   Code   RO         3566    i.Current_Filter_Excu  chassistask.o
    0x08003484   0x08003484   0x000000b8   Code   RO         3567    i.Current_Set_Jump  chassistask.o
    0x0800353c   0x0800353c   0x00000080   Code   RO         5200    i.DAC1_Init         dac.o
    0x080035bc   0x080035bc   0x00000028   Code   RO         2757    i.DAC_Cmd           stm32f4xx_dac.o
    0x080035e4   0x080035e4   0x00000034   Code   RO         2765    i.DAC_Init          stm32f4xx_dac.o
    0x08003618   0x08003618   0x00000020   Code   RO         2766    i.DAC_SetChannel1Data  stm32f4xx_dac.o
    0x08003638   0x08003638   0x00000020   Code   RO         2767    i.DAC_SetChannel2Data  stm32f4xx_dac.o
    0x08003658   0x08003658   0x00000020   Code   RO         3040    i.DBGMCU_Config     stm32f4xx_dbgmcu.o
    0x08003678   0x08003678   0x00000028   Code   RO         5262    i.DMA1_Stream2_IRQHandler  uart4.o
    0x080036a0   0x080036a0   0x0000003c   Code   RO         5263    i.DMA1_Stream4_IRQHandler  uart4.o
    0x080036dc   0x080036dc   0x00000028   Code   RO         5226    i.DMA1_Stream6_IRQHandler  usart2.o
    0x08003704   0x08003704   0x00000034   Code   RO         1013    i.DMA_ClearFlag     stm32f4xx_dma.o
    0x08003738   0x08003738   0x00000034   Code   RO         1014    i.DMA_ClearITPendingBit  stm32f4xx_dma.o
    0x0800376c   0x0800376c   0x00000016   Code   RO         1015    i.DMA_Cmd           stm32f4xx_dma.o
    0x08003782   0x08003782   0x00000002   PAD
    0x08003784   0x08003784   0x00000158   Code   RO         1016    i.DMA_DeInit        stm32f4xx_dma.o
    0x080038dc   0x080038dc   0x00000014   Code   RO         1020    i.DMA_GetCmdStatus  stm32f4xx_dma.o
    0x080038f0   0x080038f0   0x00000064   Code   RO         1025    i.DMA_GetITStatus   stm32f4xx_dma.o
    0x08003954   0x08003954   0x0000003a   Code   RO         1026    i.DMA_ITConfig      stm32f4xx_dma.o
    0x0800398e   0x0800398e   0x00000002   PAD
    0x08003990   0x08003990   0x00000058   Code   RO         1027    i.DMA_Init          stm32f4xx_dma.o
    0x080039e8   0x080039e8   0x00000022   Code   RO         1031    i.DMA_StructInit    stm32f4xx_dma.o
    0x08003a0a   0x08003a0a   0x00000002   Code   RO          287    i.DebugMon_Handler  stm32f4xx_it.o
    0x08003a0c   0x08003a0c   0x00000010   Code   RO         3661    i.F405_Rst          datareceivetask.o
    0x08003a1c   0x08003a1c   0x000001d8   Code   RO         3568    i.Filter_Cal        chassistask.o
    0x08003bf4   0x08003bf4   0x000000c0   Code   RO          507    i.Fir               fir.o
    0x08003cb4   0x08003cb4   0x00000108   Code   RO         3929    i.FloatData_Draw    graphicssendtask.o
    0x08003dbc   0x08003dbc   0x00000090   Code   RO         1461    i.GPIO_Init         stm32f4xx_gpio.o
    0x08003e4c   0x08003e4c   0x00000046   Code   RO         1462    i.GPIO_PinAFConfig  stm32f4xx_gpio.o
    0x08003e92   0x08003e92   0x00000004   Code   RO         1468    i.GPIO_ResetBits    stm32f4xx_gpio.o
    0x08003e96   0x08003e96   0x00000004   Code   RO         1469    i.GPIO_SetBits      stm32f4xx_gpio.o
    0x08003e9a   0x08003e9a   0x00000002   PAD
    0x08003e9c   0x08003e9c   0x00000034   Code   RO          410    i.Get_CRC16_Check_Sum  algorithmofcrc.o
    0x08003ed0   0x08003ed0   0x00000024   Code   RO          411    i.Get_CRC8_Check_Sum  algorithmofcrc.o
    0x08003ef4   0x08003ef4   0x00000090   Code   RO         3930    i.GraphicSendtask   graphicssendtask.o
    0x08003f84   0x08003f84   0x00000004   Code   RO          288    i.HardFault_Handler  stm32f4xx_it.o
    0x08003f88   0x08003f88   0x0000011c   Code   RO         3569    i.HeatControl       chassistask.o
    0x080040a4   0x080040a4   0x000000c4   Code   RO         3570    i.HeatUpdate        chassistask.o
    0x08004168   0x08004168   0x00000038   Code   RO         5085    i.IIC_Ack           i2c.o
    0x080041a0   0x080041a0   0x00000038   Code   RO         5086    i.IIC_NAck          i2c.o
    0x080041d8   0x080041d8   0x0000004c   Code   RO         5087    i.IIC_Read_Byte     i2c.o
    0x08004224   0x08004224   0x00000060   Code   RO         5088    i.IIC_Send_Byte     i2c.o
    0x08004284   0x08004284   0x00000038   Code   RO         5089    i.IIC_Start         i2c.o
    0x080042bc   0x080042bc   0x00000034   Code   RO         5090    i.IIC_Stop          i2c.o
    0x080042f0   0x080042f0   0x00000048   Code   RO         5091    i.IIC_Wait_Ack      i2c.o
    0x08004338   0x08004338   0x00000060   Code   RO         5159    i.INA260_Read       ina260.o
    0x08004398   0x08004398   0x00000088   Code   RO         5160    i.INA_READ_Current  ina260.o
    0x08004420   0x08004420   0x00000048   Code   RO         5161    i.INA_READ_Power    ina260.o
    0x08004468   0x08004468   0x00000088   Code   RO         5162    i.INA_READ_Vol      ina260.o
    0x080044f0   0x080044f0   0x00000008   Code   RO         4976    i.IWDG_Feed         iwdg.o
    0x080044f8   0x080044f8   0x00000010   Code   RO         2707    i.IWDG_ReloadCounter  stm32f4xx_iwdg.o
    0x08004508   0x08004508   0x00000024   Code   RO         5976    i.JscopeRTTInit     debug.o
    0x0800452c   0x0800452c   0x00000254   Code   RO         3662    i.JudgeBuffReceive  datareceivetask.o
    0x08004780   0x08004780   0x00000024   Code   RO         3663    i.JudgeReceive_task  datareceivetask.o
    0x080047a4   0x080047a4   0x00000010   Code   RO            4    i.Judge_Rst         main.o
    0x080047b4   0x080047b4   0x00000098   Code   RO         3931    i.Lanelines_Init    graphicssendtask.o
    0x0800484c   0x0800484c   0x000000a4   Code   RO         3932    i.Line_Draw         graphicssendtask.o
    0x080048f0   0x080048f0   0x00000074   Code   RO          508    i.LowPass_SetChassis  fir.o
    0x08004964   0x08004964   0x00000004   Code   RO          289    i.MemManage_Handler  stm32f4xx_it.o
    0x08004968   0x08004968   0x000000a0   Code   RO         3571    i.Method_Check      chassistask.o
    0x08004a08   0x08004a08   0x00000002   Code   RO          290    i.NMI_Handler       stm32f4xx_it.o
    0x08004a0a   0x08004a0a   0x00000002   PAD
    0x08004a0c   0x08004a0c   0x00000078   Code   RO          564    i.NVIC_Init         misc.o
    0x08004a84   0x08004a84   0x0000006c   Code   RO         6019    i.OS_TICK_Configuration  os_tick.o
    0x08004af0   0x08004af0   0x000000c8   Code   RO            5    i.Offline_Check_task  main.o
    0x08004bb8   0x08004bb8   0x00000154   Code   RO          544    i.PID_Calc          pid.o
    0x08004d0c   0x08004d0c   0x0000004c   Code   RO         3756    i.Pid_ChargeCal_Init  powercontroltask.o
    0x08004d58   0x08004d58   0x00000104   Code   RO         3572    i.Pid_ChassisWheelInit  chassistask.o
    0x08004e5c   0x08004e5c   0x00000084   Code   RO         3933    i.PitchUI_Change    graphicssendtask.o
    0x08004ee0   0x08004ee0   0x00000054   Code   RO         3757    i.PowerControl_task  powercontroltask.o
    0x08004f34   0x08004f34   0x000005fc   Code   RO         3573    i.PowerLimit        chassistask.o
    0x08005530   0x08005530   0x00000020   Code   RO         2371    i.RCC_AHB1PeriphClockCmd  stm32f4xx_rcc.o
    0x08005550   0x08005550   0x00000020   Code   RO         2380    i.RCC_APB1PeriphClockCmd  stm32f4xx_rcc.o
    0x08005570   0x08005570   0x00000020   Code   RO         2382    i.RCC_APB1PeriphResetCmd  stm32f4xx_rcc.o
    0x08005590   0x08005590   0x00000020   Code   RO         2383    i.RCC_APB2PeriphClockCmd  stm32f4xx_rcc.o
    0x080055b0   0x080055b0   0x00000020   Code   RO         2385    i.RCC_APB2PeriphResetCmd  stm32f4xx_rcc.o
    0x080055d0   0x080055d0   0x000000e8   Code   RO         2392    i.RCC_GetClocksFreq  stm32f4xx_rcc.o
    0x080056b8   0x080056b8   0x000000a4   Code   RO         3934    i.Rectangle_Draw    graphicssendtask.o
    0x0800575c   0x0800575c   0x00000010   Code   RO            6    i.Robot_Init        main.o
    0x0800576c   0x0800576c   0x0000002c   Code   RO         5092    i.SDA_IN            i2c.o
    0x08005798   0x08005798   0x00000044   Code   RO         5093    i.SDA_OUT           i2c.o
    0x080057dc   0x080057dc   0x00000074   Code   RO         6053    i.SEGGER_RTT_ConfigUpBuffer  segger_rtt.o
    0x08005850   0x08005850   0x00000008   Code   RO         6060    i.SEGGER_RTT_Init   segger_rtt.o
    0x08005858   0x08005858   0x000000a0   Code   RO         6072    i.SEGGER_RTT_SetTerminal  segger_rtt.o
    0x080058f8   0x080058f8   0x00000048   Code   RO         6075    i.SEGGER_RTT_Write  segger_rtt.o
    0x08005940   0x08005940   0x00000084   Code   RO         6078    i.SEGGER_RTT_WriteNoLock  segger_rtt.o
    0x080059c4   0x080059c4   0x0000001a   Code   RO         6080    i.SEGGER_RTT_WriteString  segger_rtt.o
    0x080059de   0x080059de   0x00000022   Code   RO         6281    i.SEGGER_RTT_printf  segger_rtt_printf.o
    0x08005a00   0x08005a00   0x0000020a   Code   RO         6282    i.SEGGER_RTT_vprintf  segger_rtt_printf.o
    0x08005c0a   0x08005c0a   0x00000002   PAD
    0x08005c0c   0x08005c0c   0x0000004c   Code   RO         3935    i.Send_UIPack       graphicssendtask.o
    0x08005c58   0x08005c58   0x000000a0   Code   RO         3936    i.Send_toReferee    graphicssendtask.o
    0x08005cf8   0x08005cf8   0x000000ec   Code   RO          371    i.SetSysClock       system_stm32f4xx.o
    0x08005de4   0x08005de4   0x00000008   Code   RO          291    i.SysTick_Handler   stm32f4xx_it.o
    0x08005dec   0x08005dec   0x00000068   Code   RO          373    i.SystemInit        system_stm32f4xx.o
    0x08005e54   0x08005e54   0x00000068   Code   RO         5001    i.TIM2_Configuration  tim2.o
    0x08005ebc   0x08005ebc   0x00000024   Code   RO         5002    i.TIM2_IRQHandler   tim2.o
    0x08005ee0   0x08005ee0   0x00000060   Code   RO         5036    i.TIM4_Configuration  tim4.o
    0x08005f40   0x08005f40   0x0000001c   Code   RO         5037    i.TIM4_IRQHandler   tim4.o
    0x08005f5c   0x08005f5c   0x00000028   Code   RO         6020    i.TIM7_IRQHandler   os_tick.o
    0x08005f84   0x08005f84   0x00000006   Code   RO         1624    i.TIM_ClearFlag     stm32f4xx_tim.o
    0x08005f8a   0x08005f8a   0x00000006   Code   RO         1625    i.TIM_ClearITPendingBit  stm32f4xx_tim.o
    0x08005f90   0x08005f90   0x00000018   Code   RO         1630    i.TIM_Cmd           stm32f4xx_tim.o
    0x08005fa8   0x08005fa8   0x00000006   Code   RO         1649    i.TIM_GetCounter    stm32f4xx_tim.o
    0x08005fae   0x08005fae   0x00000022   Code   RO         1651    i.TIM_GetITStatus   stm32f4xx_tim.o
    0x08005fd0   0x08005fd0   0x00000012   Code   RO         1655    i.TIM_ITConfig      stm32f4xx_tim.o
    0x08005fe2   0x08005fe2   0x00000004   Code   RO         1696    i.TIM_SetCounter    stm32f4xx_tim.o
    0x08005fe6   0x08005fe6   0x00000002   PAD
    0x08005fe8   0x08005fe8   0x00000084   Code   RO         1702    i.TIM_TimeBaseInit  stm32f4xx_tim.o
    0x0800606c   0x0800606c   0x000001e0   Code   RO         5264    i.UART4_Configuration  uart4.o
    0x0800624c   0x0800624c   0x00000018   Code   RO         2180    i.USART_Cmd         stm32f4xx_usart.o
    0x08006264   0x08006264   0x00000012   Code   RO         2181    i.USART_DMACmd      stm32f4xx_usart.o
    0x08006276   0x08006276   0x00000002   PAD
    0x08006278   0x08006278   0x000000d4   Code   RO         2187    i.USART_Init        stm32f4xx_usart.o
    0x0800634c   0x0800634c   0x00000004   Code   RO          292    i.UsageFault_Handler  stm32f4xx_it.o
    0x08006350   0x08006350   0x0000004c   Code   RO         5227    i.VOFA_Send         usart2.o
    0x0800639c   0x0800639c   0x00000170   Code   RO         5228    i.VOFA_USART_Configuration  usart2.o
    0x0800650c   0x0800650c   0x00000040   Code   RO          412    i.Verify_CRC16_Check_Sum  algorithmofcrc.o
    0x0800654c   0x0800654c   0x00000038   Code   RO          413    i.Verify_CRC8_Check_Sum  algorithmofcrc.o
    0x08006584   0x08006584   0x00000070   Code   RO         6082    i._DoInit           segger_rtt.o
    0x080065f4   0x080065f4   0x0000001c   Code   RO         6083    i._GetAvailWriteSpace  segger_rtt.o
    0x08006610   0x08006610   0x000000ec   Code   RO         6283    i._PrintInt         segger_rtt_printf.o
    0x080066fc   0x080066fc   0x000000ec   Code   RO         6284    i._PrintUnsigned    segger_rtt_printf.o
    0x080067e8   0x080067e8   0x00000044   Code   RO         6285    i._StoreChar        segger_rtt_printf.o
    0x0800682c   0x0800682c   0x00000076   Code   RO         6085    i._WriteBlocking    segger_rtt.o
    0x080068a2   0x080068a2   0x00000058   Code   RO         6086    i._WriteNoCheck     segger_rtt.o
    0x080068fa   0x080068fa   0x00000002   PAD
    0x080068fc   0x080068fc   0x00000028   Code   RO         6726    i.__0sprintf        mc_w.l(printfa.o)
    0x08006924   0x08006924   0x0000000e   Code   RO         6812    i.__scatterload_copy  mc_w.l(handlers.o)
    0x08006932   0x08006932   0x00000002   Code   RO         6813    i.__scatterload_null  mc_w.l(handlers.o)
    0x08006934   0x08006934   0x0000000e   Code   RO         6814    i.__scatterload_zeroinit  mc_w.l(handlers.o)
    0x08006942   0x08006942   0x00000002   PAD
    0x08006944   0x08006944   0x00000184   Code   RO         6731    i._fp_digits        mc_w.l(printfa.o)
    0x08006ac8   0x08006ac8   0x000006dc   Code   RO         6732    i._printf_core      mc_w.l(printfa.o)
    0x080071a4   0x080071a4   0x00000024   Code   RO         6733    i._printf_post_padding  mc_w.l(printfa.o)
    0x080071c8   0x080071c8   0x0000002e   Code   RO         6734    i._printf_pre_padding  mc_w.l(printfa.o)
    0x080071f6   0x080071f6   0x0000000a   Code   RO         6736    i._sputc            mc_w.l(printfa.o)
    0x08007200   0x08007200   0x00000036   Code   RO         5003    i.delay_ms          tim2.o
    0x08007236   0x08007236   0x0000001a   Code   RO         6315    i.delay_us          tools.o
    0x08007250   0x08007250   0x0000006c   Code   RO         4415    i.eTaskGetState     tasks.o
    0x080072bc   0x080072bc   0x00000040   Code   RO         5094    i.i2c_init          i2c.o
    0x080072fc   0x080072fc   0x00000084   Code   RO            7    i.main              main.o
    0x08007380   0x08007380   0x00000098   Code   RO         4417    i.prvAddCurrentTaskToDelayedList  tasks.o
    0x08007418   0x08007418   0x000000b8   Code   RO         4418    i.prvAddNewTaskToReadyList  tasks.o
    0x080074d0   0x080074d0   0x00000064   Code   RO         4419    i.prvCheckTasksWaitingTermination  tasks.o
    0x08007534   0x08007534   0x00000012   Code   RO         4420    i.prvDeleteTCB      tasks.o
    0x08007546   0x08007546   0x00000002   PAD
    0x08007548   0x08007548   0x0000007c   Code   RO         4784    i.prvHeapInit       heap_4.o
    0x080075c4   0x080075c4   0x00000028   Code   RO         4421    i.prvIdleTask       tasks.o
    0x080075ec   0x080075ec   0x00000090   Code   RO         4422    i.prvInitialiseNewTask  tasks.o
    0x0800767c   0x0800767c   0x00000068   Code   RO         4423    i.prvInitialiseTaskLists  tasks.o
    0x080076e4   0x080076e4   0x00000068   Code   RO         4785    i.prvInsertBlockIntoFreeList  heap_4.o
    0x0800774c   0x0800774c   0x0000006a   Code   RO         4424    i.prvListTasksWithinSingleList  tasks.o
    0x080077b6   0x080077b6   0x00000002   PAD
    0x080077b8   0x080077b8   0x00000034   Code   RO         4425    i.prvResetNextTaskUnblockTime  tasks.o
    0x080077ec   0x080077ec   0x00000016   Code   RO         4426    i.prvTaskCheckFreeStackSpace  tasks.o
    0x08007802   0x08007802   0x00000016   Code   RO         4842    i.prvTaskExitError  port.o
    0x08007818   0x08007818   0x0000002a   Code   RO         4428    i.prvWriteNameToBuffer  tasks.o
    0x08007842   0x08007842   0x00000002   PAD
    0x08007844   0x08007844   0x000000d0   Code   RO         4786    i.pvPortMalloc      heap_4.o
    0x08007914   0x08007914   0x0000002c   Code   RO         4843    i.pxPortInitialiseStack  port.o
    0x08007940   0x08007940   0x0000002c   Code   RO         3818    i.startTast         starttask.o
    0x0800796c   0x0800796c   0x00000128   Code   RO         3819    i.start_task        starttask.o
    0x08007a94   0x08007a94   0x00000074   Code   RO         4429    i.ulTaskNotifyTake  tasks.o
    0x08007b08   0x08007b08   0x00000028   Code   RO         4198    i.uxListRemove      list.o
    0x08007b30   0x08007b30   0x00000028   Code   RO         4431    i.uxTaskGetStackHighWaterMark  tasks.o
    0x08007b58   0x08007b58   0x000000b8   Code   RO         4432    i.uxTaskGetSystemState  tasks.o
    0x08007c10   0x08007c10   0x0000001a   Code   RO         4199    i.vListInitialise   list.o
    0x08007c2a   0x08007c2a   0x00000006   Code   RO         4200    i.vListInitialiseItem  list.o
    0x08007c30   0x08007c30   0x00000034   Code   RO         4201    i.vListInsert       list.o
    0x08007c64   0x08007c64   0x00000018   Code   RO         4202    i.vListInsertEnd    list.o
    0x08007c7c   0x08007c7c   0x00000024   Code   RO         4845    i.vPortEnterCritical  port.o
    0x08007ca0   0x08007ca0   0x00000020   Code   RO         4846    i.vPortExitCritical  port.o
    0x08007cc0   0x08007cc0   0x00000048   Code   RO         4787    i.vPortFree         heap_4.o
    0x08007d08   0x08007d08   0x00000020   Code   RO         4847    i.vPortSetupTimerInterrupt  port.o
    0x08007d28   0x08007d28   0x00000034   Code   RO         4437    i.vTaskDelay        tasks.o
    0x08007d5c   0x08007d5c   0x00000074   Code   RO         4438    i.vTaskDelayUntil   tasks.o
    0x08007dd0   0x08007dd0   0x000000cc   Code   RO         4439    i.vTaskDelete       tasks.o
    0x08007e9c   0x08007e9c   0x00000078   Code   RO         4441    i.vTaskGetInfo      tasks.o
    0x08007f14   0x08007f14   0x000000d4   Code   RO         4442    i.vTaskGetRunTimeStats  tasks.o
    0x08007fe8   0x08007fe8   0x000000e0   Code   RO         4443    i.vTaskList         tasks.o
    0x080080c8   0x080080c8   0x0000006c   Code   RO         4452    i.vTaskStartScheduler  tasks.o
    0x08008134   0x08008134   0x00000010   Code   RO         4454    i.vTaskSuspendAll   tasks.o
    0x08008144   0x08008144   0x000000a0   Code   RO         4455    i.vTaskSwitchContext  tasks.o
    0x080081e4   0x080081e4   0x00000048   Code   RO         4848    i.xPortStartScheduler  port.o
    0x0800822c   0x0800822c   0x00000034   Code   RO         4849    i.xPortSysTickHandler  port.o
    0x08008260   0x08008260   0x00000060   Code   RO         4457    i.xTaskCreate       tasks.o
    0x080082c0   0x080082c0   0x000000c4   Code   RO         4458    i.xTaskGenericNotify  tasks.o
    0x08008384   0x08008384   0x0000000c   Code   RO         4461    i.xTaskGetTickCount  tasks.o
    0x08008390   0x08008390   0x0000011c   Code   RO         4463    i.xTaskIncrementTick  tasks.o
    0x080084ac   0x080084ac   0x000000e8   Code   RO         4468    i.xTaskResumeAll    tasks.o
    0x08008594   0x08008594   0x00000301   Data   RO          414    .constdata          algorithmofcrc.o
    0x08008895   0x08008895   0x00000003   PAD
    0x08008898   0x08008898   0x00000018   Data   RO          511    .constdata          fir.o
    0x080088b0   0x080088b0   0x0000000c   Data   RO         5980    .constdata          debug.o
    0x080088bc   0x080088bc   0x00000011   Data   RO         6088    .constdata          segger_rtt.o
    0x080088cd   0x080088cd   0x00000010   Data   RO         6286    .constdata          segger_rtt_printf.o
    0x080088dd   0x080088dd   0x00000003   PAD
    0x080088e0   0x080088e0   0x00000804   Data   RO         6464    .rodata.sinTable_f32  arm_cortexM4lf_math.lib(arm_common_tables.o)
    0x080090e4   0x080090e4   0x00000020   Data   RO         6810    Region$$Table       anon$$obj.o


    Execution Region RW_IRAM1 (Exec base: 0x20000000, Load base: 0x08009104, Size: 0x000060d0, Max: 0x00020000, ABSOLUTE, COMPRESSED[0x000000c4])

    Exec Addr    Load Addr    Size         Type   Attr      Idx    E Section Name        Object

    0x20000000   COMPRESSED   0x0000000c   Data   RW            9    .data               main.o
    0x2000000c   COMPRESSED   0x00000014   Data   RW          374    .data               system_stm32f4xx.o
    0x20000020   COMPRESSED   0x00000004   Data   RW          415    .data               algorithmofcrc.o
    0x20000024   COMPRESSED   0x00000010   Data   RW         2424    .data               stm32f4xx_rcc.o
    0x20000034   COMPRESSED   0x000000ec   Data   RW         3576    .data               chassistask.o
    0x20000120   COMPRESSED   0x00000011   Data   RW         3665    .data               datareceivetask.o
    0x20000131   COMPRESSED   0x00000003   PAD
    0x20000134   COMPRESSED   0x0000001c   Data   RW         3712    .data               datasendtask.o
    0x20000150   COMPRESSED   0x0000005c   Data   RW         3760    .data               powercontroltask.o
    0x200001ac   COMPRESSED   0x00000004   Data   RW         3821    .data               starttask.o
    0x200001b0   COMPRESSED   0x00000094   Data   RW         3938    .data               graphicssendtask.o
    0x20000244   COMPRESSED   0x00000004   Data   RW         4033    .data               cpu_task.o
    0x20000248   COMPRESSED   0x00000044   Data   RW         4471    .data               tasks.o
    0x2000028c   COMPRESSED   0x00000018   Data   RW         4792    .data               heap_4.o
    0x200002a4   COMPRESSED   0x00000004   Data   RW         4850    .data               port.o
    0x200002a8   COMPRESSED   0x00000004   Data   RW         5004    .data               tim2.o
    0x200002ac   COMPRESSED   0x00000001   Data   RW         5266    .data               uart4.o
    0x200002ad   COMPRESSED   0x00000003   PAD
    0x200002b0   COMPRESSED   0x00000018   Data   RW         5309    .data               counter.o
    0x200002c8   COMPRESSED   0x0000000c   Data   RW         5981    .data               debug.o
    0x200002d4   COMPRESSED   0x00000004   Data   RW         6021    .data               os_tick.o
    0x200002d8   COMPRESSED   0x00000011   Data   RW         6089    .data               segger_rtt.o
    0x200002e9   COMPRESSED   0x00000003   PAD
    0x200002ec   COMPRESSED   0x00000004   Data   RW         6477    .data               mc_w.l(rand.o)
    0x200002f0        -       0x0000000e   Zero   RW            8    .bss                main.o
    0x200002fe   COMPRESSED   0x00000002   PAD
    0x20000300        -       0x00000080   Zero   RW          510    .bss                fir.o
    0x20000380        -       0x00000304   Zero   RW         3574    .bss                chassistask.o
    0x20000684        -       0x000000c4   Zero   RW         3664    .bss                datareceivetask.o
    0x20000748        -       0x0000003c   Zero   RW         3758    .bss                powercontroltask.o
    0x20000784        -       0x0000001c   Zero   RW         3820    .bss                starttask.o
    0x200007a0        -       0x00000149   Zero   RW         3937    .bss                graphicssendtask.o
    0x200008e9   COMPRESSED   0x00000003   PAD
    0x200008ec        -       0x0000033c   Zero   RW         4032    .bss                cpu_task.o
    0x20000c28        -       0x000002e4   Zero   RW         4470    .bss                tasks.o
    0x20000f0c        -       0x00004400   Zero   RW         4791    .bss                heap_4.o
    0x2000530c        -       0x00000014   Zero   RW         4922    .bss                can1.o
    0x20005320        -       0x000000b4   Zero   RW         5063    .bss                adc.o
    0x200053d4        -       0x00000020   Zero   RW         5163    .bss                ina260.o
    0x200053f4        -       0x00000090   Zero   RW         5229    .bss                usart2.o
    0x20005484        -       0x000000ad   Zero   RW         5265    .bss                uart4.o
    0x20005531   COMPRESSED   0x00000003   PAD
    0x20005534        -       0x0000000c   Zero   RW         5308    .bss                counter.o
    0x20005540        -       0x000002d4   Zero   RW         5979    .bss                debug.o
    0x20005814        -       0x000004b8   Zero   RW         6087    .bss                segger_rtt.o
    0x20005ccc   COMPRESSED   0x00000004   PAD
    0x20005cd0        -       0x00000400   Zero   RW         2362    STACK               startup_stm32f40_41xxx.o


==============================================================================

Image component sizes


      Code (inc. data)   RO Data    RW Data    ZI Data      Debug   Object Name

       292         16          0          0        180       1505   adc.o
       292         26        769          4          0       7946   algorithmofcrc.o
       348         18          0          0         20       1674   can1.o
       324         14          0          0          0       1379   can2.o
      5488        556          0        236        772      12722   chassistask.o
        80         18          0         24         12       1756   counter.o
       404        222          0          4        828       2120   cpu_task.o
       128          4          0          0          0        664   dac.o
      1152         70          0         17        196       4815   datareceivetask.o
       444         54          0         28          0       3946   datasendtask.o
        36         14         12         12        724       3636   debug.o
         0          0          0          0          0       1508   event_groups.o
       308         34         24          0        128       2278   fir.o
      4244        328          0        148        329      14796   graphicssendtask.o
       508         62          0         24      17408       4131   heap_4.o
       640         80          0          0          0       5793   i2c.o
       440         40          0          0         32       2833   ina260.o
         8          0          0          0          0        512   iwdg.o
       148          0          0          0          0       3506   list.o
       448         52          0         12         14     372418   main.o
       120         14          0          0          0       1084   misc.o
       148         12          0          4          0       1824   os_tick.o
       340          0          0          0          0       1047   pid.o
       472         58          0          4          0       9988   port.o
       820        142          0         92         60       4980   powercontroltask.o
       860         58         17         17       1208      13438   segger_rtt.o
      1096          6         16          0          0       6157   segger_rtt_printf.o
       340        158          0          4         28       2230   starttask.o
        36          8        392          0       1024        896   startup_stm32f40_41xxx.o
       410         20          0          0          0       6338   stm32f4xx_adc.o
      1654         22          0          0          0       7976   stm32f4xx_can.o
       156         24          0          0          0       3257   stm32f4xx_dac.o
        32          6          0          0          0        616   stm32f4xx_dbgmcu.o
       770         72          0          0          0       7331   stm32f4xx_dma.o
       222          0          0          0          0       3083   stm32f4xx_gpio.o
        28          0          0          0          0       3459   stm32f4xx_it.o
        16          6          0          0          0        533   stm32f4xx_iwdg.o
       392         48          0         16          0       6109   stm32f4xx_rcc.o
       230         28          0          0          0       5692   stm32f4xx_tim.o
       254          8          0          0          0       2824   stm32f4xx_usart.o
       340         32          0         20          0       1893   system_stm32f4xx.o
      3444        476          0         68        740      33992   tasks.o
       194          4          0          4          0       1995   tim2.o
       124         12          0          0          0       1171   tim4.o
        26          0          0          0          0        643   tools.o
       580         50          0          1        173       2903   uart4.o
       484         56          0          0        144       2726   usart2.o

    ----------------------------------------------------------------------
     29352       2928       1268        748      24032     584123   Object Totals
         0          0         32          0          0          0   (incl. Generated)
        32          0          6          9         12          0   (incl. Padding)

    ----------------------------------------------------------------------

      Code (inc. data)   RO Data    RW Data    ZI Data      Debug   Library Member Name

         0          0       2052          0          0       6294   arm_common_tables.o
       152         12          0          0          0       1104   arm_cos_f32.o
       144         12          0          0          0       1092   arm_sin_f32.o
        86          0          0          0          0          0   __dczerorl2.o
         0          0          0          0          0          0   entry.o
         0          0          0          0          0          0   entry10a.o
         0          0          0          0          0          0   entry11a.o
         8          4          0          0          0          0   entry2.o
         4          0          0          0          0          0   entry5.o
         0          0          0          0          0          0   entry7b.o
         0          0          0          0          0          0   entry8b.o
         8          4          0          0          0          0   entry9a.o
        30          0          0          0          0          0   handlers.o
        36          8          0          0          0         68   init.o
         0          0          0          0          0          0   iusefp.o
        30          0          0          0          0         68   llshl.o
        36          0          0          0          0         68   llsshr.o
        32          0          0          0          0         68   llushr.o
        36          0          0          0          0         68   memcpya.o
        36          0          0          0          0        108   memseta.o
      2276         86          0          0          0        520   printfa.o
        36         10          0          4          0        136   rand.o
        18          0          0          0          0         68   strcpy.o
        14          0          0          0          0         68   strlen.o
        44          0          0          0          0         80   uidiv.o
        98          0          0          0          0         92   uldiv.o
        48          0          0          0          0         68   cdrcmple.o
        56          0          0          0          0         88   d2f.o
       334          0          0          0          0        148   dadd.o
       222          0          0          0          0        100   ddiv.o
       186          0          0          0          0        176   depilogue.o
        50          0          0          0          0         76   dfixui.o
        48          0          0          0          0         68   dfixul.o
       228          0          0          0          0         96   dmul.o
        38          0          0          0          0         68   f2d.o
       110          0          0          0          0        168   fepilogue.o

    ----------------------------------------------------------------------
      4452        136       2052          4          0      10958   Library Totals
         8          0          0          0          0          0   (incl. Padding)

    ----------------------------------------------------------------------

      Code (inc. data)   RO Data    RW Data    ZI Data      Debug   Library Name

       296         24       2052          0          0       8490   arm_cortexM4lf_math.lib
      2828        112          0          4          0       1412   mc_w.l
      1320          0          0          0          0       1056   mf_w.l

    ----------------------------------------------------------------------
      4452        136       2052          4          0      10958   Library Totals

    ----------------------------------------------------------------------

==============================================================================


      Code (inc. data)   RO Data    RW Data    ZI Data      Debug   

     33804       3064       3320        752      24032     573149   Grand Totals
     33804       3064       3320        196      24032     573149   ELF Image Totals (compressed)
     33804       3064       3320        196          0          0   ROM Totals

==============================================================================

    Total RO  Size (Code + RO Data)                37124 (  36.25kB)
    Total RW  Size (RW Data + ZI Data)             24784 (  24.20kB)
    Total ROM Size (Code + RO Data + RW Data)      37320 (  36.45kB)

==============================================================================

