Component: ARM Compiler 5.06 update 6 (build 750) Tool: armlink [4d35ed]

==============================================================================

Section Cross References

    startup_stm32f40_41xxx.o(RESET) refers to startup_stm32f40_41xxx.o(STACK) for __initial_sp
    startup_stm32f40_41xxx.o(RESET) refers to startup_stm32f40_41xxx.o(.text) for Reset_Handler
    startup_stm32f40_41xxx.o(RESET) refers to stm32f4xx_it.o(i.NMI_Handler) for NMI_Handler
    startup_stm32f40_41xxx.o(RESET) refers to stm32f4xx_it.o(i.HardFault_Handler) for HardFault_Handler
    startup_stm32f40_41xxx.o(RESET) refers to stm32f4xx_it.o(i.MemManage_Handler) for MemManage_Handler
    startup_stm32f40_41xxx.o(RESET) refers to stm32f4xx_it.o(i.BusFault_Handler) for BusFault_Handler
    startup_stm32f40_41xxx.o(RESET) refers to stm32f4xx_it.o(i.UsageFault_Handler) for UsageFault_Handler
    startup_stm32f40_41xxx.o(RESET) refers to port.o(.emb_text) for SVC_Handler
    startup_stm32f40_41xxx.o(RESET) refers to stm32f4xx_it.o(i.DebugMon_Handler) for DebugMon_Handler
    startup_stm32f40_41xxx.o(RESET) refers to port.o(i.SysTick_Handler) for SysTick_Handler
    startup_stm32f40_41xxx.o(RESET) refers to hw_uart4_debugpc.o(i.DMA1_Stream2_IRQHandler) for DMA1_Stream2_IRQHandler
    startup_stm32f40_41xxx.o(RESET) refers to hw_uart4_debugpc.o(i.DMA1_Stream4_IRQHandler) for DMA1_Stream4_IRQHandler
    startup_stm32f40_41xxx.o(RESET) refers to hw_usart2_pc.o(i.DMA1_Stream6_IRQHandler) for DMA1_Stream6_IRQHandler
    startup_stm32f40_41xxx.o(RESET) refers to hw_can.o(i.CAN1_TX_IRQHandler) for CAN1_TX_IRQHandler
    startup_stm32f40_41xxx.o(RESET) refers to hw_can.o(i.CAN1_RX0_IRQHandler) for CAN1_RX0_IRQHandler
    startup_stm32f40_41xxx.o(RESET) refers to hw_can.o(i.CAN1_RX1_IRQHandler) for CAN1_RX1_IRQHandler
    startup_stm32f40_41xxx.o(RESET) refers to tim4.o(i.TIM4_IRQHandler) for TIM4_IRQHandler
    startup_stm32f40_41xxx.o(RESET) refers to hw_usart2_pc.o(i.USART2_IRQHandler) for USART2_IRQHandler
    startup_stm32f40_41xxx.o(RESET) refers to hw_usart3_rc.o(i.USART3_IRQHandler) for USART3_IRQHandler
    startup_stm32f40_41xxx.o(RESET) refers to hw_uart4_debugpc.o(i.UART4_IRQHandler) for UART4_IRQHandler
    startup_stm32f40_41xxx.o(RESET) refers to hw_can.o(i.CAN2_TX_IRQHandler) for CAN2_TX_IRQHandler
    startup_stm32f40_41xxx.o(RESET) refers to hw_can.o(i.CAN2_RX0_IRQHandler) for CAN2_RX0_IRQHandler
    startup_stm32f40_41xxx.o(RESET) refers to hw_can.o(i.CAN2_RX1_IRQHandler) for CAN2_RX1_IRQHandler
    startup_stm32f40_41xxx.o(.text) refers to system_stm32f4xx.o(i.SystemInit) for SystemInit
    startup_stm32f40_41xxx.o(.text) refers to entry.o(.ARM.Collect$$$$00000000) for __main
    system_stm32f4xx.o(i.SystemCoreClockUpdate) refers to system_stm32f4xx.o(.data) for SystemCoreClock
    system_stm32f4xx.o(i.SystemInit) refers to system_stm32f4xx.o(i.SetSysClock) for SetSysClock
    stm32f4xx_can.o(i.CAN_DeInit) refers to stm32f4xx_rcc.o(i.RCC_APB1PeriphResetCmd) for RCC_APB1PeriphResetCmd
    stm32f4xx_can.o(i.CAN_GetITStatus) refers to stm32f4xx_can.o(i.CheckITStatus) for CheckITStatus
    stm32f4xx_flash.o(i.FLASH_EraseAllBank1Sectors) refers to stm32f4xx_flash.o(i.FLASH_WaitForLastOperation) for FLASH_WaitForLastOperation
    stm32f4xx_flash.o(i.FLASH_EraseAllBank2Sectors) refers to stm32f4xx_flash.o(i.FLASH_WaitForLastOperation) for FLASH_WaitForLastOperation
    stm32f4xx_flash.o(i.FLASH_EraseAllSectors) refers to stm32f4xx_flash.o(i.FLASH_WaitForLastOperation) for FLASH_WaitForLastOperation
    stm32f4xx_flash.o(i.FLASH_EraseSector) refers to stm32f4xx_flash.o(i.FLASH_WaitForLastOperation) for FLASH_WaitForLastOperation
    stm32f4xx_flash.o(i.FLASH_OB_Launch) refers to stm32f4xx_flash.o(i.FLASH_WaitForLastOperation) for FLASH_WaitForLastOperation
    stm32f4xx_flash.o(i.FLASH_OB_PCROP1Config) refers to stm32f4xx_flash.o(i.FLASH_WaitForLastOperation) for FLASH_WaitForLastOperation
    stm32f4xx_flash.o(i.FLASH_OB_PCROPConfig) refers to stm32f4xx_flash.o(i.FLASH_WaitForLastOperation) for FLASH_WaitForLastOperation
    stm32f4xx_flash.o(i.FLASH_OB_RDPConfig) refers to stm32f4xx_flash.o(i.FLASH_WaitForLastOperation) for FLASH_WaitForLastOperation
    stm32f4xx_flash.o(i.FLASH_OB_UserConfig) refers to stm32f4xx_flash.o(i.FLASH_WaitForLastOperation) for FLASH_WaitForLastOperation
    stm32f4xx_flash.o(i.FLASH_OB_WRP1Config) refers to stm32f4xx_flash.o(i.FLASH_WaitForLastOperation) for FLASH_WaitForLastOperation
    stm32f4xx_flash.o(i.FLASH_OB_WRPConfig) refers to stm32f4xx_flash.o(i.FLASH_WaitForLastOperation) for FLASH_WaitForLastOperation
    stm32f4xx_flash.o(i.FLASH_ProgramByte) refers to stm32f4xx_flash.o(i.FLASH_WaitForLastOperation) for FLASH_WaitForLastOperation
    stm32f4xx_flash.o(i.FLASH_ProgramDoubleWord) refers to stm32f4xx_flash.o(i.FLASH_WaitForLastOperation) for FLASH_WaitForLastOperation
[...]
    _double_epilogue                         0x0800079b   Thumb Code   156  depilogue.o(.text)
    __ARM_scalbn                             0x08000837   Thumb Code    46  dscalb.o(.text)
    scalbn                                   0x08000837   Thumb Code     0  dscalb.o(.text)
    _dsqrt                                   0x08000865   Thumb Code   162  dsqrt.o(.text)
    __scatterload                            0x08000909   Thumb Code    28  init.o(.text)
    __scatterload_rt2                        0x08000909   Thumb Code     0  init.o(.text)
    __aeabi_llsr                             0x0800092d   Thumb Code    32  llushr.o(.text)
    __semihosting_library_function           0x0800092d   Thumb Code     0  semi.o(.text)
    _ll_ushift_r                             0x0800092d   Thumb Code     0  llushr.o(.text)
    __I$use$semihosting$fputc                0x0800094d   Thumb Code     0  iusesemip.o(.text)
    __decompress                             0x0800094d   Thumb Code     0  __dczerorl2.o(.text)
    __decompress1                            0x0800094d   Thumb Code    86  __dczerorl2.o(.text)
    arm_mat_add_f32                          0x080009a5   Thumb Code   186  arm_mat_add_f32.o(.text.arm_mat_add_f32)
    arm_mat_init_f32                         0x08000a5f   Thumb Code     8  arm_mat_init_f32.o(.text.arm_mat_init_f32)
    arm_mat_inverse_f32                      0x08000a69   Thumb Code   756  arm_mat_inverse_f32.o(.text.arm_mat_inverse_f32)
    arm_mat_mult_f32                         0x08000d5d   Thumb Code   296  arm_mat_mult_f32.o(.text.arm_mat_mult_f32)
    arm_mat_sub_f32                          0x08000e85   Thumb Code   186  arm_mat_sub_f32.o(.text.arm_mat_sub_f32)
    arm_mat_trans_f32                        0x08000f41   Thumb Code   162  arm_mat_trans_f32.o(.text.arm_mat_trans_f32)
    Append_CRC16_Check_Sum                   0x08000fe5   Thumb Code    44  algo_crc.o(i.Append_CRC16_Check_Sum)
    Append_CRC8_Check_Sum                    0x08001015   Thumb Code    36  algo_crc.o(i.Append_CRC8_Check_Sum)
    BLUE_light_toggle                        0x08001039   Thumb Code    38  hw_gpio_led.o(i.BLUE_light_toggle)
    Bodan_Can1Send                           0x080010f9   Thumb Code   138  task_datasend.o(i.Bodan_Can1Send)
    BusFault_Handler                         0x0800118d   Thumb Code     4  stm32f4xx_it.o(i.BusFault_Handler)
    CAN1_DataReceive_0                       0x08001329   Thumb Code   206  taskit_datareceive.o(i.CAN1_DataReceive_0)
    CAN1_DataReceive_1                       0x08001409   Thumb Code     2  taskit_datareceive.o(i.CAN1_DataReceive_1)
    CAN1_RX0_IRQHandler                      0x0800140d   Thumb Code    36  hw_can.o(i.CAN1_RX0_IRQHandler)
    CAN1_RX1_IRQHandler                      0x08001439   Thumb Code    36  hw_can.o(i.CAN1_RX1_IRQHandler)
    CAN1_TX_IRQHandler                       0x08001465   Thumb Code    22  hw_can.o(i.CAN1_TX_IRQHandler)
    CAN2_DataReceive_0                       0x08001615   Thumb Code   294  taskit_datareceive.o(i.CAN2_DataReceive_0)
    CAN2_DataReceive_1                       0x08001755   Thumb Code   332  taskit_datareceive.o(i.CAN2_DataReceive_1)
    CAN2_RX0_IRQHandler                      0x080018d5   Thumb Code    36  hw_can.o(i.CAN2_RX0_IRQHandler)
    CAN2_RX1_IRQHandler                      0x08001901   Thumb Code    36  hw_can.o(i.CAN2_RX1_IRQHandler)
    CAN2_TX_IRQHandler                       0x0800192d   Thumb Code    22  hw_can.o(i.CAN2_TX_IRQHandler)
    CAN_ClearITPendingBit                    0x08001949   Thumb Code   162  stm32f4xx_can.o(i.CAN_ClearITPendingBit)
    CAN_Configuration                        0x080019f1   Thumb Code    12  hw_can.o(i.CAN_Configuration)
    CAN_DeInit                               0x080019fd   Thumb Code    50  stm32f4xx_can.o(i.CAN_DeInit)
    CAN_FilterInit                           0x08001a35   Thumb Code   258  stm32f4xx_can.o(i.CAN_FilterInit)
    CAN_GetITStatus                          0x08001b3d   Thumb Code   284  stm32f4xx_can.o(i.CAN_GetITStatus)
    CAN_ITConfig                             0x08001c5d   Thumb Code    18  stm32f4xx_can.o(i.CAN_ITConfig)
    CAN_Init                                 0x08001c6f   Thumb Code   276  stm32f4xx_can.o(i.CAN_Init)
    CAN_Receive                              0x08001d83   Thumb Code   240  stm32f4xx_can.o(i.CAN_Receive)
    CAN_StructInit                           0x08001e73   Thumb Code    32  stm32f4xx_can.o(i.CAN_StructInit)
    CAN_Transmit                             0x08001e93   Thumb Code   294  stm32f4xx_can.o(i.CAN_Transmit)
    COUNTER_Configuration                    0x08001fb9   Thumb Code    70  counter.o(i.COUNTER_Configuration)
    CPU_task                                 0x08002011   Thumb Code   198  task_usagecpu.o(i.CPU_task)
    Classify_Send_Msg                        0x080021cd   Thumb Code    58  task_datasend.o(i.Classify_Send_Msg)
    CombPitchOutput                          0x0800220d   Thumb Code    20  task_gimbalr.o(i.CombPitchOutput)
    CombYawOutput                            0x08002229   Thumb Code    20  task_gimbalr.o(i.CombYawOutput)
    DBGMCU_Config                            0x08002245   Thumb Code    26  stm32f4xx_dbgmcu.o(i.DBGMCU_Config)
    DMA1_Stream2_IRQHandler                  0x08002265   Thumb Code   184  hw_uart4_debugpc.o(i.DMA1_Stream2_IRQHandler)
    DMA1_Stream4_IRQHandler                  0x08002339   Thumb Code    74  hw_uart4_debugpc.o(i.DMA1_Stream4_IRQHandler)
    DMA1_Stream6_IRQHandler                  0x08002399   Thumb Code    54  hw_usart2_pc.o(i.DMA1_Stream6_IRQHandler)
    DMA_ClearFlag                            0x080023e1   Thumb Code    38  stm32f4xx_dma.o(i.DMA_ClearFlag)
    DMA_ClearITPendingBit                    0x08002415   Thumb Code    38  stm32f4xx_dma.o(i.DMA_ClearITPendingBit)
    DMA_Cmd                                  0x08002449   Thumb Code    22  stm32f4xx_dma.o(i.DMA_Cmd)
    DMA_DeInit                               0x08002461   Thumb Code   324  stm32f4xx_dma.o(i.DMA_DeInit)
    DMA_DoubleBufferModeCmd                  0x080025b9   Thumb Code    22  stm32f4xx_dma.o(i.DMA_DoubleBufferModeCmd)
    DMA_DoubleBufferModeConfig               0x080025cf   Thumb Code    24  stm32f4xx_dma.o(i.DMA_DoubleBufferModeConfig)
    DMA_GetCurrDataCounter                   0x080025e7   Thumb Code     8  stm32f4xx_dma.o(i.DMA_GetCurrDataCounter)
    DMA_GetCurrentMemoryTarget               0x080025ef   Thumb Code    20  stm32f4xx_dma.o(i.DMA_GetCurrentMemoryTarget)
    DMA_GetFlagStatus                        0x08002605   Thumb Code    54  stm32f4xx_dma.o(i.DMA_GetFlagStatus)
    DMA_GetITStatus                          0x08002649   Thumb Code    82  stm32f4xx_dma.o(i.DMA_GetITStatus)
    DMA_ITConfig                             0x080026ad   Thumb Code    58  stm32f4xx_dma.o(i.DMA_ITConfig)
    DMA_Init                                 0x080026e9   Thumb Code    82  stm32f4xx_dma.o(i.DMA_Init)
    DMA_SetCurrDataCounter                   0x08002741   Thumb Code     4  stm32f4xx_dma.o(i.DMA_SetCurrDataCounter)
    DebugMon_Handler                         0x08002745   Thumb Code     2  stm32f4xx_it.o(i.DebugMon_Handler)
    Frame_Acceptance_Rate                    0x08002749   Thumb Code   436  taskit_datareceive.o(i.Frame_Acceptance_Rate)
    Frame_Send_Rate                          0x08002909   Thumb Code    88  task_datasend.o(i.Frame_Send_Rate)
    FrictionWheel_SetSpeed                   0x08002965   Thumb Code   268  task_shoot.o(i.FrictionWheel_SetSpeed)
    GPIO_Init                                0x08002a7d   Thumb Code   144  stm32f4xx_gpio.o(i.GPIO_Init)
    GPIO_PinAFConfig                         0x08002b0d   Thumb Code    70  stm32f4xx_gpio.o(i.GPIO_PinAFConfig)
    GPIO_ReadOutputDataBit                   0x08002b53   Thumb Code    18  stm32f4xx_gpio.o(i.GPIO_ReadOutputDataBit)
    GPIO_ResetBits                           0x08002b65   Thumb Code     4  stm32f4xx_gpio.o(i.GPIO_ResetBits)
    GPIO_SetBits                             0x08002b69   Thumb Code     4  stm32f4xx_gpio.o(i.GPIO_SetBits)
    Get_CRC16_Check_Sum                      0x08002b6d   Thumb Code    46  algo_crc.o(i.Get_CRC16_Check_Sum)
    Get_CRC8_Check_Sum                       0x08002ba1   Thumb Code    30  algo_crc.o(i.Get_CRC8_Check_Sum)
    Gimbal_AIM_Act                           0x08002bc5   Thumb Code    96  task_gimbalr.o(i.Gimbal_AIM_Act)
    Gimbal_Attack_Both                       0x08002c25   Thumb Code   114  task_gimbalr.o(i.Gimbal_Attack_Both)
    Gimbal_Attack_Left                       0x08002cbd   Thumb Code    64  task_gimbalr.o(i.Gimbal_Attack_Left)
    Gimbal_Attack_None                       0x08002d19   Thumb Code    50  task_gimbalr.o(i.Gimbal_Attack_None)
    Gimbal_Attack_Nosyne                     0x08002d61   Thumb Code   122  task_gimbalr.o(i.Gimbal_Attack_Nosyne)
    Gimbal_Attack_Right                      0x08002e11   Thumb Code    64  task_gimbalr.o(i.Gimbal_Attack_Right)
    Gimbal_Cruise                            0x08002e6d   Thumb Code   842  task_gimbalr.o(i.Gimbal_Cruise)
    Gimbal_DEBUG_Act                         0x080031d1   Thumb Code    40  task_gimbalr.o(i.Gimbal_DEBUG_Act)
    Gimbal_GYRO_Cal                          0x08003201   Thumb Code   612  task_gimbalr.o(i.Gimbal_GYRO_Cal)
    Gimbal_Init                              0x080034dd   Thumb Code    50  task_gimbalr.o(i.Gimbal_Init)
    Gimbal_Limit_Init                        0x08003529   Thumb Code   174  task_gimbalr.o(i.Gimbal_Limit_Init)
    Gimbal_PC_Act                            0x080035e9   Thumb Code   190  task_gimbalr.o(i.Gimbal_PC_Act)
    Gimbal_PID_Cal                           0x080036cd   Thumb Code   498  task_gimbalr.o(i.Gimbal_PID_Cal)
    Gimbal_RC_Act                            0x080038c9   Thumb Code   110  task_gimbalr.o(i.Gimbal_RC_Act)
    Gimbal_Receive                           0x08003945   Thumb Code   232  taskit_datareceive.o(i.Gimbal_Receive)
    Gimbal_SLEEP_Act                         0x08003a59   Thumb Code    16  task_gimbalr.o(i.Gimbal_SLEEP_Act)
    Gimbal_Syne_Send                         0x08003a69   Thumb Code    58  task_datasend.o(i.Gimbal_Syne_Send)
    GyroPitchOutPut                          0x08003ab5   Thumb Code    20  task_zerocheck.o(i.GyroPitchOutPut)
    GyroYawOutPut                            0x08003ad1   Thumb Code    20  task_zerocheck.o(i.GyroYawOutPut)
    HardFault_Handler                        0x08003aed   Thumb Code     4  stm32f4xx_it.o(i.HardFault_Handler)
    ICM20602_init                            0x08003af1   Thumb Code    50  icm20602.o(i.ICM20602_init)
    IMU_QuaternionEKF_Init                   0x08003d71   Thumb Code   264  quaternionekf.o(i.IMU_QuaternionEKF_Init)
    INS_Init                                 0x08004505   Thumb Code    94  ins.o(i.INS_Init)
    Kalman_Filter_Init                       0x0800457d   Thumb Code  1800  kalman_filter.o(i.Kalman_Filter_Init)
    LED_Configuration                        0x08004c89   Thumb Code    58  hw_gpio_led.o(i.LED_Configuration)
    MemManage_Handler                        0x08004cc9   Thumb Code     4  stm32f4xx_it.o(i.MemManage_Handler)
    NMI_Handler                              0x08004ccd   Thumb Code     2  stm32f4xx_it.o(i.NMI_Handler)
    NVIC_Init                                0x08004cd1   Thumb Code   106  misc.o(i.NVIC_Init)
    NVIC_PriorityGroupConfig                 0x08004d49   Thumb Code    10  misc.o(i.NVIC_PriorityGroupConfig)
    PCReceive                                0x08004d5d   Thumb Code   116  taskit_datareceive.o(i.PCReceive)
    PID_Calc                                 0x08004de5   Thumb Code   294  algo_pid.o(i.PID_Calc)
    PID_Gimbal_Init                          0x08004f0d   Thumb Code   714  task_gimbalr.o(i.PID_Gimbal_Init)
    PitchAngleOutPut                         0x0800532d   Thumb Code    28  task_zerocheck.o(i.PitchAngleOutPut)
    PitchYaw_Can2Send                        0x08005351   Thumb Code   204  task_datasend.o(i.PitchYaw_Can2Send)
    RCC_AHB1PeriphClockCmd                   0x08005439   Thumb Code    26  stm32f4xx_rcc.o(i.RCC_AHB1PeriphClockCmd)
    RCC_APB1PeriphClockCmd                   0x08005459   Thumb Code    26  stm32f4xx_rcc.o(i.RCC_APB1PeriphClockCmd)
    RCC_APB1PeriphResetCmd                   0x08005479   Thumb Code    26  stm32f4xx_rcc.o(i.RCC_APB1PeriphResetCmd)
    RCC_GetClocksFreq                        0x08005499   Thumb Code   214  stm32f4xx_rcc.o(i.RCC_GetClocksFreq)
    RED_light_toggle                         0x08005581   Thumb Code    38  hw_gpio_led.o(i.RED_light_toggle)
    RemoteReceive                            0x080055ad   Thumb Code   134  hw_dbus.o(i.RemoteReceive)
    Remote_Send                              0x08005645   Thumb Code   170  task_datasend.o(i.Remote_Send)
    Rob_Init                                 0x08005701   Thumb Code    10  main.o(i.Rob_Init)
    Rst_Debug                                0x08005711   Thumb Code    12  task_actionupdate.o(i.Rst_Debug)
    SEGGER_RTT_SetTerminal                   0x08005721   Thumb Code   146  segger_rtt.o(i.SEGGER_RTT_SetTerminal)
    SEGGER_RTT_Write                         0x080057c1   Thumb Code    68  segger_rtt.o(i.SEGGER_RTT_Write)
    SEGGER_RTT_WriteNoLock                   0x08005809   Thumb Code   126  segger_rtt.o(i.SEGGER_RTT_WriteNoLock)
    SEGGER_RTT_printf                        0x0800588d   Thumb Code    34  segger_rtt_printf.o(i.SEGGER_RTT_printf)
    SEGGER_RTT_vprintf                       0x080058af   Thumb Code   522  segger_rtt_printf.o(i.SEGGER_RTT_vprintf)
    SendtoPC                                 0x08005ab9   Thumb Code    18  task_cv_datasend.o(i.SendtoPC)
    SendtoPCPack                             0x08005ad5   Thumb Code   142  task_cv_datasend.o(i.SendtoPCPack)
    Shoot_Disconnect_Act                     0x08005e25   Thumb Code    36  task_shoot.o(i.Shoot_Disconnect_Act)
    SysTick_Handler                          0x08006051   Thumb Code    46  port.o(i.SysTick_Handler)
    SystemInit                               0x08006085   Thumb Code    88  system_stm32f4xx.o(i.SystemInit)
    TIM2_Configuration                       0x080060ed   Thumb Code    58  hw_tim2_delay.o(i.TIM2_Configuration)
    TIM4_Configuration                       0x08006129   Thumb Code    88  tim4.o(i.TIM4_Configuration)
    TIM4_IRQHandler                          0x08006185   Thumb Code    32  tim4.o(i.TIM4_IRQHandler)
    TIM_ClearFlag                            0x080061ad   Thumb Code     6  stm32f4xx_tim.o(i.TIM_ClearFlag)
    TIM_ClearITPendingBit                    0x080061b3   Thumb Code     6  stm32f4xx_tim.o(i.TIM_ClearITPendingBit)
    TIM_Cmd                                  0x080061b9   Thumb Code    24  stm32f4xx_tim.o(i.TIM_Cmd)
    TIM_GetFlagStatus                        0x080061d1   Thumb Code    18  stm32f4xx_tim.o(i.TIM_GetFlagStatus)
    TIM_GetITStatus                          0x080061e3   Thumb Code    34  stm32f4xx_tim.o(i.TIM_GetITStatus)
    TIM_ITConfig                             0x08006205   Thumb Code    18  stm32f4xx_tim.o(i.TIM_ITConfig)
    TIM_TimeBaseInit                         0x08006219   Thumb Code   104  stm32f4xx_tim.o(i.TIM_TimeBaseInit)
    UART4_Configuration                      0x0800629d   Thumb Code   478  hw_uart4_debugpc.o(i.UART4_Configuration)
    UART4_IRQHandler                         0x08006491   Thumb Code    22  hw_uart4_debugpc.o(i.UART4_IRQHandler)
    USART2_Configuration                     0x080064ad   Thumb Code   516  hw_usart2_pc.o(i.USART2_Configuration)
    USART2_IRQHandler                        0x080066c5   Thumb Code    72  hw_usart2_pc.o(i.USART2_IRQHandler)
    USART3_Configuration                     0x08006721   Thumb Code   302  hw_usart3_rc.o(i.USART3_Configuration)
    USART3_IRQHandler                        0x08006865   Thumb Code    90  hw_usart3_rc.o(i.USART3_IRQHandler)
    USART_ClearFlag                          0x080068cd   Thumb Code    18  stm32f4xx_usart.o(i.USART_ClearFlag)
    USART_ClearITPendingBit                  0x080068df   Thumb Code    30  stm32f4xx_usart.o(i.USART_ClearITPendingBit)
    USART_Cmd                                0x080068fd   Thumb Code    24  stm32f4xx_usart.o(i.USART_Cmd)
    USART_DMACmd                             0x08006915   Thumb Code    18  stm32f4xx_usart.o(i.USART_DMACmd)
    USART_GetFlagStatus                      0x08006927   Thumb Code    26  stm32f4xx_usart.o(i.USART_GetFlagStatus)
    USART_GetITStatus                        0x08006941   Thumb Code    84  stm32f4xx_usart.o(i.USART_GetITStatus)
    USART_ITConfig                           0x08006995   Thumb Code    74  stm32f4xx_usart.o(i.USART_ITConfig)
    USART_Init                               0x080069e1   Thumb Code   204  stm32f4xx_usart.o(i.USART_Init)
    UsageFault_Handler                       0x08006ab5   Thumb Code     4  stm32f4xx_it.o(i.UsageFault_Handler)
    Verify_CRC16_Check_Sum                   0x08006ab9   Thumb Code    60  algo_crc.o(i.Verify_CRC16_Check_Sum)
    Verify_CRC8_Check_Sum                    0x08006af9   Thumb Code    50  algo_crc.o(i.Verify_CRC8_Check_Sum)
    YawAngleOutPut                           0x08006b31   Thumb Code    28  task_zerocheck.o(i.YawAngleOutPut)
    ZeroCheck_Init                           0x08006c1d   Thumb Code   240  task_zerocheck.o(i.ZeroCheck_Init)
    __0printf$3                              0x080070a5   Thumb Code    22  printf3.o(i.__0printf$3)
    __1printf$3                              0x080070a5   Thumb Code     0  printf3.o(i.__0printf$3)
    __2printf                                0x080070a5   Thumb Code     0  printf3.o(i.__0printf$3)
    __0sprintf$3                             0x080070c5   Thumb Code    34  printf3.o(i.__0sprintf$3)
    __1sprintf$3                             0x080070c5   Thumb Code     0  printf3.o(i.__0sprintf$3)
    __2sprintf                               0x080070c5   Thumb Code     0  printf3.o(i.__0sprintf$3)
    __ARM_fpclassify                         0x080070ed   Thumb Code    48  fpclassify.o(i.__ARM_fpclassify)
    __hardfp_acosf                           0x0800711d   Thumb Code   234  acosf.o(i.__hardfp_acosf)
    __hardfp_pow                             0x08007239   Thumb Code  3072  pow.o(i.__hardfp_pow)
    __hardfp_sqrt                            0x08007e89   Thumb Code   122  sqrt.o(i.__hardfp_sqrt)
    __kernel_poly                            0x08007f03   Thumb Code   248  poly.o(i.__kernel_poly)
    __mathlib_dbl_divzero                    0x08008001   Thumb Code    28  dunder.o(i.__mathlib_dbl_divzero)
    __mathlib_dbl_infnan2                    0x08008031   Thumb Code    20  dunder.o(i.__mathlib_dbl_infnan2)
    __mathlib_dbl_invalid                    0x08008049   Thumb Code    24  dunder.o(i.__mathlib_dbl_invalid)
    __mathlib_dbl_overflow                   0x08008069   Thumb Code    24  dunder.o(i.__mathlib_dbl_overflow)
    __mathlib_dbl_underflow                  0x08008089   Thumb Code    24  dunder.o(i.__mathlib_dbl_underflow)
    __mathlib_flt_infnan                     0x080080a9   Thumb Code     6  funder.o(i.__mathlib_flt_infnan)
    __mathlib_flt_invalid                    0x080080b1   Thumb Code    10  funder.o(i.__mathlib_flt_invalid)
    __scatterload_copy                       0x080080c1   Thumb Code    14  handlers.o(i.__scatterload_copy)
    __scatterload_null                       0x080080cf   Thumb Code     2  handlers.o(i.__scatterload_null)
    __scatterload_zeroinit                   0x080080d1   Thumb Code    14  handlers.o(i.__scatterload_zeroinit)
    __set_errno                              0x080080e1   Thumb Code     6  errno.o(i.__set_errno)
    delay_ms                                 0x08008381   Thumb Code    56  hw_tim2_delay.o(i.delay_ms)
    eTaskGetState                            0x080083b9   Thumb Code   102  tasks.o(i.eTaskGetState)
    fabs                                     0x08008459   Thumb Code    24  fabs.o(i.fabs)
    fputc                                    0x08008471   Thumb Code    18  fputc.o(i.fputc)
    getRCData                                0x08008485   Thumb Code    16  hw_dbus.o(i.getRCData)
    main                                     0x08008525   Thumb Code    34  main.o(i.main)
    malloc                                   0x08008549   Thumb Code    92  malloc.o(i.malloc)
    pvPortMalloc                             0x08008b19   Thumb Code   262  heap_4.o(i.pvPortMalloc)
    pxPortInitialiseStack                    0x08008c6d   Thumb Code    38  port.o(i.pxPortInitialiseStack)
    reset_remote                             0x08008c99   Thumb Code    40  hw_dbus.o(i.reset_remote)
    sqrt                                     0x08008d09   Thumb Code   110  sqrt.o(i.sqrt)
    sqrtf                                    0x08008d77   Thumb Code    62  sqrtf.o(i.sqrtf)
    start_the_very_first_task                0x08008f0d   Thumb Code    24  start_task.o(i.start_the_very_first_task)
    task_ActionUpdate                        0x08008f39   Thumb Code    44  task_actionupdate.o(i.task_ActionUpdate)
    task_CV_DataSend                         0x08008f69   Thumb Code    24  task_cv_datasend.o(i.task_CV_DataSend)
    task_GimbalR                             0x08008f85   Thumb Code   430  task_gimbalr.o(i.task_GimbalR)
    task_Shoot                               0x08009169   Thumb Code   162  task_shoot.o(i.task_Shoot)
    task_StateLED                            0x08009229   Thumb Code    28  task_stateled.o(i.task_StateLED)
    task_ZeroCheck                           0x08009245   Thumb Code   186  task_zerocheck.o(i.task_ZeroCheck)
    uxListRemove                             0x0800949f   Thumb Code    40  list.o(i.uxListRemove)
    uxTaskGetStackHighWaterMark              0x080094c9   Thumb Code    34  tasks.o(i.uxTaskGetStackHighWaterMark)
    uxTaskGetSystemState                     0x080094f1   Thumb Code   154  tasks.o(i.uxTaskGetSystemState)
    vListInitialise                          0x080095a9   Thumb Code    26  list.o(i.vListInitialise)
    vListInitialiseItem                      0x080095c3   Thumb Code     6  list.o(i.vListInitialiseItem)
    vListInsert                              0x080095c9   Thumb Code    52  list.o(i.vListInsert)
    vListInsertEnd                           0x080095fd   Thumb Code    24  list.o(i.vListInsertEnd)
    vPortEnterCritical                       0x08009615   Thumb Code    68  port.o(i.vPortEnterCritical)
    vPortExitCritical                        0x0800969d   Thumb Code    48  port.o(i.vPortExitCritical)
    vPortFree                                0x0800970d   Thumb Code   120  heap_4.o(i.vPortFree)
    vPortSetupTimerInterrupt                 0x080097c5   Thumb Code    26  port.o(i.vPortSetupTimerInterrupt)
    vTaskDelay                               0x080097e5   Thumb Code    72  tasks.o(i.vTaskDelay)
    vTaskDelete                              0x08009859   Thumb Code   192  tasks.o(i.vTaskDelete)
    vTaskGetInfo                             0x08009965   Thumb Code   114  tasks.o(i.vTaskGetInfo)
    vTaskGetRunTimeStats                     0x080099dd   Thumb Code   182  tasks.o(i.vTaskGetRunTimeStats)
    vTaskList                                0x08009ab1   Thumb Code   204  tasks.o(i.vTaskList)
    vTaskStartScheduler                      0x08009b91   Thumb Code   102  tasks.o(i.vTaskStartScheduler)
    vTaskSuspendAll                          0x08009c3d   Thumb Code    12  tasks.o(i.vTaskSuspendAll)
    vTaskSwitchContext                       0x08009c4d   Thumb Code   162  tasks.o(i.vTaskSwitchContext)
    xPortStartScheduler                      0x08009d35   Thumb Code   258  port.o(i.xPortStartScheduler)
    xTaskCreate                              0x08009e91   Thumb Code    96  tasks.o(i.xTaskCreate)
    xTaskGetTickCount                        0x08009ef1   Thumb Code     6  tasks.o(i.xTaskGetTickCount)
    xTaskIncrementTick                       0x08009efd   Thumb Code   272  tasks.o(i.xTaskIncrementTick)
    xTaskResumeAll                           0x0800a05d   Thumb Code   214  tasks.o(i.xTaskResumeAll)
    wCRC_Table                               0x0800a19e   Data         512  algo_crc.o(.constdata)
    CRC8_INIT                                0x0800a39e   Data           1  algo_crc.o(.constdata)
    CRC8_TAB                                 0x0800a39f   Data         256  algo_crc.o(.constdata)
    IMU_QuaternionEKF_F                      0x0800a4a0   Data         144  quaternionekf.o(.constdata)
    __mathlib_zero                           0x0800a5b8   Data           8  qnan.o(.constdata)
    Region$$Table$$Base                      0x0800a5c0   Number         0  anon$$obj.o(Region$$Table)
    Region$$Table$$Limit                     0x0800a5e0   Number         0  anon$$obj.o(Region$$Table)
    SystemCoreClock                          0x20000000   Data           4  system_stm32f4xx.o(.data)
    AHBPrescTable                            0x20000004   Data          16  system_stm32f4xx.o(.data)
    task_ActionUpdate_Handler                0x20000038   Data           4  start_task.o(.data)
    task_GimbalR_Handler                     0x2000003c   Data           4  start_task.o(.data)
    task_Shoot_Handler                       0x20000040   Data           4  start_task.o(.data)
    task_CV_DataSend_Handler                 0x20000044   Data           4  start_task.o(.data)
    task_StateLED_Handler                    0x20000048   Data           4  start_task.o(.data)
    task_ZeroCheck_Handler                   0x2000004c   Data           4  start_task.o(.data)
    CPUTask_Handler                          0x20000050   Data           4  start_task.o(.data)
    INS_Task_Handler                         0x20000054   Data           4  start_task.o(.data)
    StartTask_Handler                        0x20000058   Data           4  start_task.o(.data)
    RX_Number                                0x2000005c   Data           2  taskit_datareceive.o(.data)
    aim_Up_Pitch_100                         0x2000005e   Data           2  taskit_datareceive.o(.data)
    aim_Up_Yaw_100                           0x20000060   Data           4  taskit_datareceive.o(.data)
    aim_Up_Pitch                             0x20000064   Data           4  taskit_datareceive.o(.data)
    aim_Up_Yaw                               0x20000068   Data           4  taskit_datareceive.o(.data)
    aim_Valid_Flag                           0x2000006c   Data           1  taskit_datareceive.o(.data)
    Bullet_Speed                             0x20000070   Data           4  taskit_datareceive.o(.data)
    Attack_color                             0x20000074   Data           1  taskit_datareceive.o(.data)
    aim_flag                                 0x20000075   Data           1  taskit_datareceive.o(.data)
    gyro_cnt                                 0x20000078   Data           4  taskit_datareceive.o(.data)
    gyro_pitch_test                          0x2000007c   Data           4  taskit_datareceive.o(.data)
    cnt_temp                                 0x20000080   Data           4  taskit_datareceive.o(.data)
    cnt1                                     0x20000084   Data           4  taskit_datareceive.o(.data)
    gz10e6                                   0x20000088   Data           4  taskit_datareceive.o(.data)
    aim_yaw_l                                0x2000008c   Data           4  taskit_datareceive.o(.data)
    aim_pitch_l                              0x20000090   Data           4  taskit_datareceive.o(.data)
    run_time_check                           0x20000094   Data           4  taskit_datareceive.o(.data)
    pc_yaw                                   0x20000098   Data           4  taskit_datareceive.o(.data)
    pc_pitch                                 0x2000009c   Data           2  taskit_datareceive.o(.data)
    pc_yaw_l                                 0x200000a0   Data           4  taskit_datareceive.o(.data)
    pc_pitch_l                               0x200000a4   Data           2  taskit_datareceive.o(.data)
    distance                                 0x200000a6   Data           1  taskit_datareceive.o(.data)
    distance_l                               0x200000a7   Data           1  taskit_datareceive.o(.data)
    Armor_Aimed                              0x200000a8   Data           2  taskit_datareceive.o(.data)
    armor_state                              0x200000aa   Data           1  taskit_datareceive.o(.data)
    last_armor_state                         0x200000ab   Data           1  taskit_datareceive.o(.data)
    aim_yaw                                  0x200000ac   Data           4  taskit_datareceive.o(.data)
    aim_pitch                                0x200000b0   Data           4  taskit_datareceive.o(.data)
    last_aim_yaw                             0x200000b4   Data           4  taskit_datareceive.o(.data)
    last_aim_pitch                           0x200000b8   Data           4  taskit_datareceive.o(.data)
    Pc_RX_Num                                0x200000bc   Data           4  taskit_datareceive.o(.data)
    Last_Pc_Rx_Num                           0x200000c0   Data           4  taskit_datareceive.o(.data)
    Last_Shoot_Rx_Num                        0x200000c4   Data           4  taskit_datareceive.o(.data)
    tx2_last_receive_flag                    0x200000c8   Data           2  taskit_datareceive.o(.data)
    tx2_receive_flag                         0x200000ca   Data           2  taskit_datareceive.o(.data)
    aim_yaw_Limit                            0x200000cc   Data           4  taskit_datareceive.o(.data)
    aim_pitch_Limit                          0x200000d0   Data           4  taskit_datareceive.o(.data)
    aim_yaw_Limit_V                          0x200000d4   Data           4  taskit_datareceive.o(.data)
    aim_pitch_Limit_V                        0x200000d8   Data           4  taskit_datareceive.o(.data)
    distance_Limit                           0x200000dc   Data           2  taskit_datareceive.o(.data)
    CV_Shoot_ABLE                            0x200000de   Data           1  taskit_datareceive.o(.data)
    CV_Shoot_ABLE_L                          0x200000df   Data           1  taskit_datareceive.o(.data)
    TX_Number                                0x200000e0   Data           2  task_datasend.o(.data)
    Last_Tick                                0x200000e4   Data           4  task_datasend.o(.data)
    Now_Tick                                 0x200000e8   Data           4  task_datasend.o(.data)
    Interval                                 0x200000ec   Data           4  task_datasend.o(.data)
    CPU_high_water                           0x200000f4   Data           4  task_usagecpu.o(.data)
    Heat_ShootAbleFlag                       0x200000f8   Data           1  task_shoot.o(.data)
    is_game_start                            0x200000f9   Data           1  task_shoot.o(.data)
    Shoot_ModeUpdate_Flag                    0x200000fa   Data           1  task_shoot.o(.data)
    BodanDelay_OVER                          0x200000fb   Data           1  task_shoot.o(.data)
    BodanDelay_Tick                          0x200000fc   Data           4  task_shoot.o(.data)
    Shoot_LastMode                           0x20000100   Data           1  task_shoot.o(.data)
    block_bullet_flag                        0x20000101   Data           1  task_shoot.o(.data)
    block_bullet_tick                        0x20000102   Data           2  task_shoot.o(.data)
    block_bullet_cnt                         0x20000104   Data           1  task_shoot.o(.data)
    shootDelayTick                           0x20000108   Data           4  task_shoot.o(.data)
    testInc                                  0x2000010c   Data           4  task_shoot.o(.data)
    delayTick_oneShot                        0x20000110   Data           4  task_shoot.o(.data)
    bodanLastPos                             0x20000114   Data           4  task_shoot.o(.data)
    RC_Bodan                                 0x20000118   Data           4  task_shoot.o(.data)
    test1                                    0x2000011c   Data           4  task_shoot.o(.data)
    pitch_thresh                             0x20000120   Data           4  task_shoot.o(.data)
    yaw_thresh                               0x20000124   Data           4  task_shoot.o(.data)
    test_fric_speed0                         0x20000128   Data           2  task_shoot.o(.data)
    test_fric_speed1                         0x2000012a   Data           2  task_shoot.o(.data)
    Bodan_Enable_DEBUG                       0x2000012c   Data           1  task_shoot.o(.data)
    Shoot_Enable_DEBUG                       0x2000012d   Data           1  task_shoot.o(.data)
    Bodan_Speed_Debug                        0x2000012e   Data           1  task_shoot.o(.data)
    delayTick_debug                          0x20000130   Data           2  task_shoot.o(.data)
    debug_nowangle                           0x20000134   Data           4  task_shoot.o(.data)
    debug_setpointangle                      0x20000138   Data           4  task_shoot.o(.data)
    Positive_Flag                            0x2000013c   Data           1  task_shoot.o(.data)
    Sentry_State                             0x2000013e   Data           6  task_actionupdate.o(.data)
    Gimbal_init_flag                         0x20000144   Data           2  task_actionupdate.o(.data)
    Shoot_init_flag                          0x20000146   Data           2  task_actionupdate.o(.data)
    Debug_Mode                               0x20000148   Data           3  task_actionupdate.o(.data)
    chassis_speed                            0x2000014c   Data           2  task_cv_datasend.o(.data)
    chassis_speed_trans                      0x20000150   Data           4  task_cv_datasend.o(.data)
    chassis_speed_trans_100                  0x20000154   Data           2  task_cv_datasend.o(.data)
    sendTOPC_time                            0x20000158   Data           4  task_cv_datasend.o(.data)
    TX2_high_water                           0x2000015c   Data           4  task_cv_datasend.o(.data)
    pitch_l                                  0x20000160   Data           2  task_cv_datasend.o(.data)
    pitch_r                                  0x20000162   Data           2  task_cv_datasend.o(.data)
    yaw_l                                    0x20000164   Data           4  task_cv_datasend.o(.data)
    yaw_r                                    0x20000168   Data           4  task_cv_datasend.o(.data)
    chassis_yaw                              0x2000016c   Data           4  task_cv_datasend.o(.data)
    down_sampling_rate                       0x20000170   Data           2  task_cv_datasend.o(.data)
    PC_TX_num                                0x20000174   Data           4  task_cv_datasend.o(.data)
    RCPitch_Scal                             0x20000178   Data           4  task_gimbalr.o(.data)
    RCYaw_Scal                               0x2000017c   Data           4  task_gimbalr.o(.data)
    patrol_step_pitch                        0x20000180   Data           4  task_gimbalr.o(.data)
    patrol_step_yaw                          0x20000184   Data           4  task_gimbalr.o(.data)
    debug_yaw                                0x20000188   Data           1  task_gimbalr.o(.data)
    debug_pitch                              0x20000189   Data           1  task_gimbalr.o(.data)
    ChassisYaw_Inc                           0x2000018c   Data           4  task_gimbalr.o(.data)
    ChassisYaw_Cnt                           0x20000190   Data           4  task_gimbalr.o(.data)
    Test_Pitch_Pos                           0x20000194   Data           4  task_gimbalr.o(.data)
    Test_Yaw_Pos                             0x20000198   Data           4  task_gimbalr.o(.data)
    armor_flag                               0x2000019c   Data           1  task_gimbalr.o(.data)
    last_armor_flag                          0x2000019d   Data           1  task_gimbalr.o(.data)
    Chassis_Yaw_Speed                        0x200001a0   Data           4  task_gimbalr.o(.data)
    K_Chassis_Yaw                            0x200001a4   Data           4  task_gimbalr.o(.data)
    time_cnt                                 0x200001a8   Data           4  task_gimbalr.o(.data)
    speed_debug                              0x200001ac   Data           1  task_gimbalr.o(.data)
    test_pitch_speed                         0x200001b0   Data           4  task_gimbalr.o(.data)
    test_yaw_speed                           0x200001b4   Data           4  task_gimbalr.o(.data)
    K_Speed_Pitch                            0x200001b8   Data           4  task_gimbalr.o(.data)
    A_Speed_Pitch                            0x200001bc   Data           4  task_gimbalr.o(.data)
    K_Speed_Yaw                              0x200001c0   Data           4  task_gimbalr.o(.data)
    A_Speed_Yaw                              0x200001c4   Data           4  task_gimbalr.o(.data)
    count                                    0x200001c8   Data           4  task_gimbalr.o(.data)
    Fuzzy_Flag                               0x200001cc   Data           1  task_gimbalr.o(.data)
    moto_pitch                               0x200001d0   Data           4  task_gimbalr.o(.data)
    moto_yaw                                 0x200001d4   Data           4  task_gimbalr.o(.data)
    moto_pitch_init                          0x200001d8   Data           4  task_gimbalr.o(.data)
    moto_yaw_init                            0x200001dc   Data           4  task_gimbalr.o(.data)
    gyro_pitch                               0x200001e0   Data           4  task_gimbalr.o(.data)
    gyro_yaw                                 0x200001e4   Data           4  task_gimbalr.o(.data)
    gyro_pitch_init                          0x200001e8   Data           4  task_gimbalr.o(.data)
    gyro_yaw_init                            0x200001ec   Data           4  task_gimbalr.o(.data)
    comb_pitch                               0x200001f0   Data           4  task_gimbalr.o(.data)
    comb_yaw                                 0x200001f4   Data           4  task_gimbalr.o(.data)
    moto_pitch_l                             0x200001f8   Data           4  task_gimbalr.o(.data)
    moto_yaw_l                               0x200001fc   Data           4  task_gimbalr.o(.data)
    moto_pitch_l_init                        0x20000200   Data           4  task_gimbalr.o(.data)
    moto_yaw_l_init                          0x20000204   Data           4  task_gimbalr.o(.data)
    gyro_pitch_l                             0x20000208   Data           4  task_gimbalr.o(.data)
    gyro_yaw_l                               0x2000020c   Data           4  task_gimbalr.o(.data)
    gyro_pitch_l_init                        0x20000210   Data           4  task_gimbalr.o(.data)
    gyro_yaw_l_init                          0x20000214   Data           4  task_gimbalr.o(.data)
    comb_pitch_l                             0x20000218   Data           4  task_gimbalr.o(.data)
    comb_yaw_l                               0x2000021c   Data           4  task_gimbalr.o(.data)
    k_pitch                                  0x20000220   Data           4  task_gimbalr.o(.data)
    k_yaw                                    0x20000224   Data           4  task_gimbalr.o(.data)
    init_comb_flag                           0x20000228   Data           1  task_gimbalr.o(.data)
    pxCurrentTCB                             0x2000022c   Data           4  tasks.o(.data)
    Crcpass4                                 0x20000294   Data           2  hw_uart4_debugpc.o(.data)
    crcNopass4                               0x20000296   Data           2  hw_uart4_debugpc.o(.data)
    buffindex4                               0x20000298   Data           2  hw_uart4_debugpc.o(.data)
    LastCNT32                                0x200002a0   Data           4  counter.o(.data)
    CPU_RunTime                              0x200002b8   Data           4  tim4.o(.data)
    CRC_INIT                                 0x200002bc   Data           2  algo_crc.o(.data)
    sss                                      0x200002be   Data           2  algo_crc.o(.data)
    sizeof_float                             0x200002c0   Data           2  kalman_filter.o(.data)
    sizeof_double                            0x200002c2   Data           2  kalman_filter.o(.data)
    IMU_QuaternionEKF_P                      0x200002c4   Data         144  quaternionekf.o(.data)
    __stdout                                 0x20000398   Data           4  stdout.o(.data)
    __microlib_freelist                      0x2000039c   Data           4  mvars.o(.data)
    __microlib_freelist_initialised          0x200003a0   Data           4  mvars.o(.data)
    _SEGGER_RTT                              0x200003a8   Data         168  segger_rtt.o(.bss)
    Robo_Disconnect                          0x20000860   Data          24  main.o(.bss)
    User_Tasks                               0x20000878   Data          28  start_task.o(.bss)
    Gyro_Right                               0x20000894   Data          92  taskit_datareceive.o(.bss)
    Gyro_Left                                0x200008f0   Data          92  taskit_datareceive.o(.bss)
    Gyro_ChassisYaw                          0x2000094c   Data          92  taskit_datareceive.o(.bss)
    PC_Receive                               0x200009a8   Data          36  taskit_datareceive.o(.bss)
    FrameRate                                0x200009cc   Data         120  taskit_datareceive.o(.bss)
    PC_Receive_R                             0x20000a44   Data          36  taskit_datareceive.o(.bss)
    PC_Receive_L                             0x20000a68   Data          36  taskit_datareceive.o(.bss)
    tx_message                               0x20000a8c   Data          20  task_datasend.o(.bss)
    tx_message_gimbal                        0x20000aa0   Data          20  task_datasend.o(.bss)
    SendRate                                 0x20000ab4   Data          28  task_datasend.o(.bss)
    CAN2_tx_message_remote                   0x20000ad0   Data          20  task_datasend.o(.bss)
    CAN2_tx_down                             0x20000ae4   Data          20  task_datasend.o(.bss)
    CPU_RunInfo1                             0x20000af8   Data         400  task_usagecpu.o(.bss)
    CPU_RunInfo2                             0x20000c88   Data         400  task_usagecpu.o(.bss)
    Mark                                     0x20000e18   Data          28  task_usagecpu.o(.bss)
    BodanMotor                               0x20000e34   Data         220  task_shoot.o(.bss)
    FrictionMotor                            0x20000f10   Data         440  task_shoot.o(.bss)
    SendToPC_Buff                            0x200010c8   Data          11  task_cv_datasend.o(.bss)
    pc_recv_data                             0x200010d3   Data          11  task_cv_datasend.o(.bss)
    pc_send_data                             0x200010de   Data          11  task_cv_datasend.o(.bss)
    MotoPitch                                0x200010ec   Data         532  task_gimbalr.o(.bss)
    MotoYaw                                  0x20001300   Data         532  task_gimbalr.o(.bss)
    MotoPitch_L                              0x20001514   Data         532  task_gimbalr.o(.bss)
    MotoYaw_L                                0x20001728   Data         532  task_gimbalr.o(.bss)
    Gimbal_R                                 0x2000193c   Data          28  task_gimbalr.o(.bss)
    Gimbal_L                                 0x20001958   Data          28  task_gimbalr.o(.bss)
    IMUReceive                               0x20001974   Data          12  task_ins.o(.bss)
    IMUData                                  0x20001980   Data          44  task_ins.o(.bss)
    Can1_rx_message_0                        0x20006c90   Data          20  hw_can.o(.bss)
    Can1_rx_message_1                        0x20006ca4   Data          20  hw_can.o(.bss)
    Can2_rx_message_0                        0x20006cb8   Data          20  hw_can.o(.bss)
    Can2_rx_message_1                        0x20006ccc   Data          20  hw_can.o(.bss)
    RC_Ctl                                   0x20006ce0   Data          56  hw_dbus.o(.bss)
    sbus_rx_buffer                           0x20006d18   Data          36  hw_usart3_rc.o(.bss)
    PCbuffer                                 0x20006d3c   Data          11  hw_usart2_pc.o(.bss)
    GimbalBuffer                             0x20006d47   Data          16  hw_uart4_debugpc.o(.bss)
    GimbalSend                               0x20006d57   Data          11  hw_uart4_debugpc.o(.bss)
    temp4                                    0x20006d62   Data          16  hw_uart4_debugpc.o(.bss)
    SysTime                                  0x20006d94   Data          12  counter.o(.bss)
    INS                                      0x20006da0   Data         128  ins.o(.bss)
    IMU_Param                                0x20006e20   Data          28  ins.o(.bss)
    QEKF_INS                                 0x20006e40   Data         480  quaternionekf.o(.bss)
    IMU_QuaternionEKF_K                      0x20007020   Data          72  quaternionekf.o(.bss)
    IMU_QuaternionEKF_H                      0x20007068   Data          72  quaternionekf.o(.bss)
    __heap_base                              0x200070b0   Data           0  startup_stm32f40_41xxx.o(HEAP)
    __heap_limit                             0x200080b0   Data           0  startup_stm32f40_41xxx.o(HEAP)
    __initial_sp                             0x200084b0   Data           0  startup_stm32f40_41xxx.o(STACK)



==============================================================================

Memory Map of the image

  Image Entry point : 0x08000189

  Load Region LR_IROM1 (Base: 0x08000000, Size: 0x0000a988, Max: 0x00100000, ABSOLUTE, COMPRESSED[0x0000a67c])

    Execution Region ER_IROM1 (Exec base: 0x08000000, Load base: 0x08000000, Size: 0x0000a5e0, Max: 0x00100000, ABSOLUTE)

    Exec Addr    Load Addr    Size         Type   Attr      Idx    E Section Name        Object

    0x08000000   0x08000000   0x00000188   Data   RO            3    RESET               startup_stm32f40_41xxx.o
    0x08000188   0x08000188   0x00000000   Code   RO         5983  * .ARM.Collect$$$$00000000  mc_w.l(entry.o)
    0x08000188   0x08000188   0x00000004   Code   RO         6342    .ARM.Collect$$$$00000001  mc_w.l(entry2.o)
    0x0800018c   0x0800018c   0x00000004   Code   RO         6345    .ARM.Collect$$$$00000004  mc_w.l(entry5.o)
    0x08000190   0x08000190   0x00000000   Code   RO         6347    .ARM.Collect$$$$00000008  mc_w.l(entry7b.o)
    0x08000190   0x08000190   0x00000000   Code   RO         6349    .ARM.Collect$$$$0000000A  mc_w.l(entry8b.o)
    0x08000190   0x08000190   0x00000008   Code   RO         6350    .ARM.Collect$$$$0000000B  mc_w.l(entry9a.o)
    0x08000198   0x08000198   0x00000000   Code   RO         6352    .ARM.Collect$$$$0000000D  mc_w.l(entry10a.o)
    0x08000198   0x08000198   0x00000000   Code   RO         6354    .ARM.Collect$$$$0000000F  mc_w.l(entry11a.o)
    0x08000198   0x08000198   0x00000004   Code   RO         6343    .ARM.Collect$$$$00002712  mc_w.l(entry2.o)
    0x0800019c   0x0800019c   0x000000b6   Code   RO         4684    .emb_text           port.o
    0x08000252   0x08000252   0x00000002   PAD
    0x08000254   0x08000254   0x00000024   Code   RO            4    .text               startup_stm32f40_41xxx.o
    0x08000278   0x08000278   0x00000024   Code   RO         5986    .text               mc_w.l(memcpya.o)
    0x0800029c   0x0800029c   0x00000024   Code   RO         5988    .text               mc_w.l(memseta.o)
    0x080002c0   0x080002c0   0x0000000e   Code   RO         5990    .text               mc_w.l(strlen.o)
    0x080002ce   0x080002ce   0x00000012   Code   RO         5992    .text               mc_w.l(strcpy.o)
    0x080002e0   0x080002e0   0x0000014e   Code   RO         6285    .text               mf_w.l(dadd.o)
    0x0800042e   0x0800042e   0x000000e4   Code   RO         6287    .text               mf_w.l(dmul.o)
    0x08000512   0x08000512   0x000000de   Code   RO         6289    .text               mf_w.l(ddiv.o)
    0x080005f0   0x080005f0   0x00000022   Code   RO         6291    .text               mf_w.l(dflti.o)
    0x08000612   0x08000612   0x00000026   Code   RO         6295    .text               mf_w.l(f2d.o)
    0x08000638   0x08000638   0x00000030   Code   RO         6297    .text               mf_w.l(cdrcmple.o)
    0x08000668   0x08000668   0x00000038   Code   RO         6299    .text               mf_w.l(d2f.o)
    0x080006a0   0x080006a0   0x0000002c   Code   RO         6359    .text               mc_w.l(uidiv.o)
    0x080006cc   0x080006cc   0x0000001e   Code   RO         6363    .text               mc_w.l(llshl.o)
    0x080006ea   0x080006ea   0x00000024   Code   RO         6365    .text               mc_w.l(llsshr.o)
    0x0800070e   0x0800070e   0x00000000   Code   RO         6376    .text               mc_w.l(iusefp.o)
    0x0800070e   0x0800070e   0x0000006e   Code   RO         6377    .text               mf_w.l(fepilogue.o)
    0x0800077c   0x0800077c   0x000000ba   Code   RO         6379    .text               mf_w.l(depilogue.o)
    0x08000836   0x08000836   0x0000002e   Code   RO         6383    .text               mf_w.l(dscalb.o)
    0x08000864   0x08000864   0x000000a2   Code   RO         6385    .text               mf_w.l(dsqrt.o)
    0x08000906   0x08000906   0x00000002   PAD
    0x08000908   0x08000908   0x00000024   Code   RO         6391    .text               mc_w.l(init.o)
    0x0800092c   0x0800092c   0x00000000   Code   RO         6393    .text               mc_w.l(semi.o)
    0x0800092c   0x0800092c   0x00000020   Code   RO         6394    .text               mc_w.l(llushr.o)
    0x0800094c   0x0800094c   0x00000000   Code   RO         6396    .text               mc_w.l(iusesemip.o)
    0x0800094c   0x0800094c   0x00000056   Code   RO         6405    .text               mc_w.l(__dczerorl2.o)
    0x080009a2   0x080009a2   0x00000002   PAD
    0x080009a4   0x080009a4   0x000000ba   Code   RO         5737    .text.arm_mat_add_f32  arm_cortexM4lf_math.lib(arm_mat_add_f32.o)
    0x08000a5e   0x08000a5e   0x00000008   Code   RO         5746    .text.arm_mat_init_f32  arm_cortexM4lf_math.lib(arm_mat_init_f32.o)
    0x08000a66   0x08000a66   0x00000002   PAD
    0x08000a68   0x08000a68   0x000002f4   Code   RO         5754    .text.arm_mat_inverse_f32  arm_cortexM4lf_math.lib(arm_mat_inverse_f32.o)
    0x08000d5c   0x08000d5c   0x00000128   Code   RO         5763    .text.arm_mat_mult_f32  arm_cortexM4lf_math.lib(arm_mat_mult_f32.o)
    0x08000e84   0x08000e84   0x000000ba   Code   RO         5772    .text.arm_mat_sub_f32  arm_cortexM4lf_math.lib(arm_mat_sub_f32.o)
    0x08000f3e   0x08000f3e   0x00000002   PAD
    0x08000f40   0x08000f40   0x000000a2   Code   RO         5781    .text.arm_mat_trans_f32  arm_cortexM4lf_math.lib(arm_mat_trans_f32.o)
    0x08000fe2   0x08000fe2   0x00000002   PAD
    0x08000fe4   0x08000fe4   0x00000030   Code   RO         5344    i.Append_CRC16_Check_Sum  algo_crc.o
    0x08001014   0x08001014   0x00000024   Code   RO         5345    i.Append_CRC8_Check_Sum  algo_crc.o
    0x08001038   0x08001038   0x0000002c   Code   RO         4907    i.BLUE_light_toggle  hw_gpio_led.o
    0x08001064   0x08001064   0x00000094   Code   RO         3473    i.Block_Check       task_shoot.o
    0x080010f8   0x080010f8   0x00000094   Code   RO         3286    i.Bodan_Can1Send    task_datasend.o
    0x0800118c   0x0800118c   0x00000004   Code   RO           13    i.BusFault_Handler  stm32f4xx_it.o
    0x08001190   0x08001190   0x00000198   Code   RO         4834    i.CAN1_Configuration  hw_can.o
    0x08001328   0x08001328   0x000000e0   Code   RO         3218    i.CAN1_DataReceive_0  taskit_datareceive.o
    0x08001408   0x08001408   0x00000002   Code   RO         3219    i.CAN1_DataReceive_1  taskit_datareceive.o
    0x0800140a   0x0800140a   0x00000002   PAD
    0x0800140c   0x0800140c   0x0000002c   Code   RO         4835    i.CAN1_RX0_IRQHandler  hw_can.o
    0x08001438   0x08001438   0x0000002c   Code   RO         4836    i.CAN1_RX1_IRQHandler  hw_can.o
    0x08001464   0x08001464   0x0000001c   Code   RO         4837    i.CAN1_TX_IRQHandler  hw_can.o
    0x08001480   0x08001480   0x00000194   Code   RO         4838    i.CAN2_Configuration  hw_can.o
    0x08001614   0x08001614   0x00000140   Code   RO         3220    i.CAN2_DataReceive_0  taskit_datareceive.o
    0x08001754   0x08001754   0x00000180   Code   RO         3221    i.CAN2_DataReceive_1  taskit_datareceive.o
    0x080018d4   0x080018d4   0x0000002c   Code   RO         4839    i.CAN2_RX0_IRQHandler  hw_can.o
    0x08001900   0x08001900   0x0000002c   Code   RO         4840    i.CAN2_RX1_IRQHandler  hw_can.o
    0x0800192c   0x0800192c   0x0000001c   Code   RO         4841    i.CAN2_TX_IRQHandler  hw_can.o
    0x08001948   0x08001948   0x000000a8   Code   RO          224    i.CAN_ClearITPendingBit  stm32f4xx_can.o
    0x080019f0   0x080019f0   0x0000000c   Code   RO         4842    i.CAN_Configuration  hw_can.o
    0x080019fc   0x080019fc   0x00000038   Code   RO          226    i.CAN_DeInit        stm32f4xx_can.o
    0x08001a34   0x08001a34   0x00000108   Code   RO          228    i.CAN_FilterInit    stm32f4xx_can.o
    0x08001b3c   0x08001b3c   0x00000120   Code   RO          230    i.CAN_GetITStatus   stm32f4xx_can.o
    0x08001c5c   0x08001c5c   0x00000012   Code   RO          234    i.CAN_ITConfig      stm32f4xx_can.o
    0x08001c6e   0x08001c6e   0x00000114   Code   RO          235    i.CAN_Init          stm32f4xx_can.o
    0x08001d82   0x08001d82   0x000000f0   Code   RO          238    i.CAN_Receive       stm32f4xx_can.o
    0x08001e72   0x08001e72   0x00000020   Code   RO          241    i.CAN_StructInit    stm32f4xx_can.o
    0x08001e92   0x08001e92   0x00000126   Code   RO          243    i.CAN_Transmit      stm32f4xx_can.o
    0x08001fb8   0x08001fb8   0x00000058   Code   RO         5195    i.COUNTER_Configuration  counter.o
    0x08002010   0x08002010   0x000001a8   Code   RO         3432    i.CPU_task          task_usagecpu.o
    0x080021b8   0x080021b8   0x00000012   Code   RO          246    i.CheckITStatus     stm32f4xx_can.o
    0x080021ca   0x080021ca   0x00000002   PAD
    0x080021cc   0x080021cc   0x00000040   Code   RO         3287    i.Classify_Send_Msg  task_datasend.o
    0x0800220c   0x0800220c   0x0000001c   Code   RO         3654    i.CombPitchOutput   task_gimbalr.o
    0x08002228   0x08002228   0x0000001c   Code   RO         3655    i.CombYawOutput     task_gimbalr.o
    0x08002244   0x08002244   0x00000020   Code   RO         2506    i.DBGMCU_Config     stm32f4xx_dbgmcu.o
    0x08002264   0x08002264   0x000000d4   Code   RO         5149    i.DMA1_Stream2_IRQHandler  hw_uart4_debugpc.o
    0x08002338   0x08002338   0x00000060   Code   RO         5150    i.DMA1_Stream4_IRQHandler  hw_uart4_debugpc.o
    0x08002398   0x08002398   0x00000048   Code   RO         5022    i.DMA1_Stream6_IRQHandler  hw_usart2_pc.o
    0x080023e0   0x080023e0   0x00000034   Code   RO          389    i.DMA_ClearFlag     stm32f4xx_dma.o
    0x08002414   0x08002414   0x00000034   Code   RO          390    i.DMA_ClearITPendingBit  stm32f4xx_dma.o
    0x08002448   0x08002448   0x00000016   Code   RO          391    i.DMA_Cmd           stm32f4xx_dma.o
    0x0800245e   0x0800245e   0x00000002   PAD
    0x08002460   0x08002460   0x00000158   Code   RO          392    i.DMA_DeInit        stm32f4xx_dma.o
    0x080025b8   0x080025b8   0x00000016   Code   RO          393    i.DMA_DoubleBufferModeCmd  stm32f4xx_dma.o
    0x080025ce   0x080025ce   0x00000018   Code   RO          394    i.DMA_DoubleBufferModeConfig  stm32f4xx_dma.o
    0x080025e6   0x080025e6   0x00000008   Code   RO          397    i.DMA_GetCurrDataCounter  stm32f4xx_dma.o
    0x080025ee   0x080025ee   0x00000014   Code   RO          398    i.DMA_GetCurrentMemoryTarget  stm32f4xx_dma.o
    0x08002602   0x08002602   0x00000002   PAD
    0x08002604   0x08002604   0x00000044   Code   RO          400    i.DMA_GetFlagStatus  stm32f4xx_dma.o
    0x08002648   0x08002648   0x00000064   Code   RO          401    i.DMA_GetITStatus   stm32f4xx_dma.o
    0x080026ac   0x080026ac   0x0000003a   Code   RO          402    i.DMA_ITConfig      stm32f4xx_dma.o
    0x080026e6   0x080026e6   0x00000002   PAD
    0x080026e8   0x080026e8   0x00000058   Code   RO          403    i.DMA_Init          stm32f4xx_dma.o
    0x08002740   0x08002740   0x00000004   Code   RO          406    i.DMA_SetCurrDataCounter  stm32f4xx_dma.o
    0x08002744   0x08002744   0x00000002   Code   RO           14    i.DebugMon_Handler  stm32f4xx_it.o
    0x08002746   0x08002746   0x00000002   PAD
    0x08002748   0x08002748   0x000001c0   Code   RO         3222    i.Frame_Acceptance_Rate  taskit_datareceive.o
    0x08002908   0x08002908   0x0000005c   Code   RO         3288    i.Frame_Send_Rate   task_datasend.o
    0x08002964   0x08002964   0x00000118   Code   RO         3474    i.FrictionWheel_SetSpeed  task_shoot.o
    0x08002a7c   0x08002a7c   0x00000090   Code   RO          846    i.GPIO_Init         stm32f4xx_gpio.o
    0x08002b0c   0x08002b0c   0x00000046   Code   RO          847    i.GPIO_PinAFConfig  stm32f4xx_gpio.o
    0x08002b52   0x08002b52   0x00000012   Code   RO          852    i.GPIO_ReadOutputDataBit  stm32f4xx_gpio.o
    0x08002b64   0x08002b64   0x00000004   Code   RO          853    i.GPIO_ResetBits    stm32f4xx_gpio.o
    0x08002b68   0x08002b68   0x00000004   Code   RO          854    i.GPIO_SetBits      stm32f4xx_gpio.o
    0x08002b6c   0x08002b6c   0x00000034   Code   RO         5346    i.Get_CRC16_Check_Sum  algo_crc.o
    0x08002ba0   0x08002ba0   0x00000024   Code   RO         5347    i.Get_CRC8_Check_Sum  algo_crc.o
    0x08002bc4   0x08002bc4   0x00000060   Code   RO         3656    i.Gimbal_AIM_Act    task_gimbalr.o
    0x08002c24   0x08002c24   0x00000098   Code   RO         3657    i.Gimbal_Attack_Both  task_gimbalr.o
    0x08002cbc   0x08002cbc   0x0000005c   Code   RO         3658    i.Gimbal_Attack_Left  task_gimbalr.o
    0x08002d18   0x08002d18   0x00000048   Code   RO         3659    i.Gimbal_Attack_None  task_gimbalr.o
    0x08002d60   0x08002d60   0x000000b0   Code   RO         3660    i.Gimbal_Attack_Nosyne  task_gimbalr.o
    0x08002e10   0x08002e10   0x0000005c   Code   RO         3661    i.Gimbal_Attack_Right  task_gimbalr.o
    0x08002e6c   0x08002e6c   0x00000364   Code   RO         3662    i.Gimbal_Cruise     task_gimbalr.o
    0x080031d0   0x080031d0   0x00000030   Code   RO         3663    i.Gimbal_DEBUG_Act  task_gimbalr.o
    0x08003200   0x08003200   0x000002dc   Code   RO         3664    i.Gimbal_GYRO_Cal   task_gimbalr.o
    0x080034dc   0x080034dc   0x0000004c   Code   RO         3665    i.Gimbal_Init       task_gimbalr.o
    0x08003528   0x08003528   0x000000c0   Code   RO         3667    i.Gimbal_Limit_Init  task_gimbalr.o
    0x080035e8   0x080035e8   0x000000e4   Code   RO         3668    i.Gimbal_PC_Act     task_gimbalr.o
    0x080036cc   0x080036cc   0x000001fc   Code   RO         3670    i.Gimbal_PID_Cal    task_gimbalr.o
    0x080038c8   0x080038c8   0x0000007c   Code   RO         3671    i.Gimbal_RC_Act     task_gimbalr.o
    0x08003944   0x08003944   0x00000114   Code   RO         3223    i.Gimbal_Receive    taskit_datareceive.o
    0x08003a58   0x08003a58   0x00000010   Code   RO         3672    i.Gimbal_SLEEP_Act  task_gimbalr.o
    0x08003a68   0x08003a68   0x0000004c   Code   RO         3289    i.Gimbal_Syne_Send  task_datasend.o
    0x08003ab4   0x08003ab4   0x0000001c   Code   RO         3413    i.GyroPitchOutPut   task_zerocheck.o
    0x08003ad0   0x08003ad0   0x0000001c   Code   RO         3419    i.GyroYawOutPut     task_zerocheck.o
    0x08003aec   0x08003aec   0x00000004   Code   RO           15    i.HardFault_Handler  stm32f4xx_it.o
    0x08003af0   0x08003af0   0x00000048   Code   RO         5447    i.ICM20602_init     icm20602.o
    0x08003b38   0x08003b38   0x00000238   Code   RO         5658    i.IMU_QuaternionEKF_F_Linearization_P_Fading  quaternionekf.o
    0x08003d70   0x08003d70   0x00000130   Code   RO         5659    i.IMU_QuaternionEKF_Init  quaternionekf.o
    0x08003ea0   0x08003ea0   0x00000034   Code   RO         5660    i.IMU_QuaternionEKF_Observe  quaternionekf.o
    0x08003ed4   0x08003ed4   0x00000128   Code   RO         5661    i.IMU_QuaternionEKF_SetH  quaternionekf.o
    0x08003ffc   0x08003ffc   0x00000508   Code   RO         5663    i.IMU_QuaternionEKF_xhatUpdate  quaternionekf.o
    0x08004504   0x08004504   0x00000078   Code   RO         5497    i.INS_Init          ins.o
    0x0800457c   0x0800457c   0x0000070c   Code   RO         5582    i.Kalman_Filter_Init  kalman_filter.o
    0x08004c88   0x08004c88   0x00000040   Code   RO         4908    i.LED_Configuration  hw_gpio_led.o
    0x08004cc8   0x08004cc8   0x00000004   Code   RO           16    i.MemManage_Handler  stm32f4xx_it.o
    0x08004ccc   0x08004ccc   0x00000002   Code   RO           17    i.NMI_Handler       stm32f4xx_it.o
    0x08004cce   0x08004cce   0x00000002   PAD
    0x08004cd0   0x08004cd0   0x00000078   Code   RO          174    i.NVIC_Init         misc.o
    0x08004d48   0x08004d48   0x00000014   Code   RO          175    i.NVIC_PriorityGroupConfig  misc.o
    0x08004d5c   0x08004d5c   0x00000088   Code   RO         3224    i.PCReceive         taskit_datareceive.o
    0x08004de4   0x08004de4   0x00000126   Code   RO         5404    i.PID_Calc          algo_pid.o
    0x08004f0a   0x08004f0a   0x00000002   PAD
    0x08004f0c   0x08004f0c   0x00000334   Code   RO         3673    i.PID_Gimbal_Init   task_gimbalr.o
    0x08005240   0x08005240   0x000000ec   Code   RO         3475    i.PID_Shoot_Init    task_shoot.o
    0x0800532c   0x0800532c   0x00000024   Code   RO         3401    i.PitchAngleOutPut  task_zerocheck.o
    0x08005350   0x08005350   0x000000e8   Code   RO         3290    i.PitchYaw_Can2Send  task_datasend.o
    0x08005438   0x08005438   0x00000020   Code   RO          947    i.RCC_AHB1PeriphClockCmd  stm32f4xx_rcc.o
    0x08005458   0x08005458   0x00000020   Code   RO          956    i.RCC_APB1PeriphClockCmd  stm32f4xx_rcc.o
    0x08005478   0x08005478   0x00000020   Code   RO          958    i.RCC_APB1PeriphResetCmd  stm32f4xx_rcc.o
    0x08005498   0x08005498   0x000000e8   Code   RO          968    i.RCC_GetClocksFreq  stm32f4xx_rcc.o
    0x08005580   0x08005580   0x0000002c   Code   RO         4909    i.RED_light_toggle  hw_gpio_led.o
    0x080055ac   0x080055ac   0x00000098   Code   RO         4949    i.RemoteReceive     hw_dbus.o
    0x08005644   0x08005644   0x000000bc   Code   RO         3291    i.Remote_Send       task_datasend.o
    0x08005700   0x08005700   0x00000010   Code   RO         2887    i.Rob_Init          main.o
    0x08005710   0x08005710   0x00000010   Code   RO         3557    i.Rst_Debug         task_actionupdate.o
    0x08005720   0x08005720   0x000000a0   Code   RO         2242    i.SEGGER_RTT_SetTerminal  segger_rtt.o
    0x080057c0   0x080057c0   0x00000048   Code   RO         2245    i.SEGGER_RTT_Write  segger_rtt.o
    0x08005808   0x08005808   0x00000084   Code   RO         2248    i.SEGGER_RTT_WriteNoLock  segger_rtt.o
    0x0800588c   0x0800588c   0x00000022   Code   RO         2463    i.SEGGER_RTT_printf  segger_rtt_printf.o
    0x080058ae   0x080058ae   0x0000020a   Code   RO         2464    i.SEGGER_RTT_vprintf  segger_rtt_printf.o
    0x08005ab8   0x08005ab8   0x0000001c   Code   RO         3605    i.SendtoPC          task_cv_datasend.o
    0x08005ad4   0x08005ad4   0x000000a4   Code   RO         3606    i.SendtoPCPack      task_cv_datasend.o
    0x08005b78   0x08005b78   0x000000ec   Code   RO          133    i.SetSysClock       system_stm32f4xx.o
    0x08005c64   0x08005c64   0x000001c0   Code   RO         3476    i.Shoot_DEBUG_Act   task_shoot.o
    0x08005e24   0x08005e24   0x00000030   Code   RO         3477    i.Shoot_Disconnect_Act  task_shoot.o
    0x08005e54   0x08005e54   0x0000009c   Code   RO         3478    i.Shoot_PC_Act      task_shoot.o
    0x08005ef0   0x08005ef0   0x000000a8   Code   RO         3479    i.Shoot_PC_PID_Cal  task_shoot.o
    0x08005f98   0x08005f98   0x00000084   Code   RO         3480    i.Shoot_RC_Act      task_shoot.o
    0x0800601c   0x0800601c   0x00000034   Code   RO         3481    i.Shoot_SLEEP_Act   task_shoot.o
    0x08006050   0x08006050   0x00000034   Code   RO         4685    i.SysTick_Handler   port.o
    0x08006084   0x08006084   0x00000068   Code   RO          135    i.SystemInit        system_stm32f4xx.o
    0x080060ec   0x080060ec   0x0000003a   Code   RO         5119    i.TIM2_Configuration  hw_tim2_delay.o
    0x08006126   0x08006126   0x00000002   PAD
    0x08006128   0x08006128   0x0000005c   Code   RO         5308    i.TIM4_Configuration  tim4.o
    0x08006184   0x08006184   0x00000028   Code   RO         5309    i.TIM4_IRQHandler   tim4.o
    0x080061ac   0x080061ac   0x00000006   Code   RO         1355    i.TIM_ClearFlag     stm32f4xx_tim.o
    0x080061b2   0x080061b2   0x00000006   Code   RO         1356    i.TIM_ClearITPendingBit  stm32f4xx_tim.o
    0x080061b8   0x080061b8   0x00000018   Code   RO         1361    i.TIM_Cmd           stm32f4xx_tim.o
    0x080061d0   0x080061d0   0x00000012   Code   RO         1381    i.TIM_GetFlagStatus  stm32f4xx_tim.o
    0x080061e2   0x080061e2   0x00000022   Code   RO         1382    i.TIM_GetITStatus   stm32f4xx_tim.o
    0x08006204   0x08006204   0x00000012   Code   RO         1386    i.TIM_ITConfig      stm32f4xx_tim.o
    0x08006216   0x08006216   0x00000002   PAD
    0x08006218   0x08006218   0x00000084   Code   RO         1433    i.TIM_TimeBaseInit  stm32f4xx_tim.o
    0x0800629c   0x0800629c   0x000001f4   Code   RO         5151    i.UART4_Configuration  hw_uart4_debugpc.o
    0x08006490   0x08006490   0x0000001c   Code   RO         5152    i.UART4_IRQHandler  hw_uart4_debugpc.o
    0x080064ac   0x080064ac   0x00000218   Code   RO         5023    i.USART2_Configuration  hw_usart2_pc.o
    0x080066c4   0x080066c4   0x0000005c   Code   RO         5024    i.USART2_IRQHandler  hw_usart2_pc.o
    0x08006720   0x08006720   0x00000144   Code   RO         4989    i.USART3_Configuration  hw_usart3_rc.o
    0x08006864   0x08006864   0x00000068   Code   RO         4990    i.USART3_IRQHandler  hw_usart3_rc.o
    0x080068cc   0x080068cc   0x00000012   Code   RO         1911    i.USART_ClearFlag   stm32f4xx_usart.o
    0x080068de   0x080068de   0x0000001e   Code   RO         1912    i.USART_ClearITPendingBit  stm32f4xx_usart.o
    0x080068fc   0x080068fc   0x00000018   Code   RO         1915    i.USART_Cmd         stm32f4xx_usart.o
    0x08006914   0x08006914   0x00000012   Code   RO         1916    i.USART_DMACmd      stm32f4xx_usart.o
    0x08006926   0x08006926   0x0000001a   Code   RO         1918    i.USART_GetFlagStatus  stm32f4xx_usart.o
    0x08006940   0x08006940   0x00000054   Code   RO         1919    i.USART_GetITStatus  stm32f4xx_usart.o
    0x08006994   0x08006994   0x0000004a   Code   RO         1921    i.USART_ITConfig    stm32f4xx_usart.o
    0x080069de   0x080069de   0x00000002   PAD
    0x080069e0   0x080069e0   0x000000d4   Code   RO         1922    i.USART_Init        stm32f4xx_usart.o
    0x08006ab4   0x08006ab4   0x00000004   Code   RO           18    i.UsageFault_Handler  stm32f4xx_it.o
    0x08006ab8   0x08006ab8   0x00000040   Code   RO         5348    i.Verify_CRC16_Check_Sum  algo_crc.o
    0x08006af8   0x08006af8   0x00000038   Code   RO         5349    i.Verify_CRC8_Check_Sum  algo_crc.o
    0x08006b30   0x08006b30   0x00000024   Code   RO         3407    i.YawAngleOutPut    task_zerocheck.o
    0x08006b54   0x08006b54   0x000000c8   Code   RO         3372    i.ZeroCheck         task_zerocheck.o
    0x08006c1c   0x08006c1c   0x00000110   Code   RO         3373    i.ZeroCheck_Init    task_zerocheck.o
    0x08006d2c   0x08006d2c   0x00000070   Code   RO         2252    i._DoInit           segger_rtt.o
    0x08006d9c   0x08006d9c   0x0000001c   Code   RO         2253    i._GetAvailWriteSpace  segger_rtt.o
    0x08006db8   0x08006db8   0x000000ec   Code   RO         2465    i._PrintInt         segger_rtt_printf.o
    0x08006ea4   0x08006ea4   0x000000ec   Code   RO         2466    i._PrintUnsigned    segger_rtt_printf.o
    0x08006f90   0x08006f90   0x00000044   Code   RO         2467    i._StoreChar        segger_rtt_printf.o
    0x08006fd4   0x08006fd4   0x00000076   Code   RO         2255    i._WriteBlocking    segger_rtt.o
    0x0800704a   0x0800704a   0x00000058   Code   RO         2256    i._WriteNoCheck     segger_rtt.o
    0x080070a2   0x080070a2   0x00000002   PAD
    0x080070a4   0x080070a4   0x00000020   Code   RO         6085    i.__0printf$3       mc_w.l(printf3.o)
    0x080070c4   0x080070c4   0x00000028   Code   RO         6087    i.__0sprintf$3      mc_w.l(printf3.o)
    0x080070ec   0x080070ec   0x00000030   Code   RO         6321    i.__ARM_fpclassify  m_wm.l(fpclassify.o)
    0x0800711c   0x0800711c   0x00000118   Code   RO         5909    i.__hardfp_acosf    m_wm.l(acosf.o)
    0x08007234   0x08007234   0x00000004   PAD
    0x08007238   0x08007238   0x00000c50   Code   RO         5945    i.__hardfp_pow      m_wm.l(pow.o)
    0x08007e88   0x08007e88   0x0000007a   Code   RO         5959    i.__hardfp_sqrt     m_wm.l(sqrt.o)
    0x08007f02   0x08007f02   0x000000f8   Code   RO         6339    i.__kernel_poly     m_wm.l(poly.o)
    0x08007ffa   0x08007ffa   0x00000006   PAD
    0x08008000   0x08008000   0x00000030   Code   RO         6301    i.__mathlib_dbl_divzero  m_wm.l(dunder.o)
    0x08008030   0x08008030   0x00000014   Code   RO         6303    i.__mathlib_dbl_infnan2  m_wm.l(dunder.o)
    0x08008044   0x08008044   0x00000004   PAD
    0x08008048   0x08008048   0x00000020   Code   RO         6304    i.__mathlib_dbl_invalid  m_wm.l(dunder.o)
    0x08008068   0x08008068   0x00000020   Code   RO         6305    i.__mathlib_dbl_overflow  m_wm.l(dunder.o)
    0x08008088   0x08008088   0x00000020   Code   RO         6307    i.__mathlib_dbl_underflow  m_wm.l(dunder.o)
    0x080080a8   0x080080a8   0x00000006   Code   RO         6326    i.__mathlib_flt_infnan  m_wm.l(funder.o)
    0x080080ae   0x080080ae   0x00000002   PAD
    0x080080b0   0x080080b0   0x00000010   Code   RO         6328    i.__mathlib_flt_invalid  m_wm.l(funder.o)
    0x080080c0   0x080080c0   0x0000000e   Code   RO         6399    i.__scatterload_copy  mc_w.l(handlers.o)
    0x080080ce   0x080080ce   0x00000002   Code   RO         6400    i.__scatterload_null  mc_w.l(handlers.o)
    0x080080d0   0x080080d0   0x0000000e   Code   RO         6401    i.__scatterload_zeroinit  mc_w.l(handlers.o)
    0x080080de   0x080080de   0x00000002   PAD
    0x080080e0   0x080080e0   0x0000000c   Code   RO         6371    i.__set_errno       mc_w.l(errno.o)
    0x080080ec   0x080080ec   0x000001b8   Code   RO         6092    i._printf_core      mc_w.l(printf3.o)
    0x080082a4   0x080082a4   0x0000000a   Code   RO         6094    i._sputc            mc_w.l(printf3.o)
    0x080082ae   0x080082ae   0x00000002   PAD
    0x080082b0   0x080082b0   0x000000d0   Code   RO         3482    i.aiming            task_shoot.o
    0x08008380   0x08008380   0x00000038   Code   RO         5120    i.delay_ms          hw_tim2_delay.o
    0x080083b8   0x080083b8   0x000000a0   Code   RO         4287    i.eTaskGetState     tasks.o
    0x08008458   0x08008458   0x00000018   Code   RO         6317    i.fabs              m_wm.l(fabs.o)
    0x08008470   0x08008470   0x00000012   Code   RO         6356    i.fputc             mc_w.l(fputc.o)
    0x08008482   0x08008482   0x00000002   PAD
    0x08008484   0x08008484   0x00000014   Code   RO         4976    i.getRCData         hw_dbus.o
    0x08008498   0x08008498   0x00000050   Code   RO         2888    i.hardware_init     main.o
    0x080084e8   0x080084e8   0x0000003c   Code   RO         5664    i.invSqrt           quaternionekf.o
    0x08008524   0x08008524   0x00000022   Code   RO         2889    i.main              main.o
    0x08008546   0x08008546   0x00000002   PAD
    0x08008548   0x08008548   0x0000006c   Code   RO         6258    i.malloc            mc_w.l(malloc.o)
    0x080085b4   0x080085b4   0x00000098   Code   RO         4289    i.prvAddCurrentTaskToDelayedList  tasks.o
    0x0800864c   0x0800864c   0x000000b8   Code   RO         4290    i.prvAddNewTaskToReadyList  tasks.o
    0x08008704   0x08008704   0x00000064   Code   RO         4291    i.prvCheckTasksWaitingTermination  tasks.o
    0x08008768   0x08008768   0x00000012   Code   RO         4292    i.prvDeleteTCB      tasks.o
    0x0800877a   0x0800877a   0x00000002   PAD
    0x0800877c   0x0800877c   0x0000007c   Code   RO         4773    i.prvHeapInit       heap_4.o
    0x080087f8   0x080087f8   0x00000028   Code   RO         4293    i.prvIdleTask       tasks.o
    0x08008820   0x08008820   0x000000d0   Code   RO         4294    i.prvInitialiseNewTask  tasks.o
    0x080088f0   0x080088f0   0x00000068   Code   RO         4295    i.prvInitialiseTaskLists  tasks.o
    0x08008958   0x08008958   0x00000068   Code   RO         4774    i.prvInsertBlockIntoFreeList  heap_4.o
    0x080089c0   0x080089c0   0x0000006a   Code   RO         4296    i.prvListTasksWithinSingleList  tasks.o
    0x08008a2a   0x08008a2a   0x00000002   PAD
    0x08008a2c   0x08008a2c   0x00000034   Code   RO         4297    i.prvResetNextTaskUnblockTime  tasks.o
    0x08008a60   0x08008a60   0x00000016   Code   RO         4298    i.prvTaskCheckFreeStackSpace  tasks.o
    0x08008a76   0x08008a76   0x00000002   PAD
    0x08008a78   0x08008a78   0x00000074   Code   RO         4686    i.prvTaskExitError  port.o
    0x08008aec   0x08008aec   0x0000002a   Code   RO         4300    i.prvWriteNameToBuffer  tasks.o
    0x08008b16   0x08008b16   0x00000002   PAD
    0x08008b18   0x08008b18   0x00000154   Code   RO         4775    i.pvPortMalloc      heap_4.o
    0x08008c6c   0x08008c6c   0x0000002c   Code   RO         4687    i.pxPortInitialiseStack  port.o
    0x08008c98   0x08008c98   0x0000002c   Code   RO         4950    i.reset_remote      hw_dbus.o
    0x08008cc4   0x08008cc4   0x00000044   Code   RO         3558    i.sentry_state_reflect  task_actionupdate.o
    0x08008d08   0x08008d08   0x0000006e   Code   RO         5961    i.sqrt              m_wm.l(sqrt.o)
    0x08008d76   0x08008d76   0x0000003e   Code   RO         5973    i.sqrtf             m_wm.l(sqrtf.o)
    0x08008db4   0x08008db4   0x00000158   Code   RO         3043    i.start_task        start_task.o
    0x08008f0c   0x08008f0c   0x0000002c   Code   RO         3044    i.start_the_very_first_task  start_task.o
    0x08008f38   0x08008f38   0x00000030   Code   RO         3559    i.task_ActionUpdate  task_actionupdate.o
    0x08008f68   0x08008f68   0x0000001c   Code   RO         3608    i.task_CV_DataSend  task_cv_datasend.o
    0x08008f84   0x08008f84   0x000001e4   Code   RO         3674    i.task_GimbalR      task_gimbalr.o
    0x08009168   0x08009168   0x000000c0   Code   RO         3483    i.task_Shoot        task_shoot.o
    0x08009228   0x08009228   0x0000001c   Code   RO         3348    i.task_StateLED     task_stateled.o
    0x08009244   0x08009244   0x000000e0   Code   RO         3374    i.task_ZeroCheck    task_zerocheck.o
    0x08009324   0x08009324   0x0000017a   Code   RO         3560    i.update_state_with_RCdata  task_actionupdate.o
    0x0800949e   0x0800949e   0x00000028   Code   RO         4001    i.uxListRemove      list.o
    0x080094c6   0x080094c6   0x00000002   PAD
    0x080094c8   0x080094c8   0x00000028   Code   RO         4304    i.uxTaskGetStackHighWaterMark  tasks.o
    0x080094f0   0x080094f0   0x000000b8   Code   RO         4305    i.uxTaskGetSystemState  tasks.o
    0x080095a8   0x080095a8   0x0000001a   Code   RO         4002    i.vListInitialise   list.o
    0x080095c2   0x080095c2   0x00000006   Code   RO         4003    i.vListInitialiseItem  list.o
    0x080095c8   0x080095c8   0x00000034   Code   RO         4004    i.vListInsert       list.o
    0x080095fc   0x080095fc   0x00000018   Code   RO         4005    i.vListInsertEnd    list.o
    0x08009614   0x08009614   0x00000088   Code   RO         4689    i.vPortEnterCritical  port.o
    0x0800969c   0x0800969c   0x00000070   Code   RO         4690    i.vPortExitCritical  port.o
    0x0800970c   0x0800970c   0x000000b8   Code   RO         4776    i.vPortFree         heap_4.o
    0x080097c4   0x080097c4   0x00000020   Code   RO         4691    i.vPortSetupTimerInterrupt  port.o
    0x080097e4   0x080097e4   0x00000074   Code   RO         4310    i.vTaskDelay        tasks.o
    0x08009858   0x08009858   0x0000010c   Code   RO         4312    i.vTaskDelete       tasks.o
    0x08009964   0x08009964   0x00000078   Code   RO         4314    i.vTaskGetInfo      tasks.o
    0x080099dc   0x080099dc   0x000000d4   Code   RO         4315    i.vTaskGetRunTimeStats  tasks.o
    0x08009ab0   0x08009ab0   0x000000e0   Code   RO         4316    i.vTaskList         tasks.o
    0x08009b90   0x08009b90   0x000000ac   Code   RO         4326    i.vTaskStartScheduler  tasks.o
    0x08009c3c   0x08009c3c   0x00000010   Code   RO         4328    i.vTaskSuspendAll   tasks.o
    0x08009c4c   0x08009c4c   0x000000e8   Code   RO         4329    i.vTaskSwitchContext  tasks.o
    0x08009d34   0x08009d34   0x0000015c   Code   RO         4693    i.xPortStartScheduler  port.o
    0x08009e90   0x08009e90   0x00000060   Code   RO         4331    i.xTaskCreate       tasks.o
    0x08009ef0   0x08009ef0   0x0000000c   Code   RO         4336    i.xTaskGetTickCount  tasks.o
    0x08009efc   0x08009efc   0x00000160   Code   RO         4338    i.xTaskIncrementTick  tasks.o
    0x0800a05c   0x0800a05c   0x00000120   Code   RO         4344    i.xTaskResumeAll    tasks.o
    0x0800a17c   0x0800a17c   0x00000011   Data   RO         2258    .constdata          segger_rtt.o
    0x0800a18d   0x0800a18d   0x00000010   Data   RO         2468    .constdata          segger_rtt_printf.o
    0x0800a19d   0x0800a19d   0x00000001   PAD
    0x0800a19e   0x0800a19e   0x00000301   Data   RO         5350    .constdata          algo_crc.o
    0x0800a49f   0x0800a49f   0x00000001   PAD
    0x0800a4a0   0x0800a4a0   0x00000090   Data   RO         5666    .constdata          quaternionekf.o
    0x0800a530   0x0800a530   0x00000088   Data   RO         5948    .constdata          m_wm.l(pow.o)
    0x0800a5b8   0x0800a5b8   0x00000008   Data   RO         6341    .constdata          m_wm.l(qnan.o)
    0x0800a5c0   0x0800a5c0   0x00000020   Data   RO         6397    Region$$Table       anon$$obj.o


    Execution Region RW_IRAM1 (Exec base: 0x20000000, Load base: 0x0800a5e0, Size: 0x000084b0, Max: 0x00020000, ABSOLUTE, COMPRESSED[0x0000009c])

    Exec Addr    Load Addr    Size         Type   Attr      Idx    E Section Name        Object

    0x20000000   COMPRESSED   0x00000014   Data   RW          136    .data               system_stm32f4xx.o
    0x20000014   COMPRESSED   0x00000010   Data   RW         1000    .data               stm32f4xx_rcc.o
    0x20000024   COMPRESSED   0x00000011   Data   RW         2259    .data               segger_rtt.o
    0x20000035   COMPRESSED   0x00000003   PAD
    0x20000038   COMPRESSED   0x00000024   Data   RW         3046    .data               start_task.o
    0x2000005c   COMPRESSED   0x00000084   Data   RW         3226    .data               taskit_datareceive.o
    0x200000e0   COMPRESSED   0x00000011   Data   RW         3293    .data               task_datasend.o
    0x200000f1   COMPRESSED   0x00000003   PAD
    0x200000f4   COMPRESSED   0x00000004   Data   RW         3434    .data               task_usagecpu.o
    0x200000f8   COMPRESSED   0x00000045   Data   RW         3485    .data               task_shoot.o
    0x2000013d   COMPRESSED   0x00000001   PAD
    0x2000013e   COMPRESSED   0x0000000d   Data   RW         3562    .data               task_actionupdate.o
    0x2000014b   COMPRESSED   0x00000001   PAD
    0x2000014c   COMPRESSED   0x0000002c   Data   RW         3610    .data               task_cv_datasend.o
    0x20000178   COMPRESSED   0x000000b1   Data   RW         3676    .data               task_gimbalr.o
    0x20000229   COMPRESSED   0x00000003   PAD
    0x2000022c   COMPRESSED   0x00000044   Data   RW         4347    .data               tasks.o
    0x20000270   COMPRESSED   0x0000000c   Data   RW         4694    .data               port.o
    0x2000027c   COMPRESSED   0x00000018   Data   RW         4781    .data               heap_4.o
    0x20000294   COMPRESSED   0x00000006   Data   RW         5154    .data               hw_uart4_debugpc.o
    0x2000029a   COMPRESSED   0x00000006   PAD
    0x200002a0   COMPRESSED   0x00000018   Data   RW         5205    .data               counter.o
    0x200002b8   COMPRESSED   0x00000004   Data   RW         5310    .data               tim4.o
    0x200002bc   COMPRESSED   0x00000004   Data   RW         5351    .data               algo_crc.o
    0x200002c0   COMPRESSED   0x00000004   Data   RW         5590    .data               kalman_filter.o
    0x200002c4   COMPRESSED   0x000000d4   Data   RW         5667    .data               quaternionekf.o
    0x20000398   COMPRESSED   0x00000004   Data   RW         6358    .data               mc_w.l(stdout.o)
    0x2000039c   COMPRESSED   0x00000004   Data   RW         6367    .data               mc_w.l(mvars.o)
    0x200003a0   COMPRESSED   0x00000004   Data   RW         6368    .data               mc_w.l(mvars.o)
    0x200003a4   COMPRESSED   0x00000004   Data   RW         6372    .data               mc_w.l(errno.o)
    0x200003a8        -       0x000004b8   Zero   RW         2257    .bss                segger_rtt.o
    0x20000860        -       0x00000018   Zero   RW         2890    .bss                main.o
    0x20000878        -       0x0000001c   Zero   RW         3045    .bss                start_task.o
    0x20000894        -       0x000001f8   Zero   RW         3225    .bss                taskit_datareceive.o
    0x20000a8c        -       0x0000006c   Zero   RW         3292    .bss                task_datasend.o
    0x20000af8        -       0x0000033c   Zero   RW         3433    .bss                task_usagecpu.o
    0x20000e34        -       0x00000294   Zero   RW         3484    .bss                task_shoot.o
    0x200010c8        -       0x00000021   Zero   RW         3609    .bss                task_cv_datasend.o
    0x200010e9   COMPRESSED   0x00000003   PAD
    0x200010ec        -       0x00000888   Zero   RW         3675    .bss                task_gimbalr.o
    0x20001974        -       0x00000038   Zero   RW         3807    .bss                task_ins.o
    0x200019ac        -       0x000002e4   Zero   RW         4346    .bss                tasks.o
    0x20001c90        -       0x00005000   Zero   RW         4780    .bss                heap_4.o
    0x20006c90        -       0x00000050   Zero   RW         4843    .bss                hw_can.o
    0x20006ce0        -       0x00000038   Zero   RW         4951    .bss                hw_dbus.o
    0x20006d18        -       0x00000024   Zero   RW         4991    .bss                hw_usart3_rc.o
    0x20006d3c        -       0x0000000b   Zero   RW         5025    .bss                hw_usart2_pc.o
    0x20006d47        -       0x0000004b   Zero   RW         5153    .bss                hw_uart4_debugpc.o
    0x20006d92   COMPRESSED   0x00000002   PAD
    0x20006d94        -       0x0000000c   Zero   RW         5204    .bss                counter.o
    0x20006da0        -       0x0000009c   Zero   RW         5501    .bss                ins.o
    0x20006e3c   COMPRESSED   0x00000004   PAD
    0x20006e40        -       0x00000270   Zero   RW         5665    .bss                quaternionekf.o
    0x200070b0        -       0x00001000   Zero   RW            2    HEAP                startup_stm32f40_41xxx.o
    0x200080b0        -       0x00000400   Zero   RW            1    STACK               startup_stm32f40_41xxx.o


==============================================================================

Image component sizes


      Code (inc. data)   RO Data    RW Data    ZI Data      Debug   Object Name

       292         26        769          4          0       5130   algo_crc.o
       294          0          0          0          0       1207   algo_pid.o
        88         18          0         24         12       2428   counter.o
         0          0          0          0          0       7248   croutine.o
       752        176          0         24      20480       4091   heap_4.o
      1056         62          0          0         80       5964   hw_can.o
       216         26          0          0         56       2441   hw_dbus.o
       152         18          0          0          0       1691   hw_gpio_led.o
       114          0          0          0          0       1220   hw_tim2_delay.o
       836         78          0          6         75       3828   hw_uart4_debugpc.o
       700         58          0          0         11       2868   hw_usart2_pc.o
       428         36          0          0         36       2076   hw_usart3_rc.o
        72         22          0          0          0       1848   icm20602.o
       120         26          0          0        156      18699   ins.o
      1804         12          0          4          0       3738   kalman_filter.o
       148          0          0          0          0       3334   list.o
       130         14          0          0         24       3748   main.o
       140         24          0          0          0       1583   misc.o
      1022        322          0         12          0      10360   port.o
      2568        160        144        212        624       7927   quaternionekf.o
       710         54         17         17       1208      13011   segger_rtt.o
      1096          6         16          0          0       6125   segger_rtt_printf.o
       388        192          0         36         28       9408   start_task.o
        36          8        392          0       5120        892   startup_stm32f40_41xxx.o
      1654         22          0          0          0       7708   stm32f4xx_can.o
        32          6          0          0          0        588   stm32f4xx_dbgmcu.o
       862         86          0          0          0       9769   stm32f4xx_dma.o
       240          0          0          0          0       3608   stm32f4xx_gpio.o
        20          0          0          0          0     305461   stm32f4xx_it.o
       328         36          0         16          0       4707   stm32f4xx_rcc.o
       238         28          0          0          0       4982   stm32f4xx_tim.o
       486          8          0          0          0       6331   stm32f4xx_usart.o
       340         32          0         20          0       1881   system_stm32f4xx.o
       510         18          0         13          0       4288   task_actionupdate.o
       220         36          0         44         33       4123   task_cv_datasend.o
       800         84          0         17        108       5818   task_datasend.o
      4832        606          0        177       2184      17663   task_gimbalr.o
         0          0          0          0         56        293   task_ins.o
      2068        284          0         69        660       9593   task_shoot.o
        28          0          0          0          0        528   task_stateled.o
       424        226          0          4        828       1588   task_usagecpu.o
       824        116          0          0          0       4878   task_zerocheck.o
      1790        172          0        132        504       9651   taskit_datareceive.o
      3520        732          0         68        740      30642   tasks.o
       132         12          0          4          0       1741   tim4.o
         0          0          0          0          0     297527   user_lib.o

    ----------------------------------------------------------------------
     32548       3842       1372        920      33032     854233   Object Totals
         0          0         32          0          0          0   (incl. Generated)
        38          0          2         17          9          0   (incl. Padding)

    ----------------------------------------------------------------------

      Code (inc. data)   RO Data    RW Data    ZI Data      Debug   Library Member Name

       186          0          0          0          0       1797   arm_mat_add_f32.o
         8          0          0          0          0        841   arm_mat_init_f32.o
       756          4          0          0          0       3732   arm_mat_inverse_f32.o
       296          4          0          0          0       2300   arm_mat_mult_f32.o
       186          0          0          0          0       1795   arm_mat_sub_f32.o
       162          0          0          0          0       1865   arm_mat_trans_f32.o
       280         46          0          0          0        176   acosf.o
       164         44          0          0          0        620   dunder.o
        24          0          0          0          0        124   fabs.o
        48          0          0          0          0        124   fpclassify.o
        22          6          0          0          0        232   funder.o
       248          0          0          0          0        152   poly.o
      3152        296        136          0          0        352   pow.o
         0          0          8          0          0          0   qnan.o
       232          0          0          0          0        296   sqrt.o
        62          0          0          0          0        136   sqrtf.o
        86          0          0          0          0          0   __dczerorl2.o
         0          0          0          0          0          0   entry.o
         0          0          0          0          0          0   entry10a.o
         0          0          0          0          0          0   entry11a.o
         8          4          0          0          0          0   entry2.o
         4          0          0          0          0          0   entry5.o
         0          0          0          0          0          0   entry7b.o
         0          0          0          0          0          0   entry8b.o
         8          4          0          0          0          0   entry9a.o
        12          6          0          4          0         68   errno.o
        18          0          0          0          0         80   fputc.o
        30          0          0          0          0          0   handlers.o
        36          8          0          0          0         68   init.o
         0          0          0          0          0          0   iusefp.o
         0          0          0          0          0          0   iusesemip.o
        30          0          0          0          0         68   llshl.o
        36          0          0          0          0         68   llsshr.o
        32          0          0          0          0         68   llushr.o
       108         16          0          0          0         84   malloc.o
        36          0          0          0          0         68   memcpya.o
        36          0          0          0          0        108   memseta.o
         0          0          0          8          0          0   mvars.o
       522         20          0          0          0        336   printf3.o
         0          0          0          0          0          0   semi.o
         0          0          0          4          0          0   stdout.o
        18          0          0          0          0         68   strcpy.o
        14          0          0          0          0         68   strlen.o
        44          0          0          0          0         80   uidiv.o
        48          0          0          0          0         68   cdrcmple.o
        56          0          0          0          0         88   d2f.o
       334          0          0          0          0        148   dadd.o
       222          0          0          0          0        100   ddiv.o
       186          0          0          0          0        176   depilogue.o
        34          0          0          0          0         76   dflti.o
       228          0          0          0          0         96   dmul.o
        46          0          0          0          0         80   dscalb.o
       162          0          0          0          0        100   dsqrt.o
        38          0          0          0          0         68   f2d.o
       110          0          0          0          0        168   fepilogue.o

    ----------------------------------------------------------------------
      8400        462        144         16          0      16942   Library Totals
        32          4          0          0          0          0   (incl. Padding)

    ----------------------------------------------------------------------

      Code (inc. data)   RO Data    RW Data    ZI Data      Debug   Library Name

      1594          8          0          0          0      12330   arm_cortexM4lf_math.lib
      4232        392        144          0          0       2212   m_wm.l
      1078         58          0         16          0       1232   mc_w.l
      1464          0          0          0          0       1168   mf_w.l

    ----------------------------------------------------------------------
      8400        462        144         16          0      16942   Library Totals

    ----------------------------------------------------------------------

==============================================================================


      Code (inc. data)   RO Data    RW Data    ZI Data      Debug   

     40948       4304       1516        936      33032     847631   Grand Totals
     40948       4304       1516        156      33032     847631   ELF Image Totals (compressed)
     40948       4304       1516        156          0          0   ROM Totals

==============================================================================

    Total RO  Size (Code + RO Data)                42464 (  41.47kB)
    Total RW  Size (RW Data + ZI Data)             33968 (  33.17kB)
    Total ROM Size (Code + RO Data + RW Data)      42620 (  41.62kB)

==============================================================================

