<html>
<body>
<pre>
<h1>µVision Build Log</h1>
<h2>Tool Versions:</h2>
IDE-Version: ¦ÌVision V5.30.0.0
Copyright (C) 2020 ARM Ltd and ARM Germany GmbH. All rights reserved.
License Information: l wm, hust, LIC=X1E4T-RJNU2-INMA7-ES4DX-ZWPZU-KL24V
 
Tool Versions:
Toolchain:       MDK-ARM Professional  Version: 5.30.0.0
Toolchain Path:  D:\LangYa\Software\Keil\Keil5\ARM\ARMCC\Bin
C Compiler:      Armcc.exe V5.06 update 6 (build 750)
Assembler:       Armasm.exe V5.06 update 6 (build 750)
Linker/Locator:  ArmLink.exe V5.06 update 6 (build 750)
Library Manager: ArmAr.exe V5.06 update 6 (build 750)
Hex Converter:   FromElf.exe V5.06 update 6 (build 750)
CPU DLL:         SARMCM3.DLL V5.30.0.0
Dialog DLL:      DCM.DLL V1.17.3.0
Target DLL:      Segger\JL2CM3.dll V2.99.18.0
Dialog DLL:      TCM.DLL V1.42.0.0
 
<h2>Project:</h2>
D:\LangYa\RM\HUST_RoboMaster2023\Sentry_Git\Sentry\Chassis\ChassisV1.0\F405_Chassis\User\HUST RM .uvprojx
Project File Date:  05/05/2023

<h2>Output:</h2>
*** Using Compiler 'V5.06 update 6 (build 750)', folder: 'D:\LangYa\Software\Keil\Keil5\ARM\ARMCC\Bin'
Build target 'Target 1'
compiling DataReceiveTask.c...
..\Task\DataReceiveTask.c(161): warning:  #177-D: variable "i"  was declared but never referenced
  							int i = 0;
..\Task\DataReceiveTask.c: 1 warning, 0 errors
compiling ChassisTask.c...
..\Task\ChassisTask.c(122): warning:  #177-D: variable "k_ExcessPower"  was declared but never referenced
  	static float k_ExcessPower;
..\Task\ChassisTask.c(498): warning:  #177-D: variable "angle"  was declared but never referenced
  	int angle;
..\Task\ChassisTask.c(746): warning:  #177-D: variable "Toword"  was declared but never referenced
  	static uint8_t Toword = 1;
..\Task\ChassisTask.c: 3 warnings, 0 errors
linking...
Program Size: Code=38456 RO-data=74516 RW-data=868 ZI-data=28612  
".\Objects\HUST RM.axf" - 0 Error(s), 4 Warning(s).

<h2>Software Packages used:</h2>

Package Vendor: ARM
                http://www.keil.com/pack/ARM.CMSIS.5.7.0.pack
                ARM.CMSIS.5.7.0
                CMSIS (Cortex Microcontroller Software Interface Standard)
   * Component: DSP Variant: Library Version: 1.8.0

Package Vendor: Keil
                http://www.keil.com/pack/Keil.STM32F4xx_DFP.2.16.0.pack
                Keil.STM32F4xx_DFP.2.16.0
                STMicroelectronics STM32F4 Series Device Support, Drivers and Examples

<h2>Collection of Component include folders:</h2>
  .\RTE\_Target_1
  D:\LangYa\Software\Keil\Arm\ARM\CMSIS\5.7.0\CMSIS\DSP\Include
  D:\LangYa\Software\Keil\Arm\Keil\STM32F4xx_DFP\2.16.0\Drivers\CMSIS\Device\ST\STM32F4xx\Include

<h2>Collection of Component Files used:</h2>

   * Component: ARM::CMSIS:DSP:Library:1.8.0
      Library file:  CMSIS\DSP\Lib\ARM\arm_cortexM4lf_math.lib
      Include file:  CMSIS\DSP\Include\arm_math.h
Build Time Elapsed:  00:00:02
</pre>
</body>
</html>
